2026-09-03 13:38:35 引き継ぎ計測: 傾き9.0度 角速度0.51rad/s 開始姿勢のずれ 最大0.26rad (right_hip_pitch 0.26, left_hip_pitch 0.22, right_ankle_pitch 0.19)
2026-09-03 13:38:35 ヨー合わせ: 実測の向きが参照より+4.1度ずれていたので参照側の座標系へ揃えました(2026-08-27より。これをしないと方策は向きの修正を同時にやろうとして膝の左右差が開きます)
2026-09-03 13:38:35 補助: ★未記入 — 記録してください  ★立つモードで自立できていたかどうかが結果を決めている疑い
2026-09-03 13:38:35 ── run001 開始 (cockpit_20260903_133833)
2026-09-03 13:38:35 フェーズ開始: sit_up_ln23_r2(395コマ / 7.9秒)  温度 膝 L38/R38度  足首 L46/R47度  最大48度(j14)
2026-09-03 13:38:35 方策開始: 1コマ目の跳び 0.040rad (left_ankle_pitch / 2N·m)  ランプ 0.30秒 / 参照ブレンド 0.50秒  ※完走回の実測は0.459/0.556rad・転倒回は0.404〜0.718
2026-09-03 13:38:43 制御周期: 中央20.4ms 最大33.6ms (49Hz / 規定50Hz)  25ms超え16%  推論 中央14.1ms 最大24.2ms  ※正常時の実測は 中央20.0ms / 25ms超え24%
2026-09-03 13:38:43 開始直後(0.6秒)の脚腰の追従誤差 最大 0.358rad (right_ankle_pitch)  ※完走回の実測は最大0.949・転倒回は1.112(2026-08-26時点)
2026-09-03 13:38:43 フェーズ完走: sit_up_ln23_r2  温度 膝 L38/R38度  足首 L46/R47度  最大48度(j14)
2026-09-03 13:38:43 sit_up_ln23_r2 完了。全フェーズ終了 — 方策で姿勢維持中
2026-09-03 13:39:54 ★DAMP: 制御ループ例外: BadZipFile: Overlapped entries: 'ref_z.npy' (possible zip bomb)
2026-09-03 13:40:02 E-STOPラッチを解除しました(標準モード zero)
2026-09-03 13:40:02 標準モード zero
2026-09-03 13:40:11 ★DAMP: 操作者による緊急停止
2026-09-03 13:40:11 (標準モード中のE-STOP: SDKのDampを送信済み)
2026-09-03 13:40:19 E-STOPラッチを解除しました(標準モード zero)
2026-09-03 13:40:19 標準モード zero
2026-09-03 13:40:31 標準モード stand
2026-09-03 13:40:33 標準モード stand
2026-09-03 13:40:39 標準モード damp
2026-09-03 13:40:42 標準モード stand
2026-09-03 13:40:58 方策 sit_up_ln23_r2 を読み込みました。UserCtrl へ入ります
2026-09-03 13:40:58 UserCtrl進入: いまのFSM = 4
2026-09-03 13:40:58 ★FSM 802(走行)へ遷移します — 走行制御が動きます。リモコンE-STOPを握ってください
2026-09-03 13:40:58 FSM 802 に到達(0.4秒)
2026-09-03 13:40:59 802で静止待ち 0.6秒 (関節速度 最大0.145rad/s)
2026-09-03 13:40:59 SwitchToUserCtrl(7110) → code=0 (0.00秒)  ※このACKは成否を表さない
2026-09-03 13:40:59 FSM 1000(UserCtrl)を確認(0.0秒)
2026-09-03 13:40:59 所有を確認: 左肩ピッチ +0.060rad指令 → 実測0.052rad / トルク-0.3Nm  掴んだ姿勢からのずれ 0.047rad
2026-09-03 13:40:59 ★UserCtrl取得 → 待たずに方策を開始します(静的保持を挟まない)
2026-09-03 13:40:59 引き継ぎ計測: 傾き1.5度 角速度0.10rad/s 開始姿勢のずれ 最大0.26rad (right_knee 0.26, left_knee 0.24, right_hip_pitch 0.19)
2026-09-03 13:40:59 ヨー合わせ: 実測の向きが参照より+3.6度ずれていたので参照側の座標系へ揃えました(2026-08-27より。これをしないと方策は向きの修正を同時にやろうとして膝の左右差が開きます)
2026-09-03 13:40:59 補助: ★未記入 — 記録してください  ★立つモードで自立できていたかどうかが結果を決めている疑い
2026-09-03 13:40:59 ── run002 開始 (cockpit_20260903_133833)
2026-09-03 13:40:59 フェーズ開始: sit_up_ln23_r2(395コマ / 7.9秒)  温度 膝 L38/R38度  足首 L46/R47度  最大51度(j22)
2026-09-03 13:40:59 方策開始: 1コマ目の跳び 0.044rad (left_ankle_pitch / 2N·m)  ランプ 0.30秒 / 参照ブレンド 0.50秒  ※完走回の実測は0.459/0.556rad・転倒回は0.404〜0.718
2026-09-03 13:41:02 ★DAMP: 制御ループ例外: BadZipFile: Overlapped entries: 'ref_xy_abs.npy' (possible zip bomb)
2026-09-03 13:41:32 E-STOPラッチを解除しました(標準モード zero)
2026-09-03 13:41:33 標準モード zero
2026-09-03 13:41:44 標準モード damp
2026-09-03 13:41:49 標準モード stand
2026-09-03 13:42:01 方策 sit_up_ln23_r2 を読み込みました。UserCtrl へ入ります
2026-09-03 13:42:02 UserCtrl進入: いまのFSM = 4
2026-09-03 13:42:02 ★FSM 802(走行)へ遷移します — 走行制御が動きます。リモコンE-STOPを握ってください
2026-09-03 13:42:02 FSM 802 に到達(0.4秒)
2026-09-03 13:42:02 802で静止待ち 0.4秒 (関節速度 最大0.057rad/s)
2026-09-03 13:42:03 SwitchToUserCtrl(7110) → code=0 (0.00秒)  ※このACKは成否を表さない
2026-09-03 13:42:03 FSM 1000 の確認に 0.2秒 かかりました(経過 802→1000)
2026-09-03 13:42:03 FSM 1000(UserCtrl)を確認(0.2秒)
2026-09-03 13:42:03 所有を確認: 左肩ピッチ +0.060rad指令 → 実測0.070rad / トルク-2.0Nm  掴んだ姿勢からのずれ 0.167rad
2026-09-03 13:42:03 ★UserCtrl取得 → 待たずに方策を開始します(静的保持を挟まない)
2026-09-03 13:42:03 引き継ぎ計測: 傾き8.9度 角速度0.48rad/s 開始姿勢のずれ 最大0.28rad (right_hip_pitch 0.28, left_hip_pitch 0.25, right_ankle_pitch 0.19)
2026-09-03 13:42:03 ヨー合わせ: 実測の向きが参照より+14.4度ずれていたので参照側の座標系へ揃えました(2026-08-27より。これをしないと方策は向きの修正を同時にやろうとして膝の左右差が開きます)
2026-09-03 13:42:03 補助: ★未記入 — 記録してください  ★立つモードで自立できていたかどうかが結果を決めている疑い
2026-09-03 13:42:03 ── run003 開始 (cockpit_20260903_133833)
2026-09-03 13:42:03 フェーズ開始: sit_up_ln23_r2(395コマ / 7.9秒)  温度 膝 L38/R38度  足首 L46/R47度  最大50度(j22)
2026-09-03 13:42:03 方策開始: 1コマ目の跳び 0.046rad (left_ankle_pitch / 2N·m)  ランプ 0.30秒 / 参照ブレンド 0.50秒  ※完走回の実測は0.459/0.556rad・転倒回は0.404〜0.718
2026-09-03 13:42:05 ★DAMP: 制御ループ例外: BadZipFile: Overlapped entries: 'ref_quat.npy' (possible zip bomb)
2026-09-03 13:42:43 E-STOPラッチを解除しました(標準モード zero)
2026-09-03 13:42:43 ★標準モード zero を処理中です。少し待ってください
2026-09-03 13:42:43 標準モード zero
2026-09-03 13:42:57 標準モード damp
2026-09-03 13:42:57 標準モード zero
2026-09-03 13:43:58 標準モード zero
2026-09-03 13:43:59 標準モード damp
2026-09-03 13:44:00 標準モード zero
