2026-09-02 14:04:55 引き継ぎ計測: 傾き8.6度 角速度0.38rad/s 開始姿勢のずれ 最大0.30rad (right_hip_pitch 0.30, left_hip_pitch 0.24, right_ankle_pitch 0.20)
2026-09-02 14:04:55 ヨー合わせ: 実測の向きが参照より+51.5度ずれていたので参照側の座標系へ揃えました(2026-08-27より。これをしないと方策は向きの修正を同時にやろうとして膝の左右差が開きます)
2026-09-02 14:04:55 補助: ★未記入 — 記録してください  ★立つモードで自立できていたかどうかが結果を決めている疑い
2026-09-02 14:04:55 ── run001 開始 (cockpit_20260902_140453)
2026-09-02 14:04:55 フェーズ開始: sit_up_ln21_r2(395コマ / 7.9秒)  温度 膝 L35/R35度  足首 L42/R42度  最大46度(j22)
2026-09-02 14:04:55 方策開始: 1コマ目の跳び 0.025rad (right_ankle_pitch / 1N·m)  ランプ 0.30秒 / 参照ブレンド 0.50秒  ※完走回の実測は0.459/0.556rad・転倒回は0.404〜0.718
2026-09-02 14:05:00 打ち切り 247コマ(4.94秒)。以降はこのコマの姿勢で保持します(最終コマではなく★打ち切ったコマ。2026-08-28修正)
2026-09-02 14:05:00 制御周期: 中央20.1ms 最大42.1ms (50Hz / 規定50Hz)  25ms超え26%  推論 中央4.4ms 最大31.9ms  ※正常時の実測は 中央20.0ms / 25ms超え24%
2026-09-02 14:05:00 開始直後(0.6秒)の脚腰の追従誤差 最大 0.847rad (left_ankle_pitch)  ※完走回の実測は最大0.949・転倒回は1.112(2026-08-26時点)
2026-09-02 14:05:00 フェーズ完走: sit_up_ln21_r2  温度 膝 L35/R35度  足首 L42/R42度  最大46度(j22)
2026-09-02 14:05:00 sit_up_ln21_r2 完了。全フェーズ終了 — 方策で姿勢維持中
2026-09-02 14:05:07 腕の残差スケール: 0.70 — 腕は参照の30%%ぶん方策の補正を受けなくなります
2026-09-02 14:05:14 腕の残差スケール: 0.80 — 腕は参照の20%%ぶん方策の補正を受けなくなります
2026-09-02 14:05:16 標準モード damp
2026-09-02 14:05:35 標準モード zero
2026-09-02 14:05:44 標準モード damp
2026-09-02 14:05:51 標準モード stand
2026-09-02 14:06:08 方策 sit_up_ln21_r2 を読み込みました。UserCtrl へ入ります
2026-09-02 14:06:08 UserCtrl進入: いまのFSM = 4
2026-09-02 14:06:08 ★FSM 802(走行)へ遷移します — 走行制御が動きます。リモコンE-STOPを握ってください
2026-09-02 14:06:09 FSM 802 に到達(0.4秒)
2026-09-02 14:06:09 802で静止待ち 0.4秒 (関節速度 最大0.066rad/s)
2026-09-02 14:06:09 SwitchToUserCtrl(7110) → code=0 (0.00秒)  ※このACKは成否を表さない
2026-09-02 14:06:09 FSM 1000(UserCtrl)を確認(0.2秒)
2026-09-02 14:06:10 所有を確認: 左肩ピッチ +0.060rad指令 → 実測0.070rad / トルク-2.2Nm  掴んだ姿勢からのずれ 0.195rad
2026-09-02 14:06:10 ★UserCtrl取得 → 待たずに方策を開始します(静的保持を挟まない)
2026-09-02 14:06:10 引き継ぎ計測: 傾き8.3度 角速度0.37rad/s 開始姿勢のずれ 最大0.26rad (left_ankle_pitch 0.26, right_hip_pitch 0.25, left_hip_pitch 0.24)
2026-09-02 14:06:10 ヨー合わせ: 実測の向きが参照より+54.1度ずれていたので参照側の座標系へ揃えました(2026-08-27より。これをしないと方策は向きの修正を同時にやろうとして膝の左右差が開きます)
2026-09-02 14:06:10 補助: ★未記入 — 記録してください  ★立つモードで自立できていたかどうかが結果を決めている疑い
2026-09-02 14:06:10 ── run002 開始 (cockpit_20260902_140453)
2026-09-02 14:06:10 フェーズ開始: sit_up_ln21_r2(395コマ / 7.9秒)  温度 膝 L35/R35度  足首 L42/R43度  最大46度(j22)
2026-09-02 14:06:10 方策開始: 1コマ目の跳び 0.029rad (left_ankle_pitch / 1N·m)  ランプ 0.30秒 / 参照ブレンド 0.50秒  ※完走回の実測は0.459/0.556rad・転倒回は0.404〜0.718
2026-09-02 14:06:15 打ち切り 247コマ(4.94秒)。以降はこのコマの姿勢で保持します(最終コマではなく★打ち切ったコマ。2026-08-28修正)
2026-09-02 14:06:15 制御周期: 中央20.1ms 最大47.2ms (50Hz / 規定50Hz)  25ms超え21%  推論 中央3.1ms 最大28.2ms  ※正常時の実測は 中央20.0ms / 25ms超え24%
2026-09-02 14:06:15 開始直後(0.6秒)の脚腰の追従誤差 最大 1.090rad (left_ankle_pitch)  ※完走回の実測は最大0.949・転倒回は1.112(2026-08-26時点)
2026-09-02 14:06:15 フェーズ完走: sit_up_ln21_r2  温度 膝 L35/R35度  足首 L42/R43度  最大46度(j22)
2026-09-02 14:06:15 sit_up_ln21_r2 完了。全フェーズ終了 — 方策で姿勢維持中
2026-09-02 14:06:18 腕の残差スケール: 1.00(従来どおり)
2026-09-02 14:06:22 標準モード damp
2026-09-02 14:06:35 標準モード zero
2026-09-02 14:06:54 標準モード damp
2026-09-02 14:07:03 標準モード stand
2026-09-02 14:07:28 方策 sit_up_ln21_r2 を読み込みました。UserCtrl へ入ります
2026-09-02 14:07:28 UserCtrl進入: いまのFSM = 4
2026-09-02 14:07:28 ★FSM 802(走行)へ遷移します — 走行制御が動きます。リモコンE-STOPを握ってください
2026-09-02 14:07:28 FSM 802 に到達(0.4秒)
2026-09-02 14:07:29 802で静止待ち 0.5秒 (関節速度 最大0.147rad/s)
2026-09-02 14:07:29 SwitchToUserCtrl(7110) → code=0 (0.00秒)  ※このACKは成否を表さない
2026-09-02 14:07:29 FSM 1000(UserCtrl)を確認(0.0秒)
2026-09-02 14:07:29 所有を確認: 左肩ピッチ +0.060rad指令 → 実測0.056rad / トルク-0.6Nm  掴んだ姿勢からのずれ 0.054rad
2026-09-02 14:07:29 ★UserCtrl取得 → 待たずに方策を開始します(静的保持を挟まない)
2026-09-02 14:07:29 引き継ぎ計測: 傾き4.1度 角速度0.25rad/s 開始姿勢のずれ 最大0.22rad (right_hip_pitch 0.22, left_hip_pitch 0.17, right_knee 0.11)
2026-09-02 14:07:29 ヨー合わせ: 実測の向きが参照より+47.8度ずれていたので参照側の座標系へ揃えました(2026-08-27より。これをしないと方策は向きの修正を同時にやろうとして膝の左右差が開きます)
2026-09-02 14:07:29 補助: ★未記入 — 記録してください  ★立つモードで自立できていたかどうかが結果を決めている疑い
2026-09-02 14:07:29 ── run003 開始 (cockpit_20260902_140453)
2026-09-02 14:07:29 フェーズ開始: sit_up_ln21_r2(395コマ / 7.9秒)  温度 膝 L35/R35度  足首 L43/R43度  最大46度(j14)
2026-09-02 14:07:29 方策開始: 1コマ目の跳び 0.025rad (right_ankle_pitch / 1N·m)  ランプ 0.30秒 / 参照ブレンド 0.50秒  ※完走回の実測は0.459/0.556rad・転倒回は0.404〜0.718
2026-09-02 14:07:34 打ち切り 247コマ(4.94秒)。以降はこのコマの姿勢で保持します(最終コマではなく★打ち切ったコマ。2026-08-28修正)
2026-09-02 14:07:34 制御周期: 中央20.1ms 最大45.6ms (50Hz / 規定50Hz)  25ms超え26%  推論 中央2.6ms 最大27.5ms  ※正常時の実測は 中央20.0ms / 25ms超え24%
2026-09-02 14:07:34 開始直後(0.6秒)の脚腰の追従誤差 最大 0.554rad (left_ankle_pitch)  ※完走回の実測は最大0.949・転倒回は1.112(2026-08-26時点)
2026-09-02 14:07:34 フェーズ完走: sit_up_ln21_r2  温度 膝 L35/R35度  足首 L43/R43度  最大46度(j14)
2026-09-02 14:07:34 sit_up_ln21_r2 完了。全フェーズ終了 — 方策で姿勢維持中
2026-09-02 14:07:44 腕の残差スケール: 0.90 — 腕は参照の10%%ぶん方策の補正を受けなくなります
2026-09-02 14:07:47 標準モード damp
2026-09-02 14:07:51 標準モード zero
2026-09-02 14:08:17 標準モード damp
2026-09-02 14:08:26 標準モード stand
2026-09-02 14:08:44 方策 sit_up_ln21_r2 を読み込みました。UserCtrl へ入ります
2026-09-02 14:08:44 UserCtrl進入: いまのFSM = 4
2026-09-02 14:08:44 ★FSM 802(走行)へ遷移します — 走行制御が動きます。リモコンE-STOPを握ってください
2026-09-02 14:08:45 FSM 802 に到達(0.4秒)
2026-09-02 14:08:45 802で静止待ち 0.5秒 (関節速度 最大0.041rad/s)
2026-09-02 14:08:45 SwitchToUserCtrl(7110) → code=0 (0.00秒)  ※このACKは成否を表さない
2026-09-02 14:08:46 FSM 1000(UserCtrl)を確認(0.2秒)
2026-09-02 14:08:46 所有を確認: 左肩ピッチ +0.060rad指令 → 実測0.066rad / トルク-1.7Nm  掴んだ姿勢からのずれ 0.162rad
2026-09-02 14:08:46 ★UserCtrl取得 → 待たずに方策を開始します(静的保持を挟まない)
2026-09-02 14:08:46 引き継ぎ計測: 傾き6.7度 角速度0.33rad/s 開始姿勢のずれ 最大0.24rad (left_hip_pitch 0.24, right_hip_pitch 0.19, left_ankle_pitch 0.17)
2026-09-02 14:08:46 ヨー合わせ: 実測の向きが参照より+47.5度ずれていたので参照側の座標系へ揃えました(2026-08-27より。これをしないと方策は向きの修正を同時にやろうとして膝の左右差が開きます)
2026-09-02 14:08:46 補助: ★未記入 — 記録してください  ★立つモードで自立できていたかどうかが結果を決めている疑い
2026-09-02 14:08:46 ── run004 開始 (cockpit_20260902_140453)
2026-09-02 14:08:46 フェーズ開始: sit_up_ln21_r2(395コマ / 7.9秒)  温度 膝 L35/R35度  足首 L43/R43度  最大47度(j22)
2026-09-02 14:08:46 方策開始: 1コマ目の跳び 0.024rad (left_ankle_pitch / 1N·m)  ランプ 0.30秒 / 参照ブレンド 0.50秒  ※完走回の実測は0.459/0.556rad・転倒回は0.404〜0.718
2026-09-02 14:08:50 標準モード damp
2026-09-02 14:09:13 標準モード zero
2026-09-02 14:09:19 腕の残差スケール: 1.00(従来どおり)
2026-09-02 14:09:59 標準モード damp
2026-09-02 14:10:08 標準モード stand
2026-09-02 14:10:13 ★接地チェックは制御権を持っているときだけ。[⤓ 開始姿勢へ] のあとに押してください
2026-09-02 14:10:41 方策 sit_up_ln21_r2 を読み込みました。UserCtrl へ入ります
2026-09-02 14:10:41 UserCtrl進入: いまのFSM = 4
2026-09-02 14:10:41 ★FSM 802(走行)へ遷移します — 走行制御が動きます。リモコンE-STOPを握ってください
2026-09-02 14:10:41 FSM 802 に到達(0.4秒)
2026-09-02 14:10:42 802で静止待ち 0.4秒 (関節速度 最大0.086rad/s)
2026-09-02 14:10:42 SwitchToUserCtrl(7110) → code=0 (0.00秒)  ※このACKは成否を表さない
2026-09-02 14:10:42 FSM 1000(UserCtrl)を確認(0.0秒)
2026-09-02 14:10:42 所有を確認: 左肩ピッチ +0.060rad指令 → 実測0.064rad / トルク-1.1Nm  掴んだ姿勢からのずれ 0.070rad
2026-09-02 14:10:42 ★UserCtrl取得 → 待たずに方策を開始します(静的保持を挟まない)
2026-09-02 14:10:42 引き継ぎ計測: 傾き4.0度 角速度0.34rad/s 開始姿勢のずれ 最大0.19rad (left_hip_pitch 0.19, right_hip_pitch 0.19, right_hip_yaw 0.10)
2026-09-02 14:10:42 ヨー合わせ: 実測の向きが参照より+48.8度ずれていたので参照側の座標系へ揃えました(2026-08-27より。これをしないと方策は向きの修正を同時にやろうとして膝の左右差が開きます)
2026-09-02 14:10:42 補助: ★未記入 — 記録してください  ★立つモードで自立できていたかどうかが結果を決めている疑い
2026-09-02 14:10:42 ── run005 開始 (cockpit_20260902_140453)
2026-09-02 14:10:42 フェーズ開始: sit_up_ln21_r2(395コマ / 7.9秒)  温度 膝 L36/R35度  足首 L43/R43度  最大47度(j22)
2026-09-02 14:10:42 方策開始: 1コマ目の跳び 0.021rad (left_ankle_pitch / 1N·m)  ランプ 0.30秒 / 参照ブレンド 0.50秒  ※完走回の実測は0.459/0.556rad・転倒回は0.404〜0.718
2026-09-02 14:10:47 打ち切り 247コマ(4.94秒)。以降はこのコマの姿勢で保持します(最終コマではなく★打ち切ったコマ。2026-08-28修正)
2026-09-02 14:10:47 制御周期: 中央20.2ms 最大43.8ms (50Hz / 規定50Hz)  25ms超え28%  推論 中央6.1ms 最大32.8ms  ※正常時の実測は 中央20.0ms / 25ms超え24%
2026-09-02 14:10:47 開始直後(0.6秒)の脚腰の追従誤差 最大 0.871rad (left_ankle_pitch)  ※完走回の実測は最大0.949・転倒回は1.112(2026-08-26時点)
2026-09-02 14:10:47 フェーズ完走: sit_up_ln21_r2  温度 膝 L36/R35度  足首 L43/R43度  最大47度(j22)
2026-09-02 14:10:47 sit_up_ln21_r2 完了。全フェーズ終了 — 方策で姿勢維持中
2026-09-02 14:10:56 標準モード damp
2026-09-02 14:11:03 標準モード zero
2026-09-02 14:11:42 標準モード damp
2026-09-02 14:11:45 腕の残差の対象: 腕14関節すべて
2026-09-02 14:11:47 標準モード stand
2026-09-02 14:12:02 方策 sit_up_ln21_r2 を読み込みました。UserCtrl へ入ります
2026-09-02 14:12:02 UserCtrl進入: いまのFSM = 4
2026-09-02 14:12:02 ★FSM 802(走行)へ遷移します — 走行制御が動きます。リモコンE-STOPを握ってください
2026-09-02 14:12:02 FSM 802 に到達(0.4秒)
2026-09-02 14:12:02 802で静止待ち 0.2秒 (関節速度 最大0.110rad/s)
2026-09-02 14:12:03 SwitchToUserCtrl(7110) → code=0 (0.00秒)  ※このACKは成否を表さない
2026-09-02 14:12:03 FSM 1000(UserCtrl)を確認(0.2秒)
2026-09-02 14:12:03 所有を確認: 左肩ピッチ +0.060rad指令 → 実測0.070rad / トルク-2.2Nm  掴んだ姿勢からのずれ 0.190rad
2026-09-02 14:12:03 ★UserCtrl取得 → 待たずに方策を開始します(静的保持を挟まない)
2026-09-02 14:12:03 引き継ぎ計測: 傾き8.3度 角速度0.48rad/s 開始姿勢のずれ 最大0.25rad (left_ankle_pitch 0.25, left_hip_pitch 0.25, right_hip_pitch 0.22)
2026-09-02 14:12:03 ヨー合わせ: 実測の向きが参照より+47.1度ずれていたので参照側の座標系へ揃えました(2026-08-27より。これをしないと方策は向きの修正を同時にやろうとして膝の左右差が開きます)
2026-09-02 14:12:03 補助: ★未記入 — 記録してください  ★立つモードで自立できていたかどうかが結果を決めている疑い
2026-09-02 14:12:03 ── run006 開始 (cockpit_20260902_140453)
2026-09-02 14:12:03 フェーズ開始: sit_up_ln21_r2(395コマ / 7.9秒)  温度 膝 L36/R35度  足首 L43/R43度  最大47度(j14)
2026-09-02 14:12:03 方策開始: 1コマ目の跳び 0.027rad (left_ankle_pitch / 1N·m)  ランプ 0.30秒 / 参照ブレンド 0.50秒  ※完走回の実測は0.459/0.556rad・転倒回は0.404〜0.718
2026-09-02 14:12:08 打ち切り 247コマ(4.94秒)。以降はこのコマの姿勢で保持します(最終コマではなく★打ち切ったコマ。2026-08-28修正)
2026-09-02 14:12:08 制御周期: 中央20.2ms 最大44.6ms (50Hz / 規定50Hz)  25ms超え21%  推論 中央2.9ms 最大33.3ms  ※正常時の実測は 中央20.0ms / 25ms超え24%
2026-09-02 14:12:08 開始直後(0.6秒)の脚腰の追従誤差 最大 0.982rad (left_ankle_pitch)  ※完走回の実測は最大0.949・転倒回は1.112(2026-08-26時点)
2026-09-02 14:12:08 フェーズ完走: sit_up_ln21_r2  温度 膝 L36/R35度  足首 L43/R44度  最大47度(j14)
2026-09-02 14:12:08 sit_up_ln21_r2 完了。全フェーズ終了 — 方策で姿勢維持中
2026-09-02 14:12:22 標準モード damp
2026-09-02 14:12:33 標準モード zero
2026-09-02 14:12:46 標準モード damp
2026-09-02 14:12:52 標準モード stand
2026-09-02 14:13:08 方策 sit_up_ln21_r2 を読み込みました。UserCtrl へ入ります
2026-09-02 14:13:08 UserCtrl進入: いまのFSM = 4
2026-09-02 14:13:08 ★FSM 802(走行)へ遷移します — 走行制御が動きます。リモコンE-STOPを握ってください
2026-09-02 14:13:09 FSM 802 に到達(0.4秒)
2026-09-02 14:13:09 802で静止待ち 0.5秒 (関節速度 最大0.085rad/s)
2026-09-02 14:13:09 SwitchToUserCtrl(7110) → code=0 (0.00秒)  ※このACKは成否を表さない
2026-09-02 14:13:09 FSM 1000(UserCtrl)を確認(0.2秒)
2026-09-02 14:13:10 所有を確認: 左肩ピッチ +0.060rad指令 → 実測0.069rad / トルク-2.0Nm  掴んだ姿勢からのずれ 0.170rad
2026-09-02 14:13:10 ★UserCtrl取得 → 待たずに方策を開始します(静的保持を挟まない)
2026-09-02 14:13:10 引き継ぎ計測: 傾き8.2度 角速度0.42rad/s 開始姿勢のずれ 最大0.26rad (right_hip_pitch 0.26, left_hip_pitch 0.25, right_ankle_pitch 0.19)
2026-09-02 14:13:10 ヨー合わせ: 実測の向きが参照より+47.8度ずれていたので参照側の座標系へ揃えました(2026-08-27より。これをしないと方策は向きの修正を同時にやろうとして膝の左右差が開きます)
2026-09-02 14:13:10 補助: ★未記入 — 記録してください  ★立つモードで自立できていたかどうかが結果を決めている疑い
2026-09-02 14:13:10 ── run007 開始 (cockpit_20260902_140453)
2026-09-02 14:13:10 フェーズ開始: sit_up_ln21_r2(395コマ / 7.9秒)  温度 膝 L36/R35度  足首 L43/R44度  最大48度(j22)
2026-09-02 14:13:10 方策開始: 1コマ目の跳び 0.025rad (right_ankle_pitch / 1N·m)  ランプ 0.30秒 / 参照ブレンド 0.50秒  ※完走回の実測は0.459/0.556rad・転倒回は0.404〜0.718
2026-09-02 14:13:15 打ち切り 247コマ(4.94秒)。以降はこのコマの姿勢で保持します(最終コマではなく★打ち切ったコマ。2026-08-28修正)
2026-09-02 14:13:15 制御周期: 中央20.0ms 最大39.3ms (50Hz / 規定50Hz)  25ms超え25%  推論 中央3.7ms 最大25.5ms  ※正常時の実測は 中央20.0ms / 25ms超え24%
2026-09-02 14:13:15 開始直後(0.6秒)の脚腰の追従誤差 最大 0.921rad (left_ankle_pitch)  ※完走回の実測は最大0.949・転倒回は1.112(2026-08-26時点)
2026-09-02 14:13:15 フェーズ完走: sit_up_ln21_r2  温度 膝 L36/R35度  足首 L43/R44度  最大48度(j22)
2026-09-02 14:13:15 sit_up_ln21_r2 完了。全フェーズ終了 — 方策で姿勢維持中
2026-09-02 14:13:23 標準モード damp
2026-09-02 14:13:54 標準モード zero
2026-09-02 14:14:12 標準モード damp
2026-09-02 14:14:24 標準モード stand
2026-09-02 14:15:00 方策 sit_up_ln21_r2 を読み込みました。UserCtrl へ入ります
2026-09-02 14:15:00 UserCtrl進入: いまのFSM = 4
2026-09-02 14:15:00 ★FSM 802(走行)へ遷移します — 走行制御が動きます。リモコンE-STOPを握ってください
2026-09-02 14:15:00 FSM 802 に到達(0.4秒)
2026-09-02 14:15:01 802で静止待ち 0.5秒 (関節速度 最大0.034rad/s)
2026-09-02 14:15:01 SwitchToUserCtrl(7110) → code=0 (0.00秒)  ※このACKは成否を表さない
2026-09-02 14:15:01 FSM 1000(UserCtrl)を確認(0.2秒)
2026-09-02 14:15:02 所有を確認: 左肩ピッチ +0.060rad指令 → 実測0.068rad / トルク-1.9Nm  掴んだ姿勢からのずれ 0.170rad
2026-09-02 14:15:02 ★UserCtrl取得 → 待たずに方策を開始します(静的保持を挟まない)
2026-09-02 14:15:02 引き継ぎ計測: 傾き8.5度 角速度0.34rad/s 開始姿勢のずれ 最大0.26rad (right_hip_pitch 0.26, left_hip_pitch 0.26, right_ankle_pitch 0.20)
2026-09-02 14:15:02 ヨー合わせ: 実測の向きが参照より+48.4度ずれていたので参照側の座標系へ揃えました(2026-08-27より。これをしないと方策は向きの修正を同時にやろうとして膝の左右差が開きます)
2026-09-02 14:15:02 補助: ★未記入 — 記録してください  ★立つモードで自立できていたかどうかが結果を決めている疑い
2026-09-02 14:15:02 ── run008 開始 (cockpit_20260902_140453)
2026-09-02 14:15:02 フェーズ開始: sit_up_ln21_r2(395コマ / 7.9秒)  温度 膝 L36/R35度  足首 L44/R44度  最大48度(j22)
2026-09-02 14:15:02 方策開始: 1コマ目の跳び 0.026rad (right_ankle_pitch / 1N·m)  ランプ 0.30秒 / 参照ブレンド 0.50秒  ※完走回の実測は0.459/0.556rad・転倒回は0.404〜0.718
2026-09-02 14:15:07 打ち切り 247コマ(4.94秒)。以降はこのコマの姿勢で保持します(最終コマではなく★打ち切ったコマ。2026-08-28修正)
2026-09-02 14:15:07 制御周期: 中央20.2ms 最大43.6ms (50Hz / 規定50Hz)  25ms超え24%  推論 中央3.2ms 最大27.2ms  ※正常時の実測は 中央20.0ms / 25ms超え24%
2026-09-02 14:15:07 開始直後(0.6秒)の脚腰の追従誤差 最大 0.897rad (left_ankle_pitch)  ※完走回の実測は最大0.949・転倒回は1.112(2026-08-26時点)
2026-09-02 14:15:07 フェーズ完走: sit_up_ln21_r2  温度 膝 L36/R36度  足首 L44/R44度  最大48度(j22)
2026-09-02 14:15:07 sit_up_ln21_r2 完了。全フェーズ終了 — 方策で姿勢維持中
2026-09-02 14:15:36 標準モード damp
2026-09-02 14:15:52 標準モード zero
2026-09-02 14:16:08 標準モード damp
2026-09-02 14:16:17 標準モード stand
2026-09-02 14:16:34 方策 sit_up_ln21_r2 を読み込みました。UserCtrl へ入ります
2026-09-02 14:16:34 UserCtrl進入: いまのFSM = 4
2026-09-02 14:16:34 ★FSM 802(走行)へ遷移します — 走行制御が動きます。リモコンE-STOPを握ってください
2026-09-02 14:16:34 FSM 802 に到達(0.4秒)
2026-09-02 14:16:34 802で静止待ち 0.3秒 (関節速度 最大0.136rad/s)
2026-09-02 14:16:35 SwitchToUserCtrl(7110) → code=0 (0.00秒)  ※このACKは成否を表さない
2026-09-02 14:16:35 FSM 1000(UserCtrl)を確認(0.2秒)
2026-09-02 14:16:35 所有を確認: 左肩ピッチ +0.060rad指令 → 実測0.069rad / トルク-1.9Nm  掴んだ姿勢からのずれ 0.173rad
2026-09-02 14:16:35 ★UserCtrl取得 → 待たずに方策を開始します(静的保持を挟まない)
2026-09-02 14:16:35 引き継ぎ計測: 傾き7.1度 角速度0.59rad/s 開始姿勢のずれ 最大0.19rad (right_hip_pitch 0.19, left_hip_pitch 0.18, right_ankle_pitch 0.17)
2026-09-02 14:16:35 ヨー合わせ: 実測の向きが参照より+45.3度ずれていたので参照側の座標系へ揃えました(2026-08-27より。これをしないと方策は向きの修正を同時にやろうとして膝の左右差が開きます)
2026-09-02 14:16:35 補助: ★未記入 — 記録してください  ★立つモードで自立できていたかどうかが結果を決めている疑い
2026-09-02 14:16:35 ── run009 開始 (cockpit_20260902_140453)
2026-09-02 14:16:35 フェーズ開始: sit_up_ln21_r2(395コマ / 7.9秒)  温度 膝 L36/R36度  足首 L44/R44度  最大50度(j22)
2026-09-02 14:16:35 方策開始: 1コマ目の跳び 0.027rad (left_ankle_pitch / 1N·m)  ランプ 0.30秒 / 参照ブレンド 0.50秒  ※完走回の実測は0.459/0.556rad・転倒回は0.404〜0.718
2026-09-02 14:16:40 打ち切り 247コマ(4.94秒)。以降はこのコマの姿勢で保持します(最終コマではなく★打ち切ったコマ。2026-08-28修正)
2026-09-02 14:16:40 制御周期: 中央20.1ms 最大44.2ms (50Hz / 規定50Hz)  25ms超え22%  推論 中央3.4ms 最大28.5ms  ※正常時の実測は 中央20.0ms / 25ms超え24%
2026-09-02 14:16:40 開始直後(0.6秒)の脚腰の追従誤差 最大 0.914rad (left_ankle_pitch)  ※完走回の実測は最大0.949・転倒回は1.112(2026-08-26時点)
2026-09-02 14:16:40 フェーズ完走: sit_up_ln21_r2  温度 膝 L36/R36度  足首 L44/R44度  最大50度(j22)
2026-09-02 14:16:40 sit_up_ln21_r2 完了。全フェーズ終了 — 方策で姿勢維持中
2026-09-02 14:16:55 標準モード damp
2026-09-02 14:17:01 標準モード zero
2026-09-02 14:17:19 標準モード damp
2026-09-02 14:17:30 標準モード stand
2026-09-02 14:17:33 標準モード damp
2026-09-02 14:17:49 標準モード stand
2026-09-02 14:18:02 方策 sit_up_ln21_r2 を読み込みました。UserCtrl へ入ります
2026-09-02 14:18:02 UserCtrl進入: いまのFSM = 4
2026-09-02 14:18:02 ★FSM 802(走行)へ遷移します — 走行制御が動きます。リモコンE-STOPを握ってください
2026-09-02 14:18:02 FSM 802 に到達(0.4秒)
2026-09-02 14:18:02 802で静止待ち 0.2秒 (関節速度 最大0.109rad/s)
2026-09-02 14:18:03 SwitchToUserCtrl(7110) → code=0 (0.00秒)  ※このACKは成否を表さない
2026-09-02 14:18:03 FSM 1000(UserCtrl)を確認(0.2秒)
2026-09-02 14:18:03 所有を確認: 左肩ピッチ +0.060rad指令 → 実測0.070rad / トルク-2.0Nm  掴んだ姿勢からのずれ 0.188rad
2026-09-02 14:18:03 ★UserCtrl取得 → 待たずに方策を開始します(静的保持を挟まない)
2026-09-02 14:18:03 引き継ぎ計測: 傾き8.0度 角速度0.34rad/s 開始姿勢のずれ 最大0.24rad (right_hip_pitch 0.24, right_ankle_pitch 0.23, left_hip_pitch 0.22)
2026-09-02 14:18:03 ヨー合わせ: 実測の向きが参照より+50.6度ずれていたので参照側の座標系へ揃えました(2026-08-27より。これをしないと方策は向きの修正を同時にやろうとして膝の左右差が開きます)
2026-09-02 14:18:03 補助: ★未記入 — 記録してください  ★立つモードで自立できていたかどうかが結果を決めている疑い
2026-09-02 14:18:03 ── run010 開始 (cockpit_20260902_140453)
2026-09-02 14:18:03 フェーズ開始: sit_up_ln21_r2(395コマ / 7.9秒)  温度 膝 L37/R36度  足首 L44/R44度  最大50度(j22)
2026-09-02 14:18:03 方策開始: 1コマ目の跳び 0.028rad (left_ankle_pitch / 1N·m)  ランプ 0.30秒 / 参照ブレンド 0.50秒  ※完走回の実測は0.459/0.556rad・転倒回は0.404〜0.718
2026-09-02 14:18:08 打ち切り 247コマ(4.94秒)。以降はこのコマの姿勢で保持します(最終コマではなく★打ち切ったコマ。2026-08-28修正)
2026-09-02 14:18:08 制御周期: 中央20.2ms 最大43.2ms (50Hz / 規定50Hz)  25ms超え23%  推論 中央3.0ms 最大27.2ms  ※正常時の実測は 中央20.0ms / 25ms超え24%
2026-09-02 14:18:08 開始直後(0.6秒)の脚腰の追従誤差 最大 1.067rad (left_ankle_pitch)  ※完走回の実測は最大0.949・転倒回は1.112(2026-08-26時点)
2026-09-02 14:18:08 フェーズ完走: sit_up_ln21_r2  温度 膝 L37/R36度  足首 L44/R44度  最大50度(j22)
2026-09-02 14:18:08 sit_up_ln21_r2 完了。全フェーズ終了 — 方策で姿勢維持中
2026-09-02 14:18:16 標準モード damp
2026-09-02 14:18:23 標準モード zero
2026-09-02 14:18:41 標準モード damp
2026-09-02 14:18:52 標準モード stand
2026-09-02 14:19:11 方策 sit_up_ln21_r2 を読み込みました。UserCtrl へ入ります
2026-09-02 14:19:11 UserCtrl進入: いまのFSM = 4
2026-09-02 14:19:11 ★FSM 802(走行)へ遷移します — 走行制御が動きます。リモコンE-STOPを握ってください
2026-09-02 14:19:12 FSM 802 に到達(0.4秒)
2026-09-02 14:19:12 802で静止待ち 0.3秒 (関節速度 最大0.112rad/s)
2026-09-02 14:19:12 SwitchToUserCtrl(7110) → code=0 (0.00秒)  ※このACKは成否を表さない
2026-09-02 14:19:13 FSM 1000(UserCtrl)を確認(0.2秒)
2026-09-02 14:19:13 所有を確認: 左肩ピッチ +0.060rad指令 → 実測0.070rad / トルク-2.1Nm  掴んだ姿勢からのずれ 0.174rad
2026-09-02 14:19:13 ★UserCtrl取得 → 待たずに方策を開始します(静的保持を挟まない)
2026-09-02 14:19:13 引き継ぎ計測: 傾き8.8度 角速度0.38rad/s 開始姿勢のずれ 最大0.28rad (right_hip_pitch 0.28, left_hip_pitch 0.23, right_ankle_pitch 0.21)
2026-09-02 14:19:13 ヨー合わせ: 実測の向きが参照より+49.8度ずれていたので参照側の座標系へ揃えました(2026-08-27より。これをしないと方策は向きの修正を同時にやろうとして膝の左右差が開きます)
2026-09-02 14:19:13 補助: ★未記入 — 記録してください  ★立つモードで自立できていたかどうかが結果を決めている疑い
2026-09-02 14:19:13 ── run011 開始 (cockpit_20260902_140453)
2026-09-02 14:19:13 フェーズ開始: sit_up_ln21_r2(395コマ / 7.9秒)  温度 膝 L37/R36度  足首 L44/R44度  最大50度(j22)
2026-09-02 14:19:13 方策開始: 1コマ目の跳び 0.026rad (right_ankle_pitch / 1N·m)  ランプ 0.30秒 / 参照ブレンド 0.50秒  ※完走回の実測は0.459/0.556rad・転倒回は0.404〜0.718
2026-09-02 14:19:18 打ち切り 247コマ(4.94秒)。以降はこのコマの姿勢で保持します(最終コマではなく★打ち切ったコマ。2026-08-28修正)
2026-09-02 14:19:18 制御周期: 中央20.0ms 最大44.2ms (50Hz / 規定50Hz)  25ms超え24%  推論 中央2.8ms 最大29.3ms  ※正常時の実測は 中央20.0ms / 25ms超え24%
2026-09-02 14:19:18 開始直後(0.6秒)の脚腰の追従誤差 最大 0.892rad (left_ankle_pitch)  ※完走回の実測は最大0.949・転倒回は1.112(2026-08-26時点)
2026-09-02 14:19:18 フェーズ完走: sit_up_ln21_r2  温度 膝 L37/R36度  足首 L44/R44度  最大50度(j22)
2026-09-02 14:19:18 sit_up_ln21_r2 完了。全フェーズ終了 — 方策で姿勢維持中
2026-09-02 14:19:26 ★DAMP: 受信途絶(204ms)
2026-09-02 14:21:57 E-STOPラッチを解除しました(標準モード damp)
2026-09-02 14:21:59 ★標準モード damp を処理中です。少し待ってください
2026-09-02 14:22:00 ★標準モード damp を処理中です。少し待ってください
2026-09-02 14:22:00 標準モード damp
2026-09-02 14:22:03 標準モード zero
2026-09-02 14:22:04 標準モード damp
2026-09-02 14:54:10 標準モード damp
2026-09-02 14:54:11 標準モード zero
2026-09-02 14:54:14 標準モード damp
2026-09-02 14:57:33 方策 sit_up_ln21_r2 を読み込みました。UserCtrl へ入ります
2026-09-02 14:57:33 UserCtrl進入: いまのFSM = 802
2026-09-02 14:57:33 802で静止待ち 0.0秒 (関節速度 最大0.018rad/s)
2026-09-02 14:57:34 SwitchToUserCtrl(7110) → code=0 (0.00秒)  ※このACKは成否を表さない
2026-09-02 14:57:34 FSM 1000(UserCtrl)を確認(0.2秒)
2026-09-02 14:57:34 所有を確認: 左肩ピッチ +0.060rad指令 → 実測0.055rad / トルク-0.4Nm  掴んだ姿勢からのずれ 0.056rad
2026-09-02 14:57:34 ★UserCtrl取得 → 待たずに方策を開始します(静的保持を挟まない)
2026-09-02 14:57:34 引き継ぎ計測: 傾き2.4度 角速度0.03rad/s 開始姿勢のずれ 最大0.29rad (right_knee 0.29, left_knee 0.26, right_hip_pitch 0.20)
2026-09-02 14:57:34 ヨー合わせ: 実測の向きが参照より+66.1度ずれていたので参照側の座標系へ揃えました(2026-08-27より。これをしないと方策は向きの修正を同時にやろうとして膝の左右差が開きます)
2026-09-02 14:57:34 補助: ★未記入 — 記録してください  ★立つモードで自立できていたかどうかが結果を決めている疑い
2026-09-02 14:57:34 ── run012 開始 (cockpit_20260902_140453)
2026-09-02 14:57:34 フェーズ開始: sit_up_ln21_r2(395コマ / 7.9秒)  温度 膝 L38/R37度  足首 L45/R45度  最大50度(j22)
2026-09-02 14:57:34 方策開始: 1コマ目の跳び 0.017rad (left_ankle_pitch / 1N·m)  ランプ 0.30秒 / 参照ブレンド 0.50秒  ※完走回の実測は0.459/0.556rad・転倒回は0.404〜0.718
2026-09-02 14:57:39 打ち切り 247コマ(4.94秒)。以降はこのコマの姿勢で保持します(最終コマではなく★打ち切ったコマ。2026-08-28修正)
2026-09-02 14:57:39 制御周期: 中央19.9ms 最大49.3ms (50Hz / 規定50Hz)  25ms超え32%  推論 中央8.8ms 最大41.2ms  ※正常時の実測は 中央20.0ms / 25ms超え24%
2026-09-02 14:57:39 開始直後(0.6秒)の脚腰の追従誤差 最大 0.219rad (left_ankle_pitch)  ※完走回の実測は最大0.949・転倒回は1.112(2026-08-26時点)
2026-09-02 14:57:39 フェーズ完走: sit_up_ln21_r2  温度 膝 L38/R37度  足首 L45/R45度  最大50度(j22)
2026-09-02 14:57:39 sit_up_ln21_r2 完了。全フェーズ終了 — 方策で姿勢維持中
2026-09-02 15:00:00 方策 sit_up_ln21_r2 を読み込みました。UserCtrl へ入ります
2026-09-02 15:00:00 UserCtrl進入: いまのFSM = 802
2026-09-02 15:00:00 802で静止待ち 0.0秒 (関節速度 最大0.021rad/s)
2026-09-02 15:00:00 SwitchToUserCtrl(7110) → code=0 (0.01秒)  ※このACKは成否を表さない
2026-09-02 15:00:00 FSM 1000(UserCtrl)を確認(0.0秒)
2026-09-02 15:00:00 所有を確認: 左肩ピッチ +0.060rad指令 → 実測-0.641rad / トルク10.2Nm  掴んだ姿勢からのずれ 1.341rad
2026-09-02 15:00:00 ★UserCtrl取得 → 待たずに方策を開始します(静的保持を挟まない)
2026-09-02 15:00:00 引き継ぎ計測: 傾き6.9度 角速度6.45rad/s 開始姿勢のずれ 最大1.26rad (left_knee 1.26, right_knee 1.18, right_shoulder_pitch 0.85)
2026-09-02 15:00:00 ヨー合わせ: 実測の向きが参照より+42.4度ずれていたので参照側の座標系へ揃えました(2026-08-27より。これをしないと方策は向きの修正を同時にやろうとして膝の左右差が開きます)
2026-09-02 15:00:00 補助: ★未記入 — 記録してください  ★立つモードで自立できていたかどうかが結果を決めている疑い
2026-09-02 15:00:00 ── run013 開始 (cockpit_20260902_140453)
2026-09-02 15:00:00 フェーズ開始: sit_up_ln21_r2(395コマ / 7.9秒)  温度 膝 L38/R37度  足首 L45/R45度  最大53度(j15)
2026-09-02 15:00:00 方策開始: 1コマ目の跳び 0.111rad (right_ankle_pitch / 4N·m)  ランプ 0.30秒 / 参照ブレンド 0.50秒  ※完走回の実測は0.459/0.556rad・転倒回は0.404〜0.718
2026-09-02 15:00:06 打ち切り 247コマ(4.94秒)。以降はこのコマの姿勢で保持します(最終コマではなく★打ち切ったコマ。2026-08-28修正)
2026-09-02 15:00:06 制御周期: 中央21.2ms 最大46.7ms (47Hz / 規定50Hz)  25ms超え35%  推論 中央8.3ms 最大45.0ms  ※正常時の実測は 中央20.0ms / 25ms超え24%
2026-09-02 15:00:06 開始直後(0.6秒)の脚腰の追従誤差 最大 0.418rad (right_knee)  ※完走回の実測は最大0.949・転倒回は1.112(2026-08-26時点)
2026-09-02 15:00:06 フェーズ完走: sit_up_ln21_r2  温度 膝 L38/R37度  足首 L45/R45度  最大53度(j15)
2026-09-02 15:00:06 sit_up_ln21_r2 完了。全フェーズ終了 — 方策で姿勢維持中
2026-09-02 15:00:56 ★DAMP: 受信途絶(208ms)
2026-09-02 15:04:42 E-STOPラッチを解除しました(標準モード zero)
2026-09-02 15:04:42 標準モード zero
2026-09-02 15:04:43 標準モード damp
2026-09-02 15:04:45 標準モード zero
2026-09-02 15:04:47 標準モード stand
2026-09-02 15:04:50 標準モード stand
2026-09-02 15:04:55 標準モード stand
2026-09-02 15:08:33 方策 sit_up_ln21_r2 を読み込みました。UserCtrl へ入ります
2026-09-02 15:08:34 UserCtrl進入: いまのFSM = 802
2026-09-02 15:08:34 802で静止待ち 0.0秒 (関節速度 最大0.049rad/s)
2026-09-02 15:08:34 SwitchToUserCtrl(7110) → code=0 (0.00秒)  ※このACKは成否を表さない
2026-09-02 15:08:34 FSM 1000(UserCtrl)を確認(0.2秒)
2026-09-02 15:08:34 所有を確認: 左肩ピッチ +0.060rad指令 → 実測0.064rad / トルク-1.4Nm  掴んだ姿勢からのずれ 0.115rad
2026-09-02 15:08:34 ★UserCtrl取得 → 待たずに方策を開始します(静的保持を挟まない)
2026-09-02 15:08:34 引き継ぎ計測: 傾き7.3度 角速度0.18rad/s 開始姿勢のずれ 最大0.10rad (right_knee 0.10, left_ankle_pitch 0.10, right_hip_pitch 0.10)
2026-09-02 15:08:34 ヨー合わせ: 実測の向きが参照より+84.3度ずれていたので参照側の座標系へ揃えました(2026-08-27より。これをしないと方策は向きの修正を同時にやろうとして膝の左右差が開きます)
2026-09-02 15:08:34 補助: ★未記入 — 記録してください  ★立つモードで自立できていたかどうかが結果を決めている疑い
2026-09-02 15:08:34 ── run014 開始 (cockpit_20260902_140453)
2026-09-02 15:08:34 フェーズ開始: sit_up_ln21_r2(395コマ / 7.9秒)  温度 膝 L40/R39度  足首 L47/R47度  最大53度(j16)
2026-09-02 15:08:34 方策開始: 1コマ目の跳び 0.026rad (left_ankle_pitch / 1N·m)  ランプ 0.30秒 / 参照ブレンド 0.50秒  ※完走回の実測は0.459/0.556rad・転倒回は0.404〜0.718
2026-09-02 15:08:39 打ち切り 247コマ(4.94秒)。以降はこのコマの姿勢で保持します(最終コマではなく★打ち切ったコマ。2026-08-28修正)
2026-09-02 15:08:39 制御周期: 中央20.1ms 最大44.6ms (50Hz / 規定50Hz)  25ms超え26%  推論 中央4.0ms 最大26.8ms  ※正常時の実測は 中央20.0ms / 25ms超え24%
2026-09-02 15:08:39 開始直後(0.6秒)の脚腰の追従誤差 最大 0.345rad (right_ankle_pitch)  ※完走回の実測は最大0.949・転倒回は1.112(2026-08-26時点)
2026-09-02 15:08:39 フェーズ完走: sit_up_ln21_r2  温度 膝 L40/R39度  足首 L47/R47度  最大53度(j16)
2026-09-02 15:08:39 sit_up_ln21_r2 完了。全フェーズ終了 — 方策で姿勢維持中
2026-09-02 15:08:59 標準モード damp
2026-09-02 15:11:52 標準モード stand
2026-09-02 15:12:30 方策 sit_up_ln21_r2 を読み込みました。UserCtrl へ入ります
2026-09-02 15:12:30 UserCtrl進入: いまのFSM = 802
2026-09-02 15:12:30 802で静止待ち 0.0秒 (関節速度 最大0.046rad/s)
2026-09-02 15:12:30 SwitchToUserCtrl(7110) → code=0 (0.00秒)  ※このACKは成否を表さない
2026-09-02 15:12:31 FSM 1000(UserCtrl)を確認(0.2秒)
2026-09-02 15:12:31 所有を確認: 左肩ピッチ +0.060rad指令 → 実測0.074rad / トルク-2.4Nm  掴んだ姿勢からのずれ 0.148rad
2026-09-02 15:12:31 ★UserCtrl取得 → 待たずに方策を開始します(静的保持を挟まない)
2026-09-02 15:12:31 引き継ぎ計測: 傾き7.6度 角速度0.42rad/s 開始姿勢のずれ 最大0.32rad (right_hip_pitch 0.32, left_hip_pitch 0.21, right_ankle_pitch 0.17)
2026-09-02 15:12:31 ヨー合わせ: 実測の向きが参照より+75.3度ずれていたので参照側の座標系へ揃えました(2026-08-27より。これをしないと方策は向きの修正を同時にやろうとして膝の左右差が開きます)
2026-09-02 15:12:31 補助: ★未記入 — 記録してください  ★立つモードで自立できていたかどうかが結果を決めている疑い
2026-09-02 15:12:31 ── run015 開始 (cockpit_20260902_140453)
2026-09-02 15:12:31 フェーズ開始: sit_up_ln21_r2(395コマ / 7.9秒)  温度 膝 L41/R41度  足首 L48/R47度  最大54度(j22)
2026-09-02 15:12:31 方策開始: 1コマ目の跳び 0.023rad (left_ankle_pitch / 1N·m)  ランプ 0.30秒 / 参照ブレンド 0.50秒  ※完走回の実測は0.459/0.556rad・転倒回は0.404〜0.718
2026-09-02 15:12:36 打ち切り 247コマ(4.94秒)。以降はこのコマの姿勢で保持します(最終コマではなく★打ち切ったコマ。2026-08-28修正)
2026-09-02 15:12:36 制御周期: 中央20.1ms 最大44.5ms (50Hz / 規定50Hz)  25ms超え30%  推論 中央7.9ms 最大35.6ms  ※正常時の実測は 中央20.0ms / 25ms超え24%
2026-09-02 15:12:36 開始直後(0.6秒)の脚腰の追従誤差 最大 0.558rad (left_ankle_pitch)  ※完走回の実測は最大0.949・転倒回は1.112(2026-08-26時点)
2026-09-02 15:12:36 フェーズ完走: sit_up_ln21_r2  温度 膝 L41/R41度  足首 L48/R47度  最大54度(j22)
2026-09-02 15:12:36 sit_up_ln21_r2 完了。全フェーズ終了 — 方策で姿勢維持中
2026-09-02 15:12:47 ★DAMP: 傾き40度
2026-09-02 15:12:47 ★指令が拒否されました: E-STOPラッチ中
2026-09-02 15:15:10 E-STOPラッチを解除しました(標準モード damp)
2026-09-02 15:15:10 標準モード damp
2026-09-02 15:15:14 標準モード zero
