2026-09-02 11:56:05 引き継ぎ計測: 傾き7.9度 角速度0.40rad/s 開始姿勢のずれ 最大1.20rad (right_elbow 1.20, left_elbow 1.19, right_hip_yaw 0.39)
2026-09-02 11:56:05 ヨー合わせ: 実測の向きが参照より+126.6度ずれていたので参照側の座標系へ揃えました(2026-08-27より。これをしないと方策は向きの修正を同時にやろうとして膝の左右差が開きます)
2026-09-02 11:56:05 補助: ★未記入 — 記録してください  ★立つモードで自立できていたかどうかが結果を決めている疑い
2026-09-02 11:56:05 ── run001 開始 (cockpit_20260902_115603)
2026-09-02 11:56:05 フェーズ開始: sit_up_rc_r2(395コマ / 7.9秒)  温度 膝 L38/R38度  足首 L46/R46度  最大50度(j22)
2026-09-02 11:56:05 方策開始: 1コマ目の跳び 0.033rad (left_ankle_pitch / 1N·m)  ランプ 0.30秒 / 参照ブレンド 0.50秒  ※完走回の実測は0.459/0.556rad・転倒回は0.404〜0.718
2026-09-02 11:56:13 制御周期: 中央20.3ms 最大46.3ms (49Hz / 規定50Hz)  25ms超え31%  推論 中央9.5ms 最大31.9ms  ※正常時の実測は 中央20.0ms / 25ms超え24%
2026-09-02 11:56:13 開始直後(0.6秒)の脚腰の追従誤差 最大 0.238rad (right_ankle_pitch)  ※完走回の実測は最大0.949・転倒回は1.112(2026-08-26時点)
2026-09-02 11:56:13 フェーズ完走: sit_up_rc_r2  温度 膝 L38/R38度  足首 L46/R46度  最大50度(j22)
2026-09-02 11:56:13 sit_up_rc_r2 完了。全フェーズ終了 — 方策で姿勢維持中
2026-09-02 11:56:15 標準モード damp
2026-09-02 11:56:15 パターン選択: sit=sit_up_ln20_r2
2026-09-02 11:56:15 腕の残差スケール: 1.00(従来どおり)
2026-09-02 11:56:16 腕の残差スケール: 0.90 — 腕は参照の10%%ぶん方策の補正を受けなくなります
2026-09-02 11:56:16 腕の残差スケール: 0.80 — 腕は参照の20%%ぶん方策の補正を受けなくなります
2026-09-02 11:56:16 腕の残差スケール: 0.70 — 腕は参照の30%%ぶん方策の補正を受けなくなります
2026-09-02 11:56:17 腕の残差スケール: 0.60 — 腕は参照の40%%ぶん方策の補正を受けなくなります
2026-09-02 11:56:17 腕の残差スケール: 0.50 — 腕は参照の50%%ぶん方策の補正を受けなくなります
2026-09-02 11:56:17 腕の残差スケール: 0.40 — 腕は参照の60%%ぶん方策の補正を受けなくなります
2026-09-02 11:56:17 腕の残差スケール: 0.30 — 腕は参照の70%%ぶん方策の補正を受けなくなります
2026-09-02 11:56:18 腕の残差スケール: 0.20 — 腕は参照の80%%ぶん方策の補正を受けなくなります
2026-09-02 11:56:18 腕の残差スケール: 0.10 — 腕は参照の90%%ぶん方策の補正を受けなくなります
2026-09-02 11:56:18 腕の残差スケール: 0.00 — 腕は参照の100%%ぶん方策の補正を受けなくなります(完全に参照どおり)
2026-09-02 11:56:19 腕の残差スケール: 1.00(従来どおり)
2026-09-02 11:56:19 打ち切りコマ数: 247コマ(4.94秒)で止めます
2026-09-02 11:56:34 標準モード zero
2026-09-02 11:56:40 腕の残差スケール: 0.80 — 腕は参照の20%%ぶん方策の補正を受けなくなります
2026-09-02 11:56:44 標準モード damp
2026-09-02 11:56:54 標準モード stand
2026-09-02 11:57:12 方策 sit_up_ln20_r2 を読み込みました。UserCtrl へ入ります
2026-09-02 11:57:12 UserCtrl進入: いまのFSM = 4
2026-09-02 11:57:12 ★FSM 802(走行)へ遷移します — 走行制御が動きます。リモコンE-STOPを握ってください
2026-09-02 11:57:12 FSM 802 に到達(0.4秒)
2026-09-02 11:57:13 802で静止待ち 0.5秒 (関節速度 最大0.054rad/s)
2026-09-02 11:57:13 SwitchToUserCtrl(7110) → code=0 (0.00秒)  ※このACKは成否を表さない
2026-09-02 11:57:13 FSM 1000(UserCtrl)を確認(0.2秒)
2026-09-02 11:57:13 所有を確認: 左肩ピッチ +0.060rad指令 → 実測0.069rad / トルク-2.1Nm  掴んだ姿勢からのずれ 0.146rad
2026-09-02 11:57:13 ★UserCtrl取得 → 待たずに方策を開始します(静的保持を挟まない)
2026-09-02 11:57:13 引き継ぎ計測: 傾き8.7度 角速度0.49rad/s 開始姿勢のずれ 最大0.35rad (right_hip_yaw 0.35, left_hip_yaw 0.27, right_hip_pitch 0.24)
2026-09-02 11:57:13 ヨー合わせ: 実測の向きが参照より+126.1度ずれていたので参照側の座標系へ揃えました(2026-08-27より。これをしないと方策は向きの修正を同時にやろうとして膝の左右差が開きます)
2026-09-02 11:57:13 補助: ★未記入 — 記録してください  ★立つモードで自立できていたかどうかが結果を決めている疑い
2026-09-02 11:57:13 ── run002 開始 (cockpit_20260902_115603)
2026-09-02 11:57:13 フェーズ開始: sit_up_ln20_r2(395コマ / 7.9秒)  温度 膝 L38/R38度  足首 L46/R46度  最大51度(j22)
2026-09-02 11:57:13 方策開始: 1コマ目の跳び 0.049rad (left_ankle_pitch / 2N·m)  ランプ 0.30秒 / 参照ブレンド 0.50秒  ※完走回の実測は0.459/0.556rad・転倒回は0.404〜0.718
2026-09-02 11:57:18 打ち切り 247コマ(4.94秒)。以降はこのコマの姿勢で保持します(最終コマではなく★打ち切ったコマ。2026-08-28修正)
2026-09-02 11:57:18 制御周期: 中央20.1ms 最大40.8ms (50Hz / 規定50Hz)  25ms超え26%  推論 中央4.0ms 最大31.5ms  ※正常時の実測は 中央20.0ms / 25ms超え24%
2026-09-02 11:57:18 開始直後(0.6秒)の脚腰の追従誤差 最大 0.647rad (left_ankle_pitch)  ※完走回の実測は最大0.949・転倒回は1.112(2026-08-26時点)
2026-09-02 11:57:18 フェーズ完走: sit_up_ln20_r2  温度 膝 L38/R38度  足首 L46/R46度  最大51度(j22)
2026-09-02 11:57:18 sit_up_ln20_r2 完了。全フェーズ終了 — 方策で姿勢維持中
2026-09-02 11:57:27 標準モード damp
2026-09-02 11:57:30 腕の残差スケール: 0.70 — 腕は参照の30%%ぶん方策の補正を受けなくなります
2026-09-02 11:57:43 標準モード zero
2026-09-02 11:57:51 打ち切りコマ数: 最後まで走ります(既定)
2026-09-02 11:57:56 標準モード damp
2026-09-02 11:58:04 標準モード stand
2026-09-02 11:58:20 方策 sit_up_ln20_r2 を読み込みました。UserCtrl へ入ります
2026-09-02 11:58:20 UserCtrl進入: いまのFSM = 4
2026-09-02 11:58:20 ★FSM 802(走行)へ遷移します — 走行制御が動きます。リモコンE-STOPを握ってください
2026-09-02 11:58:20 FSM 802 に到達(0.4秒)
2026-09-02 11:58:21 802で静止待ち 0.5秒 (関節速度 最大0.109rad/s)
2026-09-02 11:58:21 SwitchToUserCtrl(7110) → code=0 (0.00秒)  ※このACKは成否を表さない
2026-09-02 11:58:21 FSM 1000(UserCtrl)を確認(0.2秒)
2026-09-02 11:58:22 所有を確認: 左肩ピッチ +0.060rad指令 → 実測0.068rad / トルク-2.1Nm  掴んだ姿勢からのずれ 0.150rad
2026-09-02 11:58:22 ★UserCtrl取得 → 待たずに方策を開始します(静的保持を挟まない)
2026-09-02 11:58:22 引き継ぎ計測: 傾き9.1度 角速度0.48rad/s 開始姿勢のずれ 最大0.41rad (right_hip_yaw 0.41, left_hip_pitch 0.24, right_hip_pitch 0.23)
2026-09-02 11:58:22 ヨー合わせ: 実測の向きが参照より+123.8度ずれていたので参照側の座標系へ揃えました(2026-08-27より。これをしないと方策は向きの修正を同時にやろうとして膝の左右差が開きます)
2026-09-02 11:58:22 補助: ★未記入 — 記録してください  ★立つモードで自立できていたかどうかが結果を決めている疑い
2026-09-02 11:58:22 ── run003 開始 (cockpit_20260902_115603)
2026-09-02 11:58:22 フェーズ開始: sit_up_ln20_r2(395コマ / 7.9秒)  温度 膝 L38/R38度  足首 L46/R46度  最大51度(j22)
2026-09-02 11:58:22 方策開始: 1コマ目の跳び 0.053rad (left_ankle_pitch / 2N·m)  ランプ 0.30秒 / 参照ブレンド 0.50秒  ※完走回の実測は0.459/0.556rad・転倒回は0.404〜0.718
2026-09-02 11:58:30 制御周期: 中央20.2ms 最大45.0ms (50Hz / 規定50Hz)  25ms超え26%  推論 中央4.4ms 最大24.4ms  ※正常時の実測は 中央20.0ms / 25ms超え24%
2026-09-02 11:58:30 開始直後(0.6秒)の脚腰の追従誤差 最大 0.710rad (left_ankle_pitch)  ※完走回の実測は最大0.949・転倒回は1.112(2026-08-26時点)
2026-09-02 11:58:30 フェーズ完走: sit_up_ln20_r2  温度 膝 L38/R38度  足首 L46/R46度  最大51度(j22)
2026-09-02 11:58:30 sit_up_ln20_r2 完了。全フェーズ終了 — 方策で姿勢維持中
2026-09-02 11:58:32 標準モード damp
2026-09-02 11:58:36 腕の残差スケール: 0.80 — 腕は参照の20%%ぶん方策の補正を受けなくなります
2026-09-02 11:58:53 標準モード zero
2026-09-02 11:59:14 標準モード damp
2026-09-02 11:59:17 標準モード stand
2026-09-02 11:59:34 方策 sit_up_ln20_r2 を読み込みました。UserCtrl へ入ります
2026-09-02 11:59:34 UserCtrl進入: いまのFSM = 4
2026-09-02 11:59:34 ★FSM 802(走行)へ遷移します — 走行制御が動きます。リモコンE-STOPを握ってください
2026-09-02 11:59:34 FSM 802 に到達(0.4秒)
2026-09-02 11:59:35 802で静止待ち 0.4秒 (関節速度 最大0.060rad/s)
2026-09-02 11:59:35 SwitchToUserCtrl(7110) → code=0 (0.00秒)  ※このACKは成否を表さない
2026-09-02 11:59:35 FSM 1000(UserCtrl)を確認(0.2秒)
2026-09-02 11:59:35 所有を確認: 左肩ピッチ +0.060rad指令 → 実測0.072rad / トルク-2.4Nm  掴んだ姿勢からのずれ 0.162rad
2026-09-02 11:59:35 ★UserCtrl取得 → 待たずに方策を開始します(静的保持を挟まない)
2026-09-02 11:59:35 引き継ぎ計測: 傾き7.7度 角速度0.29rad/s 開始姿勢のずれ 最大0.34rad (right_hip_yaw 0.34, left_hip_yaw 0.27, left_hip_pitch 0.21)
2026-09-02 11:59:35 ヨー合わせ: 実測の向きが参照より+120.5度ずれていたので参照側の座標系へ揃えました(2026-08-27より。これをしないと方策は向きの修正を同時にやろうとして膝の左右差が開きます)
2026-09-02 11:59:35 補助: ★未記入 — 記録してください  ★立つモードで自立できていたかどうかが結果を決めている疑い
2026-09-02 11:59:35 ── run004 開始 (cockpit_20260902_115603)
2026-09-02 11:59:35 フェーズ開始: sit_up_ln20_r2(395コマ / 7.9秒)  温度 膝 L38/R38度  足首 L46/R46度  最大51度(j22)
2026-09-02 11:59:35 方策開始: 1コマ目の跳び 0.057rad (left_ankle_pitch / 2N·m)  ランプ 0.30秒 / 参照ブレンド 0.50秒  ※完走回の実測は0.459/0.556rad・転倒回は0.404〜0.718
2026-09-02 11:59:43 制御周期: 中央20.2ms 最大45.2ms (50Hz / 規定50Hz)  25ms超え24%  推論 中央2.9ms 最大29.7ms  ※正常時の実測は 中央20.0ms / 25ms超え24%
2026-09-02 11:59:43 開始直後(0.6秒)の脚腰の追従誤差 最大 0.843rad (left_ankle_pitch)  ※完走回の実測は最大0.949・転倒回は1.112(2026-08-26時点)
2026-09-02 11:59:43 フェーズ完走: sit_up_ln20_r2  温度 膝 L38/R38度  足首 L46/R46度  最大51度(j22)
2026-09-02 11:59:43 sit_up_ln20_r2 完了。全フェーズ終了 — 方策で姿勢維持中
2026-09-02 11:59:52 標準モード damp
2026-09-02 12:00:03 標準モード zero
2026-09-02 12:00:16 標準モード damp
2026-09-02 12:00:21 標準モード stand
2026-09-02 12:00:36 方策 sit_up_ln20_r2 を読み込みました。UserCtrl へ入ります
2026-09-02 12:00:36 UserCtrl進入: いまのFSM = 4
2026-09-02 12:00:36 ★FSM 802(走行)へ遷移します — 走行制御が動きます。リモコンE-STOPを握ってください
2026-09-02 12:00:36 FSM 802 に到達(0.4秒)
2026-09-02 12:00:37 802で静止待ち 0.5秒 (関節速度 最大0.111rad/s)
2026-09-02 12:00:37 SwitchToUserCtrl(7110) → code=0 (0.00秒)  ※このACKは成否を表さない
2026-09-02 12:00:37 FSM 1000(UserCtrl)を確認(0.2秒)
2026-09-02 12:00:37 所有を確認: 左肩ピッチ +0.060rad指令 → 実測0.063rad / トルク-1.4Nm  掴んだ姿勢からのずれ 0.134rad
2026-09-02 12:00:37 ★UserCtrl取得 → 待たずに方策を開始します(静的保持を挟まない)
2026-09-02 12:00:37 引き継ぎ計測: 傾き7.0度 角速度0.33rad/s 開始姿勢のずれ 最大0.38rad (right_hip_yaw 0.38, right_hip_pitch 0.19, left_hip_yaw 0.18)
2026-09-02 12:00:37 ヨー合わせ: 実測の向きが参照より+124.2度ずれていたので参照側の座標系へ揃えました(2026-08-27より。これをしないと方策は向きの修正を同時にやろうとして膝の左右差が開きます)
2026-09-02 12:00:37 補助: ★未記入 — 記録してください  ★立つモードで自立できていたかどうかが結果を決めている疑い
2026-09-02 12:00:37 ── run005 開始 (cockpit_20260902_115603)
2026-09-02 12:00:37 フェーズ開始: sit_up_ln20_r2(395コマ / 7.9秒)  温度 膝 L38/R38度  足首 L46/R46度  最大51度(j16)
2026-09-02 12:00:37 方策開始: 1コマ目の跳び 0.048rad (left_ankle_pitch / 2N·m)  ランプ 0.30秒 / 参照ブレンド 0.50秒  ※完走回の実測は0.459/0.556rad・転倒回は0.404〜0.718
2026-09-02 12:00:45 制御周期: 中央20.1ms 最大45.1ms (50Hz / 規定50Hz)  25ms超え24%  推論 中央3.2ms 最大29.5ms  ※正常時の実測は 中央20.0ms / 25ms超え24%
2026-09-02 12:00:45 開始直後(0.6秒)の脚腰の追従誤差 最大 0.543rad (left_ankle_pitch)  ※完走回の実測は最大0.949・転倒回は1.112(2026-08-26時点)
2026-09-02 12:00:45 フェーズ完走: sit_up_ln20_r2  温度 膝 L38/R38度  足首 L46/R46度  最大51度(j16)
2026-09-02 12:00:45 sit_up_ln20_r2 完了。全フェーズ終了 — 方策で姿勢維持中
2026-09-02 12:00:55 標準モード damp
2026-09-02 12:01:20 標準モード zero
2026-09-02 12:01:30 標準モード damp
2026-09-02 12:01:39 標準モード stand
2026-09-02 12:01:54 方策 sit_up_ln20_r2 を読み込みました。UserCtrl へ入ります
2026-09-02 12:01:54 UserCtrl進入: いまのFSM = 4
2026-09-02 12:01:54 ★FSM 802(走行)へ遷移します — 走行制御が動きます。リモコンE-STOPを握ってください
2026-09-02 12:01:54 FSM 802 に到達(0.4秒)
2026-09-02 12:01:55 802で静止待ち 0.8秒 (関節速度 最大0.143rad/s)
2026-09-02 12:01:55 SwitchToUserCtrl(7110) → code=0 (0.00秒)  ※このACKは成否を表さない
2026-09-02 12:01:56 FSM 1000(UserCtrl)を確認(0.2秒)
2026-09-02 12:01:56 所有を確認: 左肩ピッチ +0.060rad指令 → 実測0.060rad / トルク-1.1Nm  掴んだ姿勢からのずれ 0.104rad
2026-09-02 12:01:56 ★UserCtrl取得 → 待たずに方策を開始します(静的保持を挟まない)
2026-09-02 12:01:56 引き継ぎ計測: 傾き7.0度 角速度0.31rad/s 開始姿勢のずれ 最大0.41rad (right_hip_yaw 0.41, right_hip_pitch 0.21, left_hip_yaw 0.21)
2026-09-02 12:01:56 ヨー合わせ: 実測の向きが参照より+129.0度ずれていたので参照側の座標系へ揃えました(2026-08-27より。これをしないと方策は向きの修正を同時にやろうとして膝の左右差が開きます)
2026-09-02 12:01:56 補助: ★未記入 — 記録してください  ★立つモードで自立できていたかどうかが結果を決めている疑い
2026-09-02 12:01:56 ── run006 開始 (cockpit_20260902_115603)
2026-09-02 12:01:56 フェーズ開始: sit_up_ln20_r2(395コマ / 7.9秒)  温度 膝 L38/R38度  足首 L46/R46度  最大51度(j15)
2026-09-02 12:01:56 方策開始: 1コマ目の跳び 0.044rad (left_ankle_pitch / 2N·m)  ランプ 0.30秒 / 参照ブレンド 0.50秒  ※完走回の実測は0.459/0.556rad・転倒回は0.404〜0.718
2026-09-02 12:02:04 制御周期: 中央20.2ms 最大64.7ms (49Hz / 規定50Hz)  25ms超え30%  推論 中央4.7ms 最大53.3ms  ※正常時の実測は 中央20.0ms / 25ms超え24%
2026-09-02 12:02:04 開始直後(0.6秒)の脚腰の追従誤差 最大 0.539rad (left_ankle_pitch)  ※完走回の実測は最大0.949・転倒回は1.112(2026-08-26時点)
2026-09-02 12:02:04 フェーズ完走: sit_up_ln20_r2  温度 膝 L38/R38度  足首 L46/R46度  最大51度(j15)
2026-09-02 12:02:04 sit_up_ln20_r2 完了。全フェーズ終了 — 方策で姿勢維持中
2026-09-02 12:02:12 標準モード damp
2026-09-02 12:02:21 標準モード zero
