2026-09-04 12:36:32 ★FSM 802(走行)へ遷移します — 走行制御が動きます。機体を接地させ、リモコンE-STOPを握ってください
2026-09-04 12:36:33 FSM 802 に到達(0.4秒)
2026-09-04 12:36:33 歩行モード(FSM 802)。[前進][横歩き]、十字キーの手動操作が押せます
2026-09-04 12:36:46 着座前の確認: OK(操作者の確認へ) / △まだ制御権が無い(押せば自動で引き継ぎます) / △接地チェック未実施 / ○傾き 1.2度(10度未満) / ○静止(関節速度RMS 0.007、0.10未満) / ○内蔵FSM 802(立位/歩行/UserCtrlのどれか) / △参照との向きのずれ 24.2度(開始時に自動で合わせる。椅子が真後ろかは目視) / △LiDAR: 後方に座面らしい面は見えない(頭のLiDARは後ろ下が死角。無いとは言えない) / △しゃがみ深さ 43度(65度未満なら成功率61%)
2026-09-04 12:36:56 着座を開始します(確認済み)
2026-09-04 12:36:58 方策 sit_up_ln23_r2 を読み込みました。UserCtrl へ入ります
2026-09-04 12:36:58 UserCtrl進入: いまのFSM = 802
2026-09-04 12:36:58 802で静止待ち 0.0秒 (関節速度 最大0.028rad/s)
2026-09-04 12:36:58 SwitchToUserCtrl(7110) → code=0 (0.00秒)  ※このACKは成否を表さない
2026-09-04 12:36:58 FSM 1000 の確認に 0.2秒 かかりました(経過 802→1000)
2026-09-04 12:36:58 FSM 1000(UserCtrl)を確認(0.2秒)
2026-09-04 12:36:58 所有を確認: 左肩ピッチ +0.060rad指令 → 実測0.066rad / トルク-1.9Nm  掴んだ姿勢からのずれ 0.185rad
2026-09-04 12:36:58 ★UserCtrl取得 → 待たずに方策を開始します(静的保持を挟まない)
2026-09-04 12:36:59 引き継ぎ計測: 傾き8.7度 角速度0.44rad/s 開始姿勢のずれ 最大0.28rad (right_hip_pitch 0.28, left_hip_pitch 0.27, right_ankle_pitch 0.22)
2026-09-04 12:36:59 ヨー合わせ: 実測の向きが参照より+24.1度ずれていたので参照側の座標系へ揃えました(2026-08-27より。これをしないと方策は向きの修正を同時にやろうとして膝の左右差が開きます)
2026-09-04 12:36:59 補助: ★未記入 — 記録してください  ★立つモードで自立できていたかどうかが結果を決めている疑い
2026-09-04 12:36:59 ── run001 開始 (cockpit_20260904_123632)
2026-09-04 12:36:59 フェーズ開始: sit_up_ln23_r2(395コマ / 7.9秒)  温度 膝 L34/R33度  足首 L42/R42度  最大45度(j14)
2026-09-04 12:36:59 方策開始: 1コマ目の跳び 0.053rad (left_ankle_pitch / 2N·m)  ランプ 0.30秒 / 参照ブレンド 0.50秒  ※完走回の実測は0.459/0.556rad・転倒回は0.404〜0.718
2026-09-04 12:36:59 ★DAMP: 制御周期が遅い: 直近5コマの中央44ms(規定20ms / 限度40ms) = 23Hz。方策は50Hz前提なのでスローモーションになり釣り合いを失う。★PCで他の重い処理(sim_compare/描画/ブラウザ)を止めてから再実行してください
2026-09-04 12:37:16 ★UI(通信)途絶 8秒: 内蔵制御のまま(何もしない)
2026-09-04 12:37:19 UI(通信)復帰: 途絶 3.1秒。途絶中の対応: 内蔵制御のまま(何もしない)
2026-09-04 12:37:21 E-STOPラッチを解除しました(標準モード damp)
2026-09-04 12:37:21 標準モード damp
2026-09-04 12:37:23 標準モード stand
2026-09-04 12:37:30 ★FSM 802(走行)へ遷移します — 走行制御が動きます。機体を接地させ、リモコンE-STOPを握ってください
2026-09-04 12:37:31 FSM 802 に到達(0.4秒)
2026-09-04 12:37:31 LiDAR(rt/utlidar/cloud_livox_mid360)とオドメトリ(rt/odommodestate)の読み取りを開始
2026-09-04 12:37:31 歩行モード(FSM 802)。[前進][横歩き]、十字キーの手動操作が押せます
2026-09-04 12:37:43 パターン選択: sit=sit_up_ln21_r2
2026-09-04 12:37:55 着座前の確認: OK(操作者の確認へ) / △まだ制御権が無い(押せば自動で引き継ぎます) / △接地チェック未実施 / ○傾き 0.6度(10度未満) / ○静止(関節速度RMS 0.013、0.10未満) / ○内蔵FSM 802(立位/歩行/UserCtrlのどれか) / △参照との向きのずれ 18.7度(開始時に自動で合わせる。椅子が真後ろかは目視) / △LiDAR: 後方に座面らしい面は見えない(頭のLiDARは後ろ下が死角。無いとは言えない) / △しゃがみ深さ 48度(65度未満なら成功率61%)
2026-09-04 12:38:01 着座を開始します(確認済み)
2026-09-04 12:38:02 方策 sit_up_ln21_r2 を読み込みました。UserCtrl へ入ります
2026-09-04 12:38:02 UserCtrl進入: いまのFSM = 802
2026-09-04 12:38:02 802で静止待ち 0.0秒 (関節速度 最大0.100rad/s)
2026-09-04 12:38:03 SwitchToUserCtrl(7110) → code=0 (0.01秒)  ※このACKは成否を表さない
2026-09-04 12:38:03 FSM 1000 の確認に 0.2秒 かかりました(経過 802→1000)
2026-09-04 12:38:03 FSM 1000(UserCtrl)を確認(0.2秒)
2026-09-04 12:38:03 所有を確認: 左肩ピッチ +0.060rad指令 → 実測0.068rad / トルク-2.1Nm  掴んだ姿勢からのずれ 0.213rad
2026-09-04 12:38:03 ★UserCtrl取得 → 待たずに方策を開始します(静的保持を挟まない)
2026-09-04 12:38:03 引き継ぎ計測: 傾き8.6度 角速度0.39rad/s 開始姿勢のずれ 最大0.30rad (right_hip_pitch 0.30, left_hip_pitch 0.29, left_ankle_pitch 0.28)
2026-09-04 12:38:03 ヨー合わせ: 実測の向きが参照より+18.6度ずれていたので参照側の座標系へ揃えました(2026-08-27より。これをしないと方策は向きの修正を同時にやろうとして膝の左右差が開きます)
2026-09-04 12:38:03 補助: ★未記入 — 記録してください  ★立つモードで自立できていたかどうかが結果を決めている疑い
2026-09-04 12:38:03 ── run002 開始 (cockpit_20260904_123632)
2026-09-04 12:38:03 フェーズ開始: sit_up_ln21_r2(395コマ / 7.9秒)  温度 膝 L34/R34度  足首 L42/R42度  最大45度(j14)
2026-09-04 12:38:03 方策開始: 1コマ目の跳び 0.036rad (left_ankle_pitch / 1N·m)  ランプ 0.30秒 / 参照ブレンド 0.50秒  ※完走回の実測は0.459/0.556rad・転倒回は0.404〜0.718
2026-09-04 12:38:03 ★DAMP: 制御周期が遅い: 直近5コマの中央42ms(規定20ms / 限度40ms) = 24Hz。方策は50Hz前提なのでスローモーションになり釣り合いを失う。★PCで他の重い処理(sim_compare/描画/ブラウザ)を止めてから再実行してください
2026-09-04 12:38:39 ★UI(通信)途絶 8秒: 内蔵制御のまま(何もしない)
2026-09-04 12:39:28 UI(通信)復帰: 途絶 49.0秒。途絶中の対応: 内蔵制御のまま(何もしない)
2026-09-04 12:39:42 ★UI(通信)途絶 8秒: 内蔵制御のまま(何もしない)
