2026-08-27 14:13:36 引き継ぎ計測: 傾き8.5度 角速度0.33rad/s 開始姿勢のずれ 最大1.22rad (right_elbow 1.22, left_elbow 1.18, right_hip_yaw 0.35)
2026-08-27 14:13:36 ヨー合わせ: 実測の向きが参照より+104.1度ずれていたので参照側の座標系へ揃えました(2026-08-27より。これをしないと方策は向きの修正を同時にやろうとして膝の左右差が開きます)
2026-08-27 14:13:36 ── run001 開始 (cockpit_20260827_141335)
2026-08-27 14:13:36 フェーズ開始: sit_up_dp4_r2(395コマ / 7.9秒)  温度 膝 L37/R37度  足首 L43/R43度  最大47度(j22)
2026-08-27 14:13:36 方策開始: 1コマ目の跳び 0.047rad (left_ankle_pitch / 2N·m)  ランプ 0.30秒 / 参照ブレンド 0.50秒  ※完走回の実測は0.459/0.556rad・転倒回は0.404〜0.718
2026-08-27 14:13:45 制御周期: 中央1.0ms 最大1.0ms (1000Hz / 規定50Hz)
2026-08-27 14:13:45 開始直後(0.6秒)の脚腰の追従誤差 最大 0.941rad (left_ankle_pitch)  ※完走回の実測は最大0.949・転倒回は1.112(2026-08-26時点)
2026-08-27 14:13:45 フェーズ完走: sit_up_dp4_r2  温度 膝 L37/R37度  足首 L43/R43度  最大47度(j16)
2026-08-27 14:13:45 sit_up_dp4_r2 完了。全フェーズ終了 — 方策で姿勢維持中
2026-08-27 14:13:54 標準モード zero
2026-08-27 14:13:55 標準モード zero
2026-08-27 14:14:00 標準モード damp
2026-08-27 14:14:11 標準モード damp
2026-08-27 14:14:17 標準モード stand
2026-08-27 14:14:41 標準モード walk
2026-08-27 14:14:56 方策 sit_up_dp4_r2 を読み込みました。UserCtrl へ入ります
2026-08-27 14:14:56 UserCtrl進入: いまのFSM = 200
2026-08-27 14:14:56 ★FSM 802(走行)へ遷移します — 走行制御が動きます。リモコンE-STOPを握ってください
2026-08-27 14:15:02 ★802へ入れなかった(いまFSM=200)。中止します
2026-08-27 14:15:02 ★UserCtrlへ入れませんでした: 802へ遷移できない(FSM=200)
2026-08-27 14:15:15 標準モード damp
2026-08-27 14:15:25 標準モード stand
2026-08-27 14:15:47 方策 sit_up_dp4_r2 を読み込みました。UserCtrl へ入ります
2026-08-27 14:15:47 UserCtrl進入: いまのFSM = 4
2026-08-27 14:15:47 ★FSM 802(走行)へ遷移します — 走行制御が動きます。リモコンE-STOPを握ってください
2026-08-27 14:15:47 FSM 802 に到達(0.4秒)
2026-08-27 14:15:48 802で静止待ち 0.3秒 (関節速度 最大0.135rad/s)
2026-08-27 14:15:48 SwitchToUserCtrl(7110) → code=0 (0.00秒)  ※このACKは成否を表さない
2026-08-27 14:15:48 FSM 1000(UserCtrl)を確認(0.2秒)
2026-08-27 14:15:48 所有を確認: 左肩ピッチ +0.060rad指令 → 実測0.070rad / トルク-2.3Nm  掴んだ姿勢からのずれ 0.180rad
2026-08-27 14:15:48 ★UserCtrl取得 → 待たずに方策を開始します(静的保持を挟まない)
2026-08-27 14:15:48 引き継ぎ計測: 傾き6.7度 角速度0.32rad/s 開始姿勢のずれ 最大1.21rad (right_elbow 1.21, left_elbow 1.13, right_hip_yaw 0.39)
2026-08-27 14:15:48 ヨー合わせ: 実測の向きが参照より+110.4度ずれていたので参照側の座標系へ揃えました(2026-08-27より。これをしないと方策は向きの修正を同時にやろうとして膝の左右差が開きます)
2026-08-27 14:15:48 ── run002 開始 (cockpit_20260827_141335)
2026-08-27 14:15:48 フェーズ開始: sit_up_dp4_r2(395コマ / 7.9秒)  温度 膝 L38/R37度  足首 L43/R43度  最大49度(j16)
2026-08-27 14:15:48 方策開始: 1コマ目の跳び 0.052rad (left_ankle_pitch / 2N·m)  ランプ 0.30秒 / 参照ブレンド 0.50秒  ※完走回の実測は0.459/0.556rad・転倒回は0.404〜0.718
2026-08-27 14:15:56 制御周期: 中央1.0ms 最大1.0ms (1000Hz / 規定50Hz)
2026-08-27 14:15:56 開始直後(0.6秒)の脚腰の追従誤差 最大 0.889rad (left_ankle_pitch)  ※完走回の実測は最大0.949・転倒回は1.112(2026-08-26時点)
2026-08-27 14:15:56 フェーズ完走: sit_up_dp4_r2  温度 膝 L38/R37度  足首 L43/R43度  最大51度(j16)
2026-08-27 14:15:56 sit_up_dp4_r2 完了。全フェーズ終了 — 方策で姿勢維持中
2026-08-27 14:16:07 標準モード damp
2026-08-27 14:16:14 標準モード zero
2026-08-27 14:22:39 標準モード damp
2026-08-27 14:22:41 標準モード stand
2026-08-27 14:23:09 ★指令が届いていません — 指令が届いていない(mode_pr / 二重publish / 制御権を疑う)(実測0.000rad / トルク0.5Nm)
2026-08-27 14:23:09 カスタム制御へ引き継ぎ(現姿勢を保持中 傾き2度)。★このPD保持ではバランスは取れません — 支えたまま、速やかに方策を開始するか[ダンプ]へ戻すこと
