2026-08-26 13:12:01 開始姿勢に到達(脚腰の残差 0.131rad)。★保持中はバランスがありません — 支えたまま速やかに [▶ 単体実行] を押すこと
2026-08-26 13:13:29 準備済みの sit_up_deep_r2 をそのまま開始します
2026-08-26 13:13:29 引き継ぎ計測: 傾き5.2度 角速度0.00rad/s 開始姿勢のずれ 最大0.13rad (right_ankle_pitch 0.13, right_knee 0.11, left_knee 0.11)
2026-08-26 13:13:29 フェーズ開始: sit_up_deep_r2(395コマ / 7.9秒)  温度 膝 L42/R42度  足首 L48/R48度  最大54度(j22)
2026-08-26 13:13:30 ★DAMP: 傾き41度
2026-08-26 13:13:30 ★指令が拒否されました: E-STOPラッチ中
2026-08-26 13:13:44 E-STOPラッチを解除しました(標準モード damp)
2026-08-26 13:13:50 標準モード damp
2026-08-26 13:14:38 標準モード damp
2026-08-26 13:18:08 標準モード damp
2026-08-26 13:18:11 標準モード stand
2026-08-26 13:18:37 指令の到達を確認: OK(実測0.049rad / トルク0.1Nm)
2026-08-26 13:18:37 カスタム制御へ引き継ぎ(現姿勢を保持中 傾き0度)。★このPD保持ではバランスは取れません — 支えたまま、速やかに方策を開始するか[ダンプ]へ戻すこと
2026-08-26 13:18:41 指令の到達を確認: OK(実測0.075rad / トルク-2.4Nm)
2026-08-26 13:18:41 カスタム制御へ引き継ぎ(現姿勢を保持中 傾き9度)。★このPD保持ではバランスは取れません — 支えたまま、速やかに方策を開始するか[ダンプ]へ戻すこと
2026-08-26 13:18:59 標準モード stand
2026-08-26 13:19:14 標準モード stand
2026-08-26 13:19:26 標準モード damp
2026-08-26 13:19:32 標準モード stand
2026-08-26 13:19:50 標準モード stand
2026-08-26 13:19:53 標準モード damp
2026-08-26 13:20:00 標準モード stand
2026-08-26 13:20:20 指令の到達を確認: OK(実測0.054rad / トルク-0.5Nm)
2026-08-26 13:20:20 カスタム制御へ引き継ぎ(現姿勢を保持中 傾き5度)。★このPD保持ではバランスは取れません — 支えたまま、速やかに方策を開始するか[ダンプ]へ戻すこと
2026-08-26 13:20:33 開始姿勢へ1.5秒で寄せます(いまの脚腰の残差 0.359rad @ right_hip_yaw)
