2026-09-02 11:32:28 引き継ぎ計測: 傾き4.5度 角速度0.29rad/s 開始姿勢のずれ 最大0.38rad (right_hip_yaw 0.38, left_hip_yaw 0.23, right_knee 0.18)
2026-09-02 11:32:28 ヨー合わせ: 実測の向きが参照より+123.5度ずれていたので参照側の座標系へ揃えました(2026-08-27より。これをしないと方策は向きの修正を同時にやろうとして膝の左右差が開きます)
2026-09-02 11:32:28 補助: ★未記入 — 記録してください  ★立つモードで自立できていたかどうかが結果を決めている疑い
2026-09-02 11:32:28 ── run001 開始 (cockpit_20260902_113226)
2026-09-02 11:32:28 フェーズ開始: sit_up_ln20_r2(395コマ / 7.9秒)  温度 膝 L37/R37度  足首 L44/R45度  最大49度(j24)
2026-09-02 11:32:28 方策開始: 1コマ目の跳び 0.044rad (left_ankle_pitch / 2N·m)  ランプ 0.30秒 / 参照ブレンド 0.50秒  ※完走回の実測は0.459/0.556rad・転倒回は0.404〜0.718
2026-09-02 11:32:36 制御周期: 中央20.1ms 最大44.3ms (50Hz / 規定50Hz)  25ms超え26%  推論 中央7.3ms 最大27.3ms  ※正常時の実測は 中央20.0ms / 25ms超え24%
2026-09-02 11:32:36 開始直後(0.6秒)の脚腰の追従誤差 最大 0.483rad (left_ankle_pitch)  ※完走回の実測は最大0.949・転倒回は1.112(2026-08-26時点)
2026-09-02 11:32:36 フェーズ完走: sit_up_ln20_r2  温度 膝 L38/R37度  足首 L44/R45度  最大49度(j24)
2026-09-02 11:32:36 sit_up_ln20_r2 完了。全フェーズ終了 — 方策で姿勢維持中
2026-09-02 11:32:46 腕の残差スケール: 0.30 — 腕は参照の70%%ぶん方策の補正を受けなくなります
2026-09-02 11:32:48 標準モード damp
2026-09-02 11:33:27 標準モード zero
2026-09-02 11:33:51 標準モード damp
2026-09-02 11:34:24 標準モード stand
2026-09-02 11:34:43 方策 sit_up_ln20_r2 を読み込みました。UserCtrl へ入ります
2026-09-02 11:34:43 UserCtrl進入: いまのFSM = 4
2026-09-02 11:34:43 ★FSM 802(走行)へ遷移します — 走行制御が動きます。リモコンE-STOPを握ってください
2026-09-02 11:34:43 FSM 802 に到達(0.4秒)
2026-09-02 11:34:44 802で静止待ち 0.5秒 (関節速度 最大0.052rad/s)
2026-09-02 11:34:44 SwitchToUserCtrl(7110) → code=0 (0.00秒)  ※このACKは成否を表さない
2026-09-02 11:34:44 FSM 1000(UserCtrl)を確認(0.2秒)
2026-09-02 11:34:44 所有を確認: 左肩ピッチ +0.060rad指令 → 実測0.069rad / トルク-2.1Nm  掴んだ姿勢からのずれ 0.159rad
2026-09-02 11:34:44 ★UserCtrl取得 → 待たずに方策を開始します(静的保持を挟まない)
2026-09-02 11:34:44 引き継ぎ計測: 傾き7.6度 角速度0.34rad/s 開始姿勢のずれ 最大0.38rad (right_hip_yaw 0.38, right_hip_pitch 0.23, left_hip_yaw 0.22)
2026-09-02 11:34:44 ヨー合わせ: 実測の向きが参照より+118.0度ずれていたので参照側の座標系へ揃えました(2026-08-27より。これをしないと方策は向きの修正を同時にやろうとして膝の左右差が開きます)
2026-09-02 11:34:44 補助: ★未記入 — 記録してください  ★立つモードで自立できていたかどうかが結果を決めている疑い
2026-09-02 11:34:44 ── run002 開始 (cockpit_20260902_113226)
2026-09-02 11:34:44 フェーズ開始: sit_up_ln20_r2(395コマ / 7.9秒)  温度 膝 L38/R37度  足首 L44/R45度  最大49度(j23)
2026-09-02 11:34:44 方策開始: 1コマ目の跳び 0.053rad (left_ankle_pitch / 2N·m)  ランプ 0.30秒 / 参照ブレンド 0.50秒  ※完走回の実測は0.459/0.556rad・転倒回は0.404〜0.718
2026-09-02 11:34:53 制御周期: 中央20.0ms 最大63.2ms (50Hz / 規定50Hz)  25ms超え24%  推論 中央3.6ms 最大47.1ms  ※正常時の実測は 中央20.0ms / 25ms超え24%
2026-09-02 11:34:53 開始直後(0.6秒)の脚腰の追従誤差 最大 0.727rad (left_ankle_pitch)  ※完走回の実測は最大0.949・転倒回は1.112(2026-08-26時点)
2026-09-02 11:34:53 フェーズ完走: sit_up_ln20_r2  温度 膝 L38/R37度  足首 L44/R45度  最大49度(j23)
2026-09-02 11:34:53 sit_up_ln20_r2 完了。全フェーズ終了 — 方策で姿勢維持中
2026-09-02 11:34:58 腕の残差スケール: 0.50 — 腕は参照の50%%ぶん方策の補正を受けなくなります
2026-09-02 11:35:01 標準モード damp
2026-09-02 11:35:44 標準モード zero
2026-09-02 11:36:02 標準モード damp
2026-09-02 11:36:08 標準モード stand
2026-09-02 11:36:29 方策 sit_up_ln20_r2 を読み込みました。UserCtrl へ入ります
2026-09-02 11:36:29 UserCtrl進入: いまのFSM = 4
2026-09-02 11:36:29 ★FSM 802(走行)へ遷移します — 走行制御が動きます。リモコンE-STOPを握ってください
2026-09-02 11:36:29 FSM 802 に到達(0.4秒)
2026-09-02 11:36:30 802で静止待ち 0.5秒 (関節速度 最大0.147rad/s)
2026-09-02 11:36:30 SwitchToUserCtrl(7110) → code=0 (0.00秒)  ※このACKは成否を表さない
2026-09-02 11:36:30 FSM 1000(UserCtrl)を確認(0.2秒)
2026-09-02 11:36:30 所有を確認: 左肩ピッチ +0.060rad指令 → 実測0.067rad / トルク-1.9Nm  掴んだ姿勢からのずれ 0.144rad
2026-09-02 11:36:30 ★UserCtrl取得 → 待たずに方策を開始します(静的保持を挟まない)
2026-09-02 11:36:30 引き継ぎ計測: 傾き7.9度 角速度0.28rad/s 開始姿勢のずれ 最大0.38rad (right_hip_yaw 0.38, left_hip_yaw 0.26, right_hip_pitch 0.22)
2026-09-02 11:36:30 ヨー合わせ: 実測の向きが参照より+116.9度ずれていたので参照側の座標系へ揃えました(2026-08-27より。これをしないと方策は向きの修正を同時にやろうとして膝の左右差が開きます)
2026-09-02 11:36:30 補助: ★未記入 — 記録してください  ★立つモードで自立できていたかどうかが結果を決めている疑い
2026-09-02 11:36:30 ── run003 開始 (cockpit_20260902_113226)
2026-09-02 11:36:30 フェーズ開始: sit_up_ln20_r2(395コマ / 7.9秒)  温度 膝 L38/R37度  足首 L45/R45度  最大49度(j23)
2026-09-02 11:36:30 方策開始: 1コマ目の跳び 0.052rad (left_ankle_pitch / 2N·m)  ランプ 0.30秒 / 参照ブレンド 0.50秒  ※完走回の実測は0.459/0.556rad・転倒回は0.404〜0.718
2026-09-02 11:36:38 制御周期: 中央20.1ms 最大43.2ms (50Hz / 規定50Hz)  25ms超え24%  推論 中央3.3ms 最大31.2ms  ※正常時の実測は 中央20.0ms / 25ms超え24%
2026-09-02 11:36:38 開始直後(0.6秒)の脚腰の追従誤差 最大 0.751rad (left_ankle_pitch)  ※完走回の実測は最大0.949・転倒回は1.112(2026-08-26時点)
2026-09-02 11:36:38 フェーズ完走: sit_up_ln20_r2  温度 膝 L38/R37度  足首 L45/R45度  最大49度(j23)
2026-09-02 11:36:38 sit_up_ln20_r2 完了。全フェーズ終了 — 方策で姿勢維持中
2026-09-02 11:36:46 腕の残差スケール: 1.00(従来どおり)
2026-09-02 11:37:01 標準モード damp
2026-09-02 11:37:19 標準モード zero
2026-09-02 11:37:32 標準モード damp
2026-09-02 11:37:47 標準モード stand
2026-09-02 11:38:08 方策 sit_up_ln20_r2 を読み込みました。UserCtrl へ入ります
2026-09-02 11:38:08 UserCtrl進入: いまのFSM = 4
2026-09-02 11:38:08 ★FSM 802(走行)へ遷移します — 走行制御が動きます。リモコンE-STOPを握ってください
2026-09-02 11:38:08 FSM 802 に到達(0.4秒)
2026-09-02 11:38:09 802で静止待ち 0.4秒 (関節速度 最大0.100rad/s)
2026-09-02 11:38:09 SwitchToUserCtrl(7110) → code=0 (0.00秒)  ※このACKは成否を表さない
2026-09-02 11:38:09 FSM 1000(UserCtrl)を確認(0.2秒)
2026-09-02 11:38:09 所有を確認: 左肩ピッチ +0.060rad指令 → 実測0.071rad / トルク-2.1Nm  掴んだ姿勢からのずれ 0.169rad
2026-09-02 11:38:09 ★UserCtrl取得 → 待たずに方策を開始します(静的保持を挟まない)
2026-09-02 11:38:09 引き継ぎ計測: 傾き7.1度 角速度0.50rad/s 開始姿勢のずれ 最大0.39rad (right_hip_yaw 0.39, left_hip_pitch 0.23, left_hip_yaw 0.23)
2026-09-02 11:38:09 ヨー合わせ: 実測の向きが参照より+111.3度ずれていたので参照側の座標系へ揃えました(2026-08-27より。これをしないと方策は向きの修正を同時にやろうとして膝の左右差が開きます)
2026-09-02 11:38:09 補助: ★未記入 — 記録してください  ★立つモードで自立できていたかどうかが結果を決めている疑い
2026-09-02 11:38:09 ── run004 開始 (cockpit_20260902_113226)
2026-09-02 11:38:09 フェーズ開始: sit_up_ln20_r2(395コマ / 7.9秒)  温度 膝 L38/R37度  足首 L45/R45度  最大49度(j23)
2026-09-02 11:38:09 方策開始: 1コマ目の跳び 0.056rad (left_ankle_pitch / 2N·m)  ランプ 0.30秒 / 参照ブレンド 0.50秒  ※完走回の実測は0.459/0.556rad・転倒回は0.404〜0.718
2026-09-02 11:38:17 制御周期: 中央20.1ms 最大42.3ms (50Hz / 規定50Hz)  25ms超え25%  推論 中央3.0ms 最大32.1ms  ※正常時の実測は 中央20.0ms / 25ms超え24%
2026-09-02 11:38:17 開始直後(0.6秒)の脚腰の追従誤差 最大 0.884rad (left_ankle_pitch)  ※完走回の実測は最大0.949・転倒回は1.112(2026-08-26時点)
2026-09-02 11:38:17 フェーズ完走: sit_up_ln20_r2  温度 膝 L38/R37度  足首 L45/R45度  最大48度(j22)
2026-09-02 11:38:17 sit_up_ln20_r2 完了。全フェーズ終了 — 方策で姿勢維持中
2026-09-02 11:38:20 標準モード damp
2026-09-02 11:38:41 パターン選択: sit=sit_up_ln20d_r2
2026-09-02 11:38:54 標準モード zero
2026-09-02 11:39:17 標準モード damp
2026-09-02 11:39:23 標準モード stand
2026-09-02 11:39:42 UserCtrl進入: いまのFSM = 4
2026-09-02 11:39:42 ★FSM 802(走行)へ遷移します — 走行制御が動きます。リモコンE-STOPを握ってください
2026-09-02 11:39:43 FSM 802 に到達(0.4秒)
2026-09-02 11:39:43 802で静止待ち 0.5秒 (関節速度 最大0.025rad/s)
2026-09-02 11:39:43 SwitchToUserCtrl(7110) → code=0 (0.00秒)  ※このACKは成否を表さない
2026-09-02 11:39:44 FSM 1000(UserCtrl)を確認(0.2秒)
2026-09-02 11:39:44 所有を確認: 左肩ピッチ +0.060rad指令 → 実測0.068rad / トルク-1.9Nm  掴んだ姿勢からのずれ 0.139rad
2026-09-02 11:39:44 ★UserCtrl で制御権を取得(傾き7度)。脱力窓なし。そのまま [▶ 座る] を押せます
2026-09-02 11:40:05 標準モード damp
2026-09-02 11:40:28 パターン選択: sit=sit_up_ln20x_r2
2026-09-02 11:40:32 標準モード zero
2026-09-02 11:40:41 標準モード damp
2026-09-02 11:40:56 標準モード stand
2026-09-02 11:41:30 方策 sit_up_ln20x_r2 を読み込みました。UserCtrl へ入ります
2026-09-02 11:41:30 UserCtrl進入: いまのFSM = 4
2026-09-02 11:41:30 ★FSM 802(走行)へ遷移します — 走行制御が動きます。リモコンE-STOPを握ってください
2026-09-02 11:41:31 FSM 802 に到達(0.4秒)
2026-09-02 11:41:31 802で静止待ち 0.4秒 (関節速度 最大0.148rad/s)
2026-09-02 11:41:31 SwitchToUserCtrl(7110) → code=0 (0.00秒)  ※このACKは成否を表さない
2026-09-02 11:41:31 FSM 1000(UserCtrl)を確認(0.2秒)
2026-09-02 11:41:32 所有を確認: 左肩ピッチ +0.060rad指令 → 実測0.065rad / トルク-1.7Nm  掴んだ姿勢からのずれ 0.145rad
2026-09-02 11:41:32 ★UserCtrl取得 → 待たずに方策を開始します(静的保持を挟まない)
2026-09-02 11:41:32 引き継ぎ計測: 傾き7.0度 角速度0.38rad/s 開始姿勢のずれ 最大0.38rad (right_hip_yaw 0.38, left_hip_yaw 0.22, left_hip_pitch 0.20)
2026-09-02 11:41:32 ヨー合わせ: 実測の向きが参照より+109.1度ずれていたので参照側の座標系へ揃えました(2026-08-27より。これをしないと方策は向きの修正を同時にやろうとして膝の左右差が開きます)
2026-09-02 11:41:32 補助: ★未記入 — 記録してください  ★立つモードで自立できていたかどうかが結果を決めている疑い
2026-09-02 11:41:32 ── run005 開始 (cockpit_20260902_113226)
2026-09-02 11:41:32 フェーズ開始: sit_up_ln20x_r2(433コマ / 8.7秒)  温度 膝 L38/R38度  足首 L45/R45度  最大49度(j23)
2026-09-02 11:41:32 方策開始: 1コマ目の跳び 0.052rad (left_ankle_pitch / 2N·m)  ランプ 0.30秒 / 参照ブレンド 0.50秒  ※完走回の実測は0.459/0.556rad・転倒回は0.404〜0.718
2026-09-02 11:41:41 制御周期: 中央20.0ms 最大48.8ms (50Hz / 規定50Hz)  25ms超え25%  推論 中央4.6ms 最大35.7ms  ※正常時の実測は 中央20.0ms / 25ms超え24%
2026-09-02 11:41:41 開始直後(0.6秒)の脚腰の追従誤差 最大 0.667rad (left_ankle_pitch)  ※完走回の実測は最大0.949・転倒回は1.112(2026-08-26時点)
2026-09-02 11:41:41 フェーズ完走: sit_up_ln20x_r2  温度 膝 L38/R38度  足首 L45/R45度  最大49度(j23)
2026-09-02 11:41:41 sit_up_ln20x_r2 完了。全フェーズ終了 — 方策で姿勢維持中
2026-09-02 11:41:47 腕の残差スケール: 0.30 — 腕は参照の70%%ぶん方策の補正を受けなくなります
2026-09-02 11:41:50 標準モード damp
2026-09-02 11:42:05 標準モード zero
2026-09-02 11:42:30 標準モード damp
2026-09-02 11:42:37 標準モード stand
2026-09-02 11:42:52 方策 sit_up_ln20x_r2 を読み込みました。UserCtrl へ入ります
2026-09-02 11:42:52 UserCtrl進入: いまのFSM = 4
2026-09-02 11:42:52 ★FSM 802(走行)へ遷移します — 走行制御が動きます。リモコンE-STOPを握ってください
2026-09-02 11:42:53 FSM 802 に到達(0.4秒)
2026-09-02 11:42:53 802で静止待ち 0.3秒 (関節速度 最大0.100rad/s)
2026-09-02 11:42:53 SwitchToUserCtrl(7110) → code=0 (0.00秒)  ※このACKは成否を表さない
2026-09-02 11:42:54 FSM 1000(UserCtrl)を確認(0.2秒)
2026-09-02 11:42:54 所有を確認: 左肩ピッチ +0.060rad指令 → 実測0.067rad / トルク-1.9Nm  掴んだ姿勢からのずれ 0.168rad
2026-09-02 11:42:54 ★UserCtrl取得 → 待たずに方策を開始します(静的保持を挟まない)
2026-09-02 11:42:54 引き継ぎ計測: 傾き7.7度 角速度0.40rad/s 開始姿勢のずれ 最大0.41rad (right_hip_yaw 0.41, right_hip_pitch 0.22, left_hip_pitch 0.21)
2026-09-02 11:42:54 ヨー合わせ: 実測の向きが参照より+116.8度ずれていたので参照側の座標系へ揃えました(2026-08-27より。これをしないと方策は向きの修正を同時にやろうとして膝の左右差が開きます)
2026-09-02 11:42:54 補助: ★未記入 — 記録してください  ★立つモードで自立できていたかどうかが結果を決めている疑い
2026-09-02 11:42:54 ── run006 開始 (cockpit_20260902_113226)
2026-09-02 11:42:54 フェーズ開始: sit_up_ln20x_r2(433コマ / 8.7秒)  温度 膝 L38/R38度  足首 L45/R45度  最大49度(j22)
2026-09-02 11:42:54 方策開始: 1コマ目の跳び 0.056rad (left_ankle_pitch / 2N·m)  ランプ 0.30秒 / 参照ブレンド 0.50秒  ※完走回の実測は0.459/0.556rad・転倒回は0.404〜0.718
2026-09-02 11:43:03 制御周期: 中央20.1ms 最大44.7ms (50Hz / 規定50Hz)  25ms超え24%  推論 中央2.9ms 最大24.7ms  ※正常時の実測は 中央20.0ms / 25ms超え24%
2026-09-02 11:43:03 開始直後(0.6秒)の脚腰の追従誤差 最大 0.698rad (left_ankle_pitch)  ※完走回の実測は最大0.949・転倒回は1.112(2026-08-26時点)
2026-09-02 11:43:03 フェーズ完走: sit_up_ln20x_r2  温度 膝 L38/R38度  足首 L45/R45度  最大49度(j22)
2026-09-02 11:43:03 sit_up_ln20x_r2 完了。全フェーズ終了 — 方策で姿勢維持中
2026-09-02 11:43:07 標準モード damp
2026-09-02 11:43:36 標準モード zero
2026-09-02 11:44:07 標準モード damp
2026-09-02 11:44:13 標準モード stand
2026-09-02 11:44:31 方策 sit_up_ln20x_r2 を読み込みました。UserCtrl へ入ります
2026-09-02 11:44:31 UserCtrl進入: いまのFSM = 4
2026-09-02 11:44:31 ★FSM 802(走行)へ遷移します — 走行制御が動きます。リモコンE-STOPを握ってください
2026-09-02 11:44:31 FSM 802 に到達(0.4秒)
2026-09-02 11:44:32 802で静止待ち 0.3秒 (関節速度 最大0.046rad/s)
2026-09-02 11:44:32 SwitchToUserCtrl(7110) → code=0 (0.00秒)  ※このACKは成否を表さない
2026-09-02 11:44:32 FSM 1000(UserCtrl)を確認(0.2秒)
2026-09-02 11:44:32 所有を確認: 左肩ピッチ +0.060rad指令 → 実測0.069rad / トルク-2.1Nm  掴んだ姿勢からのずれ 0.180rad
2026-09-02 11:44:32 ★UserCtrl取得 → 待たずに方策を開始します(静的保持を挟まない)
2026-09-02 11:44:32 引き継ぎ計測: 傾き8.7度 角速度0.56rad/s 開始姿勢のずれ 最大0.38rad (right_hip_yaw 0.38, left_hip_yaw 0.24, right_hip_pitch 0.23)
2026-09-02 11:44:32 ヨー合わせ: 実測の向きが参照より+118.2度ずれていたので参照側の座標系へ揃えました(2026-08-27より。これをしないと方策は向きの修正を同時にやろうとして膝の左右差が開きます)
2026-09-02 11:44:32 補助: ★未記入 — 記録してください  ★立つモードで自立できていたかどうかが結果を決めている疑い
2026-09-02 11:44:32 ── run007 開始 (cockpit_20260902_113226)
2026-09-02 11:44:32 フェーズ開始: sit_up_ln20x_r2(433コマ / 8.7秒)  温度 膝 L38/R38度  足首 L45/R45度  最大49度(j22)
2026-09-02 11:44:32 方策開始: 1コマ目の跳び 0.058rad (left_ankle_pitch / 2N·m)  ランプ 0.30秒 / 参照ブレンド 0.50秒  ※完走回の実測は0.459/0.556rad・転倒回は0.404〜0.718
2026-09-02 11:44:37 ★DAMP: 制御周期が遅い: 直近5コマの中央44ms(規定20ms / 限度40ms) = 23Hz。方策は50Hz前提なのでスローモーションになり釣り合いを失う。★PCで他の重い処理(sim_compare/描画/ブラウザ)を止めてから再実行してください
2026-09-02 11:44:41 E-STOPラッチを解除しました(標準モード damp)
2026-09-02 11:44:41 標準モード damp
