2026-08-28 11:49:49 引き継ぎ計測: 傾き2.5度 角速度0.32rad/s 開始姿勢のずれ 最大0.38rad (right_hip_yaw 0.38, left_hip_yaw 0.24, right_knee 0.18)
2026-08-28 11:49:49 ヨー合わせ: 実測の向きが参照より+67.0度ずれていたので参照側の座標系へ揃えました(2026-08-27より。これをしないと方策は向きの修正を同時にやろうとして膝の左右差が開きます)
2026-08-28 11:49:49 補助: ★未記入 — 記録してください  ★立つモードで自立できていたかどうかが結果を決めている疑い
2026-08-28 11:49:49 ── run001 開始 (cockpit_20260828_114948)
2026-08-28 11:49:49 フェーズ開始: sit_up_ar1_r2(395コマ / 7.9秒)  温度 膝 L38/R38度  足首 L46/R47度  最大49度(j22)
2026-08-28 11:49:49 方策開始: 1コマ目の跳び 0.044rad (left_ankle_pitch / 2N·m)  ランプ 0.30秒 / 参照ブレンド 0.50秒  ※完走回の実測は0.459/0.556rad・転倒回は0.404〜0.718
2026-08-28 11:49:54 制御周期: 中央19.9ms 最大52.0ms (50Hz / 規定50Hz)  25ms超え32%  推論 中央6.3ms 最大47.8ms  ※正常時の実測は 中央20.0ms / 25ms超え24%
2026-08-28 11:49:54 開始直後(0.6秒)の脚腰の追従誤差 最大 0.690rad (left_ankle_pitch)  ※完走回の実測は最大0.949・転倒回は1.112(2026-08-26時点)
2026-08-28 11:49:54 フェーズ完走: sit_up_ar1_r2  温度 膝 L38/R38度  足首 L46/R47度  最大49度(j22)
2026-08-28 11:49:54 sit_up_ar1_r2 完了。全フェーズ終了 — 方策で姿勢維持中
2026-08-28 11:50:06 標準モード damp
2026-08-28 11:51:02 標準モード zero
2026-08-28 11:51:41 標準モード damp
2026-08-28 11:52:05 標準モード stand
2026-08-28 11:52:23 方策 sit_up_ar1_r2 を読み込みました。UserCtrl へ入ります
2026-08-28 11:52:23 UserCtrl進入: いまのFSM = 4
2026-08-28 11:52:23 ★FSM 802(走行)へ遷移します — 走行制御が動きます。リモコンE-STOPを握ってください
2026-08-28 11:52:24 FSM 802 に到達(0.4秒)
2026-08-28 11:52:24 802で静止待ち 0.4秒 (関節速度 最大0.119rad/s)
2026-08-28 11:52:24 SwitchToUserCtrl(7110) → code=0 (0.00秒)  ※このACKは成否を表さない
2026-08-28 11:52:25 FSM 1000(UserCtrl)を確認(0.2秒)
2026-08-28 11:52:25 所有を確認: 左肩ピッチ +0.060rad指令 → 実測0.062rad / トルク-1.5Nm  掴んだ姿勢からのずれ 0.176rad
2026-08-28 11:52:25 ★UserCtrl取得 → 待たずに方策を開始します(静的保持を挟まない)
2026-08-28 11:52:25 引き継ぎ計測: 傾き5.7度 角速度0.28rad/s 開始姿勢のずれ 最大0.35rad (right_hip_yaw 0.35, left_hip_pitch 0.24, left_hip_yaw 0.24)
2026-08-28 11:52:25 ヨー合わせ: 実測の向きが参照より+66.2度ずれていたので参照側の座標系へ揃えました(2026-08-27より。これをしないと方策は向きの修正を同時にやろうとして膝の左右差が開きます)
2026-08-28 11:52:25 補助: ★未記入 — 記録してください  ★立つモードで自立できていたかどうかが結果を決めている疑い
2026-08-28 11:52:25 ── run002 開始 (cockpit_20260828_114948)
2026-08-28 11:52:25 フェーズ開始: sit_up_ar1_r2(395コマ / 7.9秒)  温度 膝 L38/R38度  足首 L46/R46度  最大49度(j22)
2026-08-28 11:52:25 方策開始: 1コマ目の跳び 0.058rad (left_ankle_pitch / 2N·m)  ランプ 0.30秒 / 参照ブレンド 0.50秒  ※完走回の実測は0.459/0.556rad・転倒回は0.404〜0.718
2026-08-28 11:52:26 ★DAMP: 受信途絶(205ms)
2026-08-28 11:54:49 E-STOPラッチを解除しました(標準モード damp)
2026-08-28 11:54:52 ★標準モード damp を処理中です。少し待ってください
2026-08-28 11:54:52 標準モード damp
2026-08-28 11:54:54 標準モード zero
2026-08-28 11:54:58 標準モード damp
2026-08-28 11:55:00 標準モード zero
