2026-09-03 14:20:52 引き継ぎ計測: 傾き3.5度 角速度0.35rad/s 開始姿勢のずれ 最大0.24rad (right_hip_pitch 0.24, left_hip_pitch 0.23, right_knee 0.14)
2026-09-03 14:20:52 ヨー合わせ: 実測の向きが参照より+92.7度ずれていたので参照側の座標系へ揃えました(2026-08-27より。これをしないと方策は向きの修正を同時にやろうとして膝の左右差が開きます)
2026-09-03 14:20:52 補助: ★未記入 — 記録してください  ★立つモードで自立できていたかどうかが結果を決めている疑い
2026-09-03 14:20:52 ── run001 開始 (cockpit_20260903_142050)
2026-09-03 14:20:52 フェーズ開始: sit_up_ln23_r2(395コマ / 7.9秒)  温度 膝 L41/R40度  足首 L48/R48度  最大53度(j24)
2026-09-03 14:20:52 方策開始: 1コマ目の跳び 0.050rad (left_ankle_pitch / 2N·m)  ランプ 0.30秒 / 参照ブレンド 0.50秒  ※完走回の実測は0.459/0.556rad・転倒回は0.404〜0.718
2026-09-03 14:21:00 制御周期: 中央20.3ms 最大34.3ms (49Hz / 規定50Hz)  25ms超え13%  推論 中央8.6ms 最大17.5ms  ※正常時の実測は 中央20.0ms / 25ms超え24%
2026-09-03 14:21:00 開始直後(0.6秒)の脚腰の追従誤差 最大 0.697rad (left_ankle_pitch)  ※完走回の実測は最大0.949・転倒回は1.112(2026-08-26時点)
2026-09-03 14:21:00 フェーズ完走: sit_up_ln23_r2  温度 膝 L41/R40度  足首 L48/R48度  最大53度(j24)
2026-09-03 14:21:00 sit_up_ln23_r2 完了。全フェーズ終了 — 方策で姿勢維持中
2026-09-03 14:21:00 完了後の自動移行: 着座(FSM3) へ渡します
2026-09-03 14:21:00 標準モード seated
2026-09-03 14:25:36 方策 sit_up_ln23_r2 を読み込みました。UserCtrl へ入ります
2026-09-03 14:25:36 UserCtrl進入: いまのFSM = 501
2026-09-03 14:25:36 ★FSM 802(走行)へ遷移します — 走行制御が動きます。リモコンE-STOPを握ってください
2026-09-03 14:25:36 FSM 802 に到達(0.4秒)
2026-09-03 14:25:37 802で静止待ち 0.6秒 (関節速度 最大0.067rad/s)
2026-09-03 14:25:37 SwitchToUserCtrl(7110) → code=0 (0.00秒)  ※このACKは成否を表さない
2026-09-03 14:25:37 FSM 1000 の確認に 0.2秒 かかりました(経過 802→1000)
2026-09-03 14:25:37 FSM 1000(UserCtrl)を確認(0.2秒)
2026-09-03 14:25:37 所有を確認: 左肩ピッチ +0.060rad指令 → 実測0.054rad / トルク-0.8Nm  掴んだ姿勢からのずれ 0.137rad
2026-09-03 14:25:37 ★UserCtrl取得 → 待たずに方策を開始します(静的保持を挟まない)
2026-09-03 14:25:37 引き継ぎ計測: 傾き7.6度 角速度0.44rad/s 開始姿勢のずれ 最大0.24rad (right_hip_pitch 0.24, left_hip_pitch 0.21, left_shoulder_pitch 0.11)
2026-09-03 14:25:37 ヨー合わせ: 実測の向きが参照より+80.6度ずれていたので参照側の座標系へ揃えました(2026-08-27より。これをしないと方策は向きの修正を同時にやろうとして膝の左右差が開きます)
2026-09-03 14:25:37 補助: ★未記入 — 記録してください  ★立つモードで自立できていたかどうかが結果を決めている疑い
2026-09-03 14:25:37 ── run002 開始 (cockpit_20260903_142050)
2026-09-03 14:25:37 フェーズ開始: sit_up_ln23_r2(395コマ / 7.9秒)  温度 膝 L43/R43度  足首 L49/R48度  最大53度(j22)
2026-09-03 14:25:37 方策開始: 1コマ目の跳び 0.035rad (left_ankle_pitch / 1N·m)  ランプ 0.30秒 / 参照ブレンド 0.50秒  ※完走回の実測は0.459/0.556rad・転倒回は0.404〜0.718
2026-09-03 14:25:39 ★実行できません: 実行中(RUNNING)
2026-09-03 14:25:45 制御周期: 中央20.3ms 最大38.1ms (49Hz / 規定50Hz)  25ms超え12%  推論 中央8.8ms 最大20.8ms  ※正常時の実測は 中央20.0ms / 25ms超え24%
2026-09-03 14:25:45 開始直後(0.6秒)の脚腰の追従誤差 最大 0.296rad (left_ankle_pitch)  ※完走回の実測は最大0.949・転倒回は1.112(2026-08-26時点)
2026-09-03 14:25:45 フェーズ完走: sit_up_ln23_r2  温度 膝 L43/R43度  足首 L48/R48度  最大53度(j22)
2026-09-03 14:25:45 sit_up_ln23_r2 完了。全フェーズ終了 — 方策で姿勢維持中
2026-09-03 14:25:45 完了後の自動移行: 着座(FSM3) へ渡します
2026-09-03 14:25:46 標準モード seated
2026-09-03 14:26:06 標準モード stand
2026-09-03 14:26:06 ★標準モード stand を処理中です。少し待ってください
2026-09-03 14:26:06 ★標準モード stand を処理中です。少し待ってください
2026-09-03 14:26:06 標準モード stand
2026-09-03 14:26:07 標準モード damp
2026-09-03 14:26:07 標準モード damp
2026-09-03 14:26:13 標準モード damp
