2026-08-27 15:44:24 引き継ぎ計測: 傾き8.4度 角速度0.26rad/s 開始姿勢のずれ 最大1.23rad (right_elbow 1.23, left_elbow 1.20, right_hip_yaw 0.38)
2026-08-27 15:44:24 ヨー合わせ: 実測の向きが参照より+90.4度ずれていたので参照側の座標系へ揃えました(2026-08-27より。これをしないと方策は向きの修正を同時にやろうとして膝の左右差が開きます)
2026-08-27 15:44:24 補助: ★未記入 — 記録してください  ★立つモードで自立できていたかどうかが結果を決めている疑い
2026-08-27 15:44:24 ── run001 開始 (cockpit_20260827_154422)
2026-08-27 15:44:24 フェーズ開始: sit_up_dp4_r2(395コマ / 7.9秒)  温度 膝 L37/R36度  足首 L44/R44度  最大46度(j14)
2026-08-27 15:44:24 方策開始: 1コマ目の跳び 0.046rad (left_ankle_pitch / 2N·m)  ランプ 0.30秒 / 参照ブレンド 0.50秒  ※完走回の実測は0.459/0.556rad・転倒回は0.404〜0.718
2026-08-27 15:44:32 制御周期: 中央1.0ms 最大1.0ms (1000Hz / 規定50Hz)
2026-08-27 15:44:32 開始直後(0.6秒)の脚腰の追従誤差 最大 0.889rad (left_ankle_pitch)  ※完走回の実測は最大0.949・転倒回は1.112(2026-08-26時点)
2026-08-27 15:44:32 フェーズ完走: sit_up_dp4_r2  温度 膝 L37/R36度  足首 L44/R44度  最大46度(j14)
2026-08-27 15:44:32 sit_up_dp4_r2 完了。全フェーズ終了 — 方策で姿勢維持中
2026-08-27 15:44:37 標準モード zero
2026-08-27 15:44:41 標準モード damp
2026-08-27 15:44:42 標準モード zero
2026-08-27 15:44:47 標準モード damp
2026-08-27 15:44:51 標準モード stand
2026-08-27 15:45:46 方策 sit_up_dp4_r2 を読み込みました。UserCtrl へ入ります
2026-08-27 15:45:47 UserCtrl進入: いまのFSM = 4
2026-08-27 15:45:47 ★FSM 802(走行)へ遷移します — 走行制御が動きます。リモコンE-STOPを握ってください
2026-08-27 15:45:47 FSM 802 に到達(0.4秒)
2026-08-27 15:45:47 802で静止待ち 0.1秒 (関節速度 最大0.109rad/s)
2026-08-27 15:45:47 SwitchToUserCtrl(7110) → code=0 (0.00秒)  ※このACKは成否を表さない
2026-08-27 15:45:47 FSM 1000(UserCtrl)を確認(0.2秒)
2026-08-27 15:45:48 所有を確認: 左肩ピッチ +0.060rad指令 → 実測0.065rad / トルク-1.9Nm  掴んだ姿勢からのずれ 0.196rad
2026-08-27 15:45:48 ★UserCtrl取得 → 待たずに方策を開始します(静的保持を挟まない)
2026-08-27 15:45:48 引き継ぎ計測: 傾き8.8度 角速度0.39rad/s 開始姿勢のずれ 最大1.21rad (left_elbow 1.21, right_elbow 1.19, right_hip_yaw 0.35)
2026-08-27 15:45:48 ヨー合わせ: 実測の向きが参照より+80.7度ずれていたので参照側の座標系へ揃えました(2026-08-27より。これをしないと方策は向きの修正を同時にやろうとして膝の左右差が開きます)
2026-08-27 15:45:48 補助: ★未記入 — 記録してください  ★立つモードで自立できていたかどうかが結果を決めている疑い
2026-08-27 15:45:48 ── run002 開始 (cockpit_20260827_154422)
2026-08-27 15:45:48 フェーズ開始: sit_up_dp4_r2(395コマ / 7.9秒)  温度 膝 L37/R37度  足首 L44/R45度  最大47度(j14)
2026-08-27 15:45:48 方策開始: 1コマ目の跳び 0.049rad (left_ankle_pitch / 2N·m)  ランプ 0.30秒 / 参照ブレンド 0.50秒  ※完走回の実測は0.459/0.556rad・転倒回は0.404〜0.718
2026-08-27 15:45:52 標準モード damp
2026-08-27 15:46:03 標準モード zero
2026-08-27 15:46:19 標準モード damp
2026-08-27 15:46:26 標準モード stand
2026-08-27 15:46:48 方策 sit_up_dp4_r2 を読み込みました。UserCtrl へ入ります
2026-08-27 15:46:48 UserCtrl進入: いまのFSM = 4
2026-08-27 15:46:48 ★FSM 802(走行)へ遷移します — 走行制御が動きます。リモコンE-STOPを握ってください
2026-08-27 15:46:49 FSM 802 に到達(0.4秒)
2026-08-27 15:46:49 802で静止待ち 0.3秒 (関節速度 最大0.115rad/s)
2026-08-27 15:46:49 SwitchToUserCtrl(7110) → code=0 (0.00秒)  ※このACKは成否を表さない
2026-08-27 15:46:50 FSM 1000(UserCtrl)を確認(0.2秒)
2026-08-27 15:46:50 所有を確認: 左肩ピッチ +0.060rad指令 → 実測0.068rad / トルク-2.1Nm  掴んだ姿勢からのずれ 0.182rad
2026-08-27 15:46:50 ★UserCtrl取得 → 待たずに方策を開始します(静的保持を挟まない)
2026-08-27 15:46:50 引き継ぎ計測: 傾き8.7度 角速度0.37rad/s 開始姿勢のずれ 最大1.21rad (right_elbow 1.21, left_elbow 1.21, right_hip_yaw 0.36)
2026-08-27 15:46:50 ヨー合わせ: 実測の向きが参照より+91.4度ずれていたので参照側の座標系へ揃えました(2026-08-27より。これをしないと方策は向きの修正を同時にやろうとして膝の左右差が開きます)
2026-08-27 15:46:50 補助: ★未記入 — 記録してください  ★立つモードで自立できていたかどうかが結果を決めている疑い
2026-08-27 15:46:50 ── run003 開始 (cockpit_20260827_154422)
2026-08-27 15:46:50 フェーズ開始: sit_up_dp4_r2(395コマ / 7.9秒)  温度 膝 L37/R37度  足首 L44/R45度  最大47度(j14)
2026-08-27 15:46:50 方策開始: 1コマ目の跳び 0.044rad (left_ankle_pitch / 2N·m)  ランプ 0.30秒 / 参照ブレンド 0.50秒  ※完走回の実測は0.459/0.556rad・転倒回は0.404〜0.718
2026-08-27 15:46:58 制御周期: 中央1.0ms 最大1.0ms (1000Hz / 規定50Hz)
2026-08-27 15:46:58 開始直後(0.6秒)の脚腰の追従誤差 最大 0.870rad (left_ankle_pitch)  ※完走回の実測は最大0.949・転倒回は1.112(2026-08-26時点)
2026-08-27 15:46:58 フェーズ完走: sit_up_dp4_r2  温度 膝 L37/R37度  足首 L44/R45度  最大47度(j14)
2026-08-27 15:46:58 sit_up_dp4_r2 完了。全フェーズ終了 — 方策で姿勢維持中
2026-08-27 15:47:05 標準モード damp
2026-08-27 15:47:10 標準モード zero
2026-08-27 15:47:30 標準モード zero
2026-08-27 15:47:41 標準モード damp
2026-08-27 15:47:47 標準モード stand
2026-08-27 15:48:06 方策 sit_up_dp4_r2 を読み込みました。UserCtrl へ入ります
2026-08-27 15:48:06 UserCtrl進入: いまのFSM = 4
2026-08-27 15:48:06 ★FSM 802(走行)へ遷移します — 走行制御が動きます。リモコンE-STOPを握ってください
2026-08-27 15:48:06 FSM 802 に到達(0.4秒)
2026-08-27 15:48:07 802で静止待ち 0.2秒 (関節速度 最大0.094rad/s)
2026-08-27 15:48:07 SwitchToUserCtrl(7110) → code=0 (0.00秒)  ※このACKは成否を表さない
2026-08-27 15:48:07 FSM 1000(UserCtrl)を確認(0.2秒)
2026-08-27 15:48:07 所有を確認: 左肩ピッチ +0.060rad指令 → 実測0.068rad / トルク-2.0Nm  掴んだ姿勢からのずれ 0.174rad
2026-08-27 15:48:07 ★UserCtrl取得 → 待たずに方策を開始します(静的保持を挟まない)
2026-08-27 15:48:07 引き継ぎ計測: 傾き8.8度 角速度0.32rad/s 開始姿勢のずれ 最大1.21rad (left_elbow 1.21, right_elbow 1.21, right_hip_yaw 0.35)
2026-08-27 15:48:07 ヨー合わせ: 実測の向きが参照より+88.0度ずれていたので参照側の座標系へ揃えました(2026-08-27より。これをしないと方策は向きの修正を同時にやろうとして膝の左右差が開きます)
2026-08-27 15:48:07 補助: ★未記入 — 記録してください  ★立つモードで自立できていたかどうかが結果を決めている疑い
2026-08-27 15:48:07 ── run004 開始 (cockpit_20260827_154422)
2026-08-27 15:48:07 フェーズ開始: sit_up_dp4_r2(395コマ / 7.9秒)  温度 膝 L38/R37度  足首 L45/R45度  最大48度(j16)
2026-08-27 15:48:07 方策開始: 1コマ目の跳び 0.042rad (left_ankle_pitch / 2N·m)  ランプ 0.30秒 / 参照ブレンド 0.50秒  ※完走回の実測は0.459/0.556rad・転倒回は0.404〜0.718
2026-08-27 15:48:15 制御周期: 中央1.0ms 最大1.0ms (1000Hz / 規定50Hz)
2026-08-27 15:48:15 開始直後(0.6秒)の脚腰の追従誤差 最大 0.841rad (left_ankle_pitch)  ※完走回の実測は最大0.949・転倒回は1.112(2026-08-26時点)
2026-08-27 15:48:15 フェーズ完走: sit_up_dp4_r2  温度 膝 L37/R37度  足首 L45/R45度  最大48度(j16)
2026-08-27 15:48:15 sit_up_dp4_r2 完了。全フェーズ終了 — 方策で姿勢維持中
2026-08-27 15:48:17 標準モード damp
2026-08-27 15:49:48 標準モード zero
