2026-08-28 11:29:30 引き継ぎ計測: 傾き8.7度 角速度0.42rad/s 開始姿勢のずれ 最大0.35rad (right_hip_yaw 0.35, left_hip_yaw 0.25, right_hip_pitch 0.22)
2026-08-28 11:29:30 ヨー合わせ: 実測の向きが参照より+65.2度ずれていたので参照側の座標系へ揃えました(2026-08-27より。これをしないと方策は向きの修正を同時にやろうとして膝の左右差が開きます)
2026-08-28 11:29:30 補助: ★未記入 — 記録してください  ★立つモードで自立できていたかどうかが結果を決めている疑い
2026-08-28 11:29:30 ── run001 開始 (cockpit_20260828_112929)
2026-08-28 11:29:30 フェーズ開始: sit_up_ar1_r2(395コマ / 7.9秒)  温度 膝 L37/R38度  足首 L45/R46度  最大47度(j11)
2026-08-28 11:29:30 方策開始: 1コマ目の跳び 0.049rad (left_ankle_pitch / 2N·m)  ランプ 0.30秒 / 参照ブレンド 0.50秒  ※完走回の実測は0.459/0.556rad・転倒回は0.404〜0.718
2026-08-28 11:29:39 制御周期: 中央20.1ms 最大50.9ms (50Hz / 規定50Hz)  25ms超え26%  推論 中央3.8ms 最大29.3ms  ※正常時の実測は 中央20.0ms / 25ms超え24%
2026-08-28 11:29:39 開始直後(0.6秒)の脚腰の追従誤差 最大 0.757rad (left_ankle_pitch)  ※完走回の実測は最大0.949・転倒回は1.112(2026-08-26時点)
2026-08-28 11:29:39 フェーズ完走: sit_up_ar1_r2  温度 膝 L37/R38度  足首 L45/R46度  最大47度(j11)
2026-08-28 11:29:39 sit_up_ar1_r2 完了。全フェーズ終了 — 方策で姿勢維持中
2026-08-28 11:30:00 標準モード damp
2026-08-28 11:31:07 標準モード zero
2026-08-28 11:31:55 標準モード damp
2026-08-28 11:31:58 標準モード zero
2026-08-28 11:32:09 標準モード damp
2026-08-28 11:32:16 標準モード stand
2026-08-28 11:32:36 内蔵制御から引き継ぎます(姿勢を保持したまま解放) 角速度0.01rad/s
2026-08-28 11:32:36 ★指令が届いていません — 指令が届いていない(動き-0.0000rad < 必要0.018rad / mode_pr・二重publish・制御権を疑う)。開始を中止します(実測-0.000rad / トルク0.3Nm)
2026-08-28 11:32:39 ★DAMP: 傾き40度
2026-08-28 11:32:46 E-STOPラッチを解除しました(標準モード damp)
2026-08-28 11:32:48 ★標準モード damp を処理中です。少し待ってください
2026-08-28 11:32:49 ★DAMP: 操作者による緊急停止
2026-08-28 11:32:49 (標準モード中のE-STOP: SDKのDampを送信済み)
2026-08-28 11:32:52 標準モード damp
2026-08-28 11:32:59 E-STOPラッチを解除しました(標準モード zero)
2026-08-28 11:32:59 標準モード zero
2026-08-28 11:34:04 標準モード damp
2026-08-28 11:34:17 標準モード stand
2026-08-28 11:34:46 方策 sit_up_ar1_r2 を読み込みました。UserCtrl へ入ります
2026-08-28 11:34:46 UserCtrl進入: いまのFSM = 4
2026-08-28 11:34:46 ★FSM 802(走行)へ遷移します — 走行制御が動きます。リモコンE-STOPを握ってください
2026-08-28 11:34:46 FSM 802 に到達(0.4秒)
2026-08-28 11:34:47 802で静止待ち 0.5秒 (関節速度 最大0.086rad/s)
2026-08-28 11:34:47 SwitchToUserCtrl(7110) → code=0 (0.00秒)  ※このACKは成否を表さない
2026-08-28 11:34:47 FSM 1000(UserCtrl)を確認(0.2秒)
2026-08-28 11:34:47 所有を確認: 左肩ピッチ +0.060rad指令 → 実測0.071rad / トルク-2.1Nm  掴んだ姿勢からのずれ 0.163rad
2026-08-28 11:34:47 ★UserCtrl取得 → 待たずに方策を開始します(静的保持を挟まない)
2026-08-28 11:34:47 引き継ぎ計測: 傾き7.3度 角速度0.35rad/s 開始姿勢のずれ 最大0.38rad (right_hip_yaw 0.38, right_hip_pitch 0.24, left_hip_pitch 0.23)
2026-08-28 11:34:47 ヨー合わせ: 実測の向きが参照より+58.9度ずれていたので参照側の座標系へ揃えました(2026-08-27より。これをしないと方策は向きの修正を同時にやろうとして膝の左右差が開きます)
2026-08-28 11:34:47 補助: ★未記入 — 記録してください  ★立つモードで自立できていたかどうかが結果を決めている疑い
2026-08-28 11:34:47 ── run002 開始 (cockpit_20260828_112929)
2026-08-28 11:34:47 フェーズ開始: sit_up_ar1_r2(395コマ / 7.9秒)  温度 膝 L38/R38度  足首 L45/R46度  最大47度(j11)
2026-08-28 11:34:47 方策開始: 1コマ目の跳び 0.057rad (left_ankle_pitch / 2N·m)  ランプ 0.30秒 / 参照ブレンド 0.50秒  ※完走回の実測は0.459/0.556rad・転倒回は0.404〜0.718
2026-08-28 11:34:55 制御周期: 中央20.1ms 最大41.7ms (50Hz / 規定50Hz)  25ms超え28%  推論 中央5.6ms 最大29.7ms  ※正常時の実測は 中央20.0ms / 25ms超え24%
2026-08-28 11:34:55 開始直後(0.6秒)の脚腰の追従誤差 最大 0.849rad (left_ankle_pitch)  ※完走回の実測は最大0.949・転倒回は1.112(2026-08-26時点)
2026-08-28 11:34:55 フェーズ完走: sit_up_ar1_r2  温度 膝 L38/R38度  足首 L45/R46度  最大47度(j11)
2026-08-28 11:34:55 sit_up_ar1_r2 完了。全フェーズ終了 — 方策で姿勢維持中
2026-08-28 11:34:58 標準モード damp
2026-08-28 11:36:10 標準モード damp
2026-08-28 11:36:12 標準モード damp
2026-08-28 11:36:14 標準モード damp
2026-08-28 11:36:25 標準モード stand
2026-08-28 11:36:50 方策 sit_up_ar1_r2 を読み込みました。UserCtrl へ入ります
2026-08-28 11:36:50 UserCtrl進入: いまのFSM = 4
2026-08-28 11:36:50 ★FSM 802(走行)へ遷移します — 走行制御が動きます。リモコンE-STOPを握ってください
2026-08-28 11:36:51 FSM 802 に到達(0.4秒)
2026-08-28 11:36:51 802で静止待ち 0.2秒 (関節速度 最大0.087rad/s)
2026-08-28 11:36:51 SwitchToUserCtrl(7110) → code=0 (0.00秒)  ※このACKは成否を表さない
2026-08-28 11:36:51 FSM 1000(UserCtrl)を確認(0.2秒)
2026-08-28 11:36:51 所有を確認: 左肩ピッチ +0.060rad指令 → 実測0.075rad / トルク-2.4Nm  掴んだ姿勢からのずれ 0.208rad
2026-08-28 11:36:51 ★UserCtrl取得 → 待たずに方策を開始します(静的保持を挟まない)
2026-08-28 11:36:51 引き継ぎ計測: 傾き8.8度 角速度0.53rad/s 開始姿勢のずれ 最大0.38rad (right_hip_yaw 0.38, left_hip_yaw 0.27, right_ankle_pitch 0.27)
2026-08-28 11:36:51 ヨー合わせ: 実測の向きが参照より+65.6度ずれていたので参照側の座標系へ揃えました(2026-08-27より。これをしないと方策は向きの修正を同時にやろうとして膝の左右差が開きます)
2026-08-28 11:36:51 補助: ★未記入 — 記録してください  ★立つモードで自立できていたかどうかが結果を決めている疑い
2026-08-28 11:36:51 ── run003 開始 (cockpit_20260828_112929)
2026-08-28 11:36:51 フェーズ開始: sit_up_ar1_r2(395コマ / 7.9秒)  温度 膝 L38/R38度  足首 L46/R46度  最大47度(j11)
2026-08-28 11:36:51 方策開始: 1コマ目の跳び 0.060rad (left_ankle_pitch / 2N·m)  ランプ 0.30秒 / 参照ブレンド 0.50秒  ※完走回の実測は0.459/0.556rad・転倒回は0.404〜0.718
2026-08-28 11:36:59 制御周期: 中央20.0ms 最大46.1ms (50Hz / 規定50Hz)  25ms超え21%  推論 中央2.6ms 最大26.4ms  ※正常時の実測は 中央20.0ms / 25ms超え24%
2026-08-28 11:36:59 開始直後(0.6秒)の脚腰の追従誤差 最大 0.972rad (left_ankle_pitch)  ※完走回の実測は最大0.949・転倒回は1.112(2026-08-26時点)
2026-08-28 11:36:59 フェーズ完走: sit_up_ar1_r2  温度 膝 L38/R38度  足首 L46/R46度  最大49度(j16)
2026-08-28 11:36:59 sit_up_ar1_r2 完了。全フェーズ終了 — 方策で姿勢維持中
2026-08-28 11:37:01 標準モード damp
2026-08-28 11:37:30 標準モード zero
2026-08-28 11:37:45 標準モード damp
2026-08-28 11:37:53 標準モード stand
2026-08-28 11:38:22 方策 sit_up_ar1_r2 を読み込みました。UserCtrl へ入ります
2026-08-28 11:38:23 UserCtrl進入: いまのFSM = 4
2026-08-28 11:38:23 ★FSM 802(走行)へ遷移します — 走行制御が動きます。リモコンE-STOPを握ってください
2026-08-28 11:38:23 FSM 802 に到達(0.4秒)
2026-08-28 11:38:23 802で静止待ち 0.1秒 (関節速度 最大0.142rad/s)
2026-08-28 11:38:23 SwitchToUserCtrl(7110) → code=0 (0.00秒)  ※このACKは成否を表さない
2026-08-28 11:38:23 FSM 1000(UserCtrl)を確認(0.2秒)
2026-08-28 11:38:24 所有を確認: 左肩ピッチ +0.060rad指令 → 実測0.072rad / トルク-2.2Nm  掴んだ姿勢からのずれ 0.207rad
2026-08-28 11:38:24 ★UserCtrl取得 → 待たずに方策を開始します(静的保持を挟まない)
2026-08-28 11:38:24 引き継ぎ計測: 傾き8.5度 角速度0.35rad/s 開始姿勢のずれ 最大0.36rad (right_hip_yaw 0.36, right_ankle_pitch 0.32, left_hip_yaw 0.28)
2026-08-28 11:38:24 ヨー合わせ: 実測の向きが参照より+69.7度ずれていたので参照側の座標系へ揃えました(2026-08-27より。これをしないと方策は向きの修正を同時にやろうとして膝の左右差が開きます)
2026-08-28 11:38:24 補助: ★未記入 — 記録してください  ★立つモードで自立できていたかどうかが結果を決めている疑い
2026-08-28 11:38:24 ── run004 開始 (cockpit_20260828_112929)
2026-08-28 11:38:24 フェーズ開始: sit_up_ar1_r2(395コマ / 7.9秒)  温度 膝 L38/R38度  足首 L46/R46度  最大48度(j22)
2026-08-28 11:38:24 方策開始: 1コマ目の跳び 0.060rad (left_ankle_pitch / 2N·m)  ランプ 0.30秒 / 参照ブレンド 0.50秒  ※完走回の実測は0.459/0.556rad・転倒回は0.404〜0.718
2026-08-28 11:38:32 制御周期: 中央20.1ms 最大47.2ms (50Hz / 規定50Hz)  25ms超え25%  推論 中央3.0ms 最大32.9ms  ※正常時の実測は 中央20.0ms / 25ms超え24%
2026-08-28 11:38:32 開始直後(0.6秒)の脚腰の追従誤差 最大 0.960rad (left_ankle_pitch)  ※完走回の実測は最大0.949・転倒回は1.112(2026-08-26時点)
2026-08-28 11:38:32 フェーズ完走: sit_up_ar1_r2  温度 膝 L38/R38度  足首 L46/R46度  最大52度(j22)
2026-08-28 11:38:32 sit_up_ar1_r2 完了。全フェーズ終了 — 方策で姿勢維持中
2026-08-28 11:38:36 標準モード damp
2026-08-28 11:38:45 標準モード zero
2026-08-28 11:39:12 標準モード damp
2026-08-28 11:39:22 標準モード stand
2026-08-28 11:39:42 方策 sit_up_ar1_r2 を読み込みました。UserCtrl へ入ります
2026-08-28 11:39:42 UserCtrl進入: いまのFSM = 4
2026-08-28 11:39:42 ★FSM 802(走行)へ遷移します — 走行制御が動きます。リモコンE-STOPを握ってください
2026-08-28 11:39:42 FSM 802 に到達(0.4秒)
2026-08-28 11:39:42 802で静止待ち 0.2秒 (関節速度 最大0.146rad/s)
2026-08-28 11:39:42 SwitchToUserCtrl(7110) → code=0 (0.00秒)  ※このACKは成否を表さない
2026-08-28 11:39:43 FSM 1000(UserCtrl)を確認(0.2秒)
2026-08-28 11:39:43 所有を確認: 左肩ピッチ +0.060rad指令 → 実測0.068rad / トルク-2.2Nm  掴んだ姿勢からのずれ 0.177rad
2026-08-28 11:39:43 ★UserCtrl取得 → 待たずに方策を開始します(静的保持を挟まない)
2026-08-28 11:39:43 引き継ぎ計測: 傾き7.5度 角速度0.43rad/s 開始姿勢のずれ 最大0.38rad (right_hip_yaw 0.38, left_hip_yaw 0.23, right_hip_pitch 0.22)
2026-08-28 11:39:43 ヨー合わせ: 実測の向きが参照より+66.8度ずれていたので参照側の座標系へ揃えました(2026-08-27より。これをしないと方策は向きの修正を同時にやろうとして膝の左右差が開きます)
2026-08-28 11:39:43 補助: ★未記入 — 記録してください  ★立つモードで自立できていたかどうかが結果を決めている疑い
2026-08-28 11:39:43 ── run005 開始 (cockpit_20260828_112929)
2026-08-28 11:39:43 フェーズ開始: sit_up_ar1_r2(395コマ / 7.9秒)  温度 膝 L38/R38度  足首 L46/R47度  最大51度(j22)
2026-08-28 11:39:43 方策開始: 1コマ目の跳び 0.058rad (left_ankle_pitch / 2N·m)  ランプ 0.30秒 / 参照ブレンド 0.50秒  ※完走回の実測は0.459/0.556rad・転倒回は0.404〜0.718
2026-08-28 11:39:51 制御周期: 中央20.1ms 最大42.1ms (50Hz / 規定50Hz)  25ms超え24%  推論 中央3.1ms 最大28.0ms  ※正常時の実測は 中央20.0ms / 25ms超え24%
2026-08-28 11:39:51 開始直後(0.6秒)の脚腰の追従誤差 最大 0.946rad (left_ankle_pitch)  ※完走回の実測は最大0.949・転倒回は1.112(2026-08-26時点)
2026-08-28 11:39:51 フェーズ完走: sit_up_ar1_r2  温度 膝 L38/R38度  足首 L46/R47度  最大51度(j22)
2026-08-28 11:39:51 sit_up_ar1_r2 完了。全フェーズ終了 — 方策で姿勢維持中
2026-08-28 11:39:54 標準モード damp
