2026-08-27 14:39:52 引き継ぎ計測: 傾き4.4度 角速度0.32rad/s 開始姿勢のずれ 最大1.24rad (right_elbow 1.24, left_elbow 1.19, right_hip_yaw 0.35)
2026-08-27 14:39:52 ヨー合わせ: 実測の向きが参照より+93.2度ずれていたので参照側の座標系へ揃えました(2026-08-27より。これをしないと方策は向きの修正を同時にやろうとして膝の左右差が開きます)
2026-08-27 14:39:52 ── run001 開始 (cockpit_20260827_143951)
2026-08-27 14:39:52 フェーズ開始: sit_up_dp4_r2(395コマ / 7.9秒)  温度 膝 L39/R39度  足首 L45/R45度  最大48度(j14)
2026-08-27 14:39:52 方策開始: 1コマ目の跳び 0.041rad (left_ankle_pitch / 2N·m)  ランプ 0.30秒 / 参照ブレンド 0.50秒  ※完走回の実測は0.459/0.556rad・転倒回は0.404〜0.718
2026-08-27 14:40:00 制御周期: 中央1.0ms 最大1.0ms (1000Hz / 規定50Hz)
2026-08-27 14:40:00 開始直後(0.6秒)の脚腰の追従誤差 最大 0.793rad (left_ankle_pitch)  ※完走回の実測は最大0.949・転倒回は1.112(2026-08-26時点)
2026-08-27 14:40:00 フェーズ完走: sit_up_dp4_r2  温度 膝 L39/R39度  足首 L45/R45度  最大48度(j14)
2026-08-27 14:40:00 sit_up_dp4_r2 完了。全フェーズ終了 — 方策で姿勢維持中
2026-08-27 14:40:02 ★DAMP: 操作者による緊急停止
2026-08-27 14:40:24 E-STOPラッチを解除しました(標準モード zero)
2026-08-27 14:40:24 標準モード zero
2026-08-27 14:40:32 標準モード damp
2026-08-27 14:40:41 標準モード zero
2026-08-27 14:40:47 標準モード damp
2026-08-27 14:41:06 標準モード zero
2026-08-27 14:41:20 標準モード damp
2026-08-27 14:41:25 標準モード stand
2026-08-27 14:41:48 方策 sit_up_dp4_r2 を読み込みました。UserCtrl へ入ります
2026-08-27 14:41:48 UserCtrl進入: いまのFSM = 4
2026-08-27 14:41:48 ★FSM 802(走行)へ遷移します — 走行制御が動きます。リモコンE-STOPを握ってください
2026-08-27 14:41:48 FSM 802 に到達(0.4秒)
2026-08-27 14:41:48 802で静止待ち 0.2秒 (関節速度 最大0.127rad/s)
2026-08-27 14:41:49 SwitchToUserCtrl(7110) → code=0 (0.00秒)  ※このACKは成否を表さない
2026-08-27 14:41:49 FSM 1000(UserCtrl)を確認(0.2秒)
2026-08-27 14:41:49 所有を確認: 左肩ピッチ +0.060rad指令 → 実測0.069rad / トルク-2.1Nm  掴んだ姿勢からのずれ 0.185rad
2026-08-27 14:41:49 ★UserCtrl取得 → 待たずに方策を開始します(静的保持を挟まない)
2026-08-27 14:41:49 引き継ぎ計測: 傾き9.4度 角速度0.41rad/s 開始姿勢のずれ 最大1.23rad (right_elbow 1.23, left_elbow 1.21, right_hip_yaw 0.35)
2026-08-27 14:41:49 ヨー合わせ: 実測の向きが参照より+86.4度ずれていたので参照側の座標系へ揃えました(2026-08-27より。これをしないと方策は向きの修正を同時にやろうとして膝の左右差が開きます)
2026-08-27 14:41:49 ── run002 開始 (cockpit_20260827_143951)
2026-08-27 14:41:49 フェーズ開始: sit_up_dp4_r2(395コマ / 7.9秒)  温度 膝 L39/R39度  足首 L45/R45度  最大48度(j14)
2026-08-27 14:41:49 方策開始: 1コマ目の跳び 0.042rad (left_ankle_pitch / 2N·m)  ランプ 0.30秒 / 参照ブレンド 0.50秒  ※完走回の実測は0.459/0.556rad・転倒回は0.404〜0.718
2026-08-27 14:41:57 制御周期: 中央1.0ms 最大1.0ms (1000Hz / 規定50Hz)
2026-08-27 14:41:57 開始直後(0.6秒)の脚腰の追従誤差 最大 0.834rad (left_ankle_pitch)  ※完走回の実測は最大0.949・転倒回は1.112(2026-08-26時点)
2026-08-27 14:41:57 フェーズ完走: sit_up_dp4_r2  温度 膝 L39/R39度  足首 L45/R45度  最大48度(j14)
2026-08-27 14:41:57 sit_up_dp4_r2 完了。全フェーズ終了 — 方策で姿勢維持中
2026-08-27 14:42:03 ★DAMP: 操作者による緊急停止
2026-08-27 14:42:03 ★指令が拒否されました: E-STOPラッチ中
2026-08-27 14:42:27 E-STOPラッチを解除しました(標準モード zero)
2026-08-27 14:42:27 標準モード zero
2026-08-27 14:43:04 標準モード damp
2026-08-27 14:43:33 標準モード stand
2026-08-27 14:43:54 方策 sit_up_dp4_r2 を読み込みました。UserCtrl へ入ります
2026-08-27 14:43:54 UserCtrl進入: いまのFSM = 4
2026-08-27 14:43:54 ★FSM 802(走行)へ遷移します — 走行制御が動きます。リモコンE-STOPを握ってください
2026-08-27 14:43:54 FSM 802 に到達(0.4秒)
2026-08-27 14:43:54 802で静止待ち 0.5秒 (関節速度 最大0.105rad/s)
2026-08-27 14:43:55 SwitchToUserCtrl(7110) → code=0 (0.00秒)  ※このACKは成否を表さない
2026-08-27 14:43:55 FSM 1000(UserCtrl)を確認(0.2秒)
2026-08-27 14:43:55 所有を確認: 左肩ピッチ +0.060rad指令 → 実測0.069rad / トルク-2.1Nm  掴んだ姿勢からのずれ 0.165rad
2026-08-27 14:43:55 ★UserCtrl取得 → 待たずに方策を開始します(静的保持を挟まない)
2026-08-27 14:43:55 引き継ぎ計測: 傾き8.7度 角速度0.50rad/s 開始姿勢のずれ 最大1.24rad (right_elbow 1.24, left_elbow 1.21, right_hip_yaw 0.35)
2026-08-27 14:43:55 ヨー合わせ: 実測の向きが参照より+86.0度ずれていたので参照側の座標系へ揃えました(2026-08-27より。これをしないと方策は向きの修正を同時にやろうとして膝の左右差が開きます)
2026-08-27 14:43:55 ── run003 開始 (cockpit_20260827_143951)
2026-08-27 14:43:55 フェーズ開始: sit_up_dp4_r2(395コマ / 7.9秒)  温度 膝 L39/R39度  足首 L45/R45度  最大48度(j14)
2026-08-27 14:43:55 方策開始: 1コマ目の跳び 0.044rad (left_ankle_pitch / 2N·m)  ランプ 0.30秒 / 参照ブレンド 0.50秒  ※完走回の実測は0.459/0.556rad・転倒回は0.404〜0.718
2026-08-27 14:44:03 制御周期: 中央1.0ms 最大1.0ms (1000Hz / 規定50Hz)
2026-08-27 14:44:03 開始直後(0.6秒)の脚腰の追従誤差 最大 0.848rad (left_ankle_pitch)  ※完走回の実測は最大0.949・転倒回は1.112(2026-08-26時点)
2026-08-27 14:44:03 フェーズ完走: sit_up_dp4_r2  温度 膝 L39/R39度  足首 L45/R45度  最大48度(j14)
2026-08-27 14:44:03 sit_up_dp4_r2 完了。全フェーズ終了 — 方策で姿勢維持中
2026-08-27 14:44:07 標準モード damp
2026-08-27 14:44:18 標準モード zero
2026-08-27 14:44:43 標準モード damp
2026-08-27 14:45:23 標準モード zero
2026-08-27 14:45:29 標準モード damp
2026-08-27 14:45:39 標準モード stand
2026-08-27 14:45:57 方策 sit_up_dp4_r2 を読み込みました。UserCtrl へ入ります
2026-08-27 14:45:57 UserCtrl進入: いまのFSM = 4
2026-08-27 14:45:57 ★FSM 802(走行)へ遷移します — 走行制御が動きます。リモコンE-STOPを握ってください
2026-08-27 14:45:57 FSM 802 に到達(0.4秒)
2026-08-27 14:45:58 802で静止待ち 0.3秒 (関節速度 最大0.107rad/s)
2026-08-27 14:45:58 SwitchToUserCtrl(7110) → code=0 (0.00秒)  ※このACKは成否を表さない
2026-08-27 14:45:58 FSM 1000(UserCtrl)を確認(0.0秒)
2026-08-27 14:45:58 所有を確認: 左肩ピッチ +0.060rad指令 → 実測0.062rad / トルク-1.2Nm  掴んだ姿勢からのずれ 0.074rad
2026-08-27 14:45:58 ★UserCtrl取得 → 待たずに方策を開始します(静的保持を挟まない)
2026-08-27 14:45:58 引き継ぎ計測: 傾き4.2度 角速度0.25rad/s 開始姿勢のずれ 最大1.23rad (right_elbow 1.23, left_elbow 1.21, right_hip_yaw 0.37)
2026-08-27 14:45:58 ヨー合わせ: 実測の向きが参照より+58.4度ずれていたので参照側の座標系へ揃えました(2026-08-27より。これをしないと方策は向きの修正を同時にやろうとして膝の左右差が開きます)
2026-08-27 14:45:58 ── run004 開始 (cockpit_20260827_143951)
2026-08-27 14:45:58 フェーズ開始: sit_up_dp4_r2(395コマ / 7.9秒)  温度 膝 L39/R39度  足首 L45/R45度  最大48度(j14)
2026-08-27 14:45:58 方策開始: 1コマ目の跳び 0.040rad (left_ankle_pitch / 2N·m)  ランプ 0.30秒 / 参照ブレンド 0.50秒  ※完走回の実測は0.459/0.556rad・転倒回は0.404〜0.718
2026-08-27 14:46:06 制御周期: 中央1.0ms 最大1.0ms (1000Hz / 規定50Hz)
2026-08-27 14:46:06 開始直後(0.6秒)の脚腰の追従誤差 最大 0.775rad (left_ankle_pitch)  ※完走回の実測は最大0.949・転倒回は1.112(2026-08-26時点)
2026-08-27 14:46:06 フェーズ完走: sit_up_dp4_r2  温度 膝 L39/R39度  足首 L45/R45度  最大48度(j14)
2026-08-27 14:46:06 sit_up_dp4_r2 完了。全フェーズ終了 — 方策で姿勢維持中
2026-08-27 14:46:07 標準モード damp
2026-08-27 14:46:26 標準モード zero
