2026-08-27 19:25:51 (sim)参照開始姿勢で配置しました
2026-08-27 19:25:54 内蔵制御から引き継ぎます(姿勢を保持したまま解放) 角速度0.00rad/s
2026-08-27 19:25:54 指令の到達を確認: OK — 左肩ピッチを+0.060rad指令 → 実測0.060rad / トルク0.0Nm(他の関節は保持したまま)
2026-08-27 19:25:54 解放から方策開始まで 0.30秒(傾き0度)
2026-08-27 19:25:54 引き継ぎ計測: 傾き0.0度 角速度0.00rad/s 開始姿勢のずれ 最大0.00rad (left_hip_pitch 0.00, left_hip_roll 0.00, left_hip_yaw 0.00)
2026-08-27 19:25:54 補助: 補助なし(自立できていた)  ★立つモードで自立できていたかどうかが結果を決めている疑い
2026-08-27 19:25:54 ── run001 開始 (cockpit_20260827_192548)
2026-08-27 19:25:54 フェーズ開始: sit_up_dp4_r2(395コマ / 7.9秒)  温度 膝 L0/R0度  足首 L0/R0度  最大0度(j0)
2026-08-27 19:25:54 方策開始: 1コマ目の跳び 0.035rad (left_ankle_pitch / 1N·m)  ランプ 0.30秒 / 参照ブレンド 0.50秒  ※完走回の実測は0.459/0.556rad・転倒回は0.404〜0.718
2026-08-27 19:26:02 制御周期: 中央20.1ms 最大43.5ms (50Hz / 規定50Hz)  25ms超え14%  推論 中央1.3ms 最大24.6ms  ※正常時の実測は 中央20.0ms / 25ms超え24%
2026-08-27 19:26:02 開始直後(0.6秒)の脚腰の追従誤差 最大 0.481rad (left_ankle_pitch)  ※完走回の実測は最大0.949・転倒回は1.112(2026-08-26時点)
2026-08-27 19:26:02 フェーズ完走: sit_up_dp4_r2  温度 膝 L0/R0度  足首 L0/R0度  最大0度(j0)
2026-08-27 19:26:02 sit_up_dp4_r2 完了。全フェーズ終了 — 方策で姿勢維持中
2026-08-27 19:26:02 標準モード damp
2026-08-27 19:26:03 打ち切りコマ数: 146コマ(2.92秒)で止めます
2026-08-27 19:26:03 補助の記録: 軽く触れていた
2026-08-27 19:26:04 パターン選択: climb=(skip)
2026-08-27 19:26:04 パターン選択: turn=(skip)
2026-08-27 19:26:43 標準モード damp
2026-08-27 19:26:45 打ち切りコマ数: 115コマ(2.30秒)で止めます
2026-08-27 19:26:45 補助の記録: しっかり支えた
2026-08-27 19:26:45 パターン選択: climb=(skip)
2026-08-27 19:26:45 パターン選択: turn=(skip)
2026-08-27 19:27:24 標準モード damp
2026-08-27 19:27:41 標準モード damp
2026-08-27 19:27:43 打ち切りコマ数: 146コマ(2.92秒)で止めます
2026-08-27 19:27:43 補助の記録: 軽く触れていた
2026-08-27 19:28:34 ★DAMP: 操作者によるdamp
2026-08-27 19:28:34 (標準モード中のE-STOP: SDKのDampを送信済み)
2026-08-27 19:28:35 打ち切りコマ数: 146コマ(2.92秒)で止めます
2026-08-27 19:28:35 補助の記録: 軽く触れていた
2026-08-27 19:28:36 E-STOPラッチを解除しました(ARM)
2026-08-27 19:28:36 ARM完了: sit_up_dp4_r2
2026-08-27 19:28:39 (sim)参照開始姿勢で配置しました
2026-08-27 19:28:42 内蔵制御から引き継ぎます(姿勢を保持したまま解放) 角速度0.00rad/s
2026-08-27 19:28:42 指令の到達を確認: OK — 左肩ピッチを+0.060rad指令 → 実測0.060rad / トルク0.0Nm(他の関節は保持したまま)
2026-08-27 19:28:42 解放から方策開始まで 0.30秒(傾き0度)
2026-08-27 19:28:42 引き継ぎ計測: 傾き0.0度 角速度0.00rad/s 開始姿勢のずれ 最大0.00rad (left_hip_pitch 0.00, left_hip_roll 0.00, left_hip_yaw 0.00)
2026-08-27 19:28:42 補助: 軽く触れていた  ★立つモードで自立できていたかどうかが結果を決めている疑い
2026-08-27 19:28:42 ── run002 開始 (cockpit_20260827_192548)
2026-08-27 19:28:42 フェーズ開始: sit_up_dp4_r2(395コマ / 7.9秒)  温度 膝 L0/R0度  足首 L0/R0度  最大0度(j0)
2026-08-27 19:28:42 方策開始: 1コマ目の跳び 0.035rad (left_ankle_pitch / 1N·m)  ランプ 0.30秒 / 参照ブレンド 0.50秒  ※完走回の実測は0.459/0.556rad・転倒回は0.404〜0.718
2026-08-27 19:28:45 制御周期: 中央20.1ms 最大36.2ms (50Hz / 規定50Hz)  25ms超え14%  推論 中央1.3ms 最大15.2ms  ※正常時の実測は 中央20.0ms / 25ms超え24%
2026-08-27 19:28:45 開始直後(0.6秒)の脚腰の追従誤差 最大 0.481rad (left_ankle_pitch)  ※完走回の実測は最大0.949・転倒回は1.112(2026-08-26時点)
2026-08-27 19:28:45 フェーズ完走: sit_up_dp4_r2  温度 膝 L0/R0度  足首 L0/R0度  最大0度(j0)
2026-08-27 19:28:45 sit_up_dp4_r2 完了。全フェーズ終了 — 方策で姿勢維持中
2026-08-27 19:28:45 ★DAMP: 操作者によるdamp
2026-08-27 19:28:47 打ち切りコマ数: 115コマ(2.30秒)で止めます
2026-08-27 19:28:47 補助の記録: しっかり支えた
2026-08-27 19:28:47 E-STOPラッチを解除しました(ARM)
2026-08-27 19:28:47 ARM完了: sit_up_dp4_r2
2026-08-27 19:28:47 ★DAMP: 傾き58度
2026-08-27 19:29:19 E-STOPラッチを解除しました(標準モード stand)
2026-08-27 19:29:19 標準モード stand
2026-08-27 19:29:21 打ち切りコマ数: 最後まで走ります(既定)
2026-08-27 19:29:21 補助の記録: ★未記入 — 記録してください
