2026-09-03 14:00:02 引き継ぎ計測: 傾き7.8度 角速度0.43rad/s 開始姿勢のずれ 最大0.21rad (left_hip_pitch 0.21, right_hip_pitch 0.20, left_ankle_pitch 0.13)
2026-09-03 14:00:02 ヨー合わせ: 実測の向きが参照より+107.4度ずれていたので参照側の座標系へ揃えました(2026-08-27より。これをしないと方策は向きの修正を同時にやろうとして膝の左右差が開きます)
2026-09-03 14:00:02 補助: ★未記入 — 記録してください  ★立つモードで自立できていたかどうかが結果を決めている疑い
2026-09-03 14:00:02 ── run001 開始 (cockpit_20260903_135926)
2026-09-03 14:00:02 フェーズ開始: sit_up_ln23_r2(395コマ / 7.9秒)  温度 膝 L41/R39度  足首 L47/R47度  最大49度(j22)
2026-09-03 14:00:02 方策開始: 1コマ目の跳び 0.035rad (left_ankle_pitch / 1N·m)  ランプ 0.30秒 / 参照ブレンド 0.50秒  ※完走回の実測は0.459/0.556rad・転倒回は0.404〜0.718
2026-09-03 14:00:10 制御周期: 中央20.3ms 最大38.2ms (49Hz / 規定50Hz)  25ms超え16%  推論 中央9.5ms 最大36.0ms  ※正常時の実測は 中央20.0ms / 25ms超え24%
2026-09-03 14:00:10 開始直後(0.6秒)の脚腰の追従誤差 最大 0.556rad (left_ankle_pitch)  ※完走回の実測は最大0.949・転倒回は1.112(2026-08-26時点)
2026-09-03 14:00:10 フェーズ完走: sit_up_ln23_r2  温度 膝 L41/R39度  足首 L47/R47度  最大49度(j22)
2026-09-03 14:00:10 sit_up_ln23_r2 完了。全フェーズ終了 — 方策で姿勢維持中
2026-09-03 14:00:22 標準モード stand
2026-09-03 14:00:26 標準モード damp
2026-09-03 14:00:28 標準モード stand
2026-09-03 14:00:31 標準モード damp
2026-09-03 14:00:36 標準モード stand
2026-09-03 14:05:02 ★実行できません: 処理中(UserCtrl→sit)
2026-09-03 14:05:02 ★実行できません: 処理中(UserCtrl→sit)
2026-09-03 14:05:02 ★実行できません: 処理中(UserCtrl→sit)
2026-09-03 14:05:02 ★実行できません: 処理中(UserCtrl→sit)
2026-09-03 14:05:02 ★実行できません: 処理中(UserCtrl→sit)
2026-09-03 14:05:02 ★UserCtrl→sit を処理中です。少し待ってください
2026-09-03 14:05:02 ★UserCtrl→sit を処理中です。少し待ってください
2026-09-03 14:05:02 ★UserCtrl→sit を処理中です。少し待ってください
2026-09-03 14:05:02 ★UserCtrl→sit を処理中です。少し待ってください
2026-09-03 14:05:02 ★実行できません: 処理中(UserCtrl→sit)
2026-09-03 14:05:02 ★実行できません: 処理中(UserCtrl→sit)
2026-09-03 14:05:03 方策 sit_up_ln23_r2 を読み込みました。UserCtrl へ入ります
2026-09-03 14:05:03 UserCtrl進入: いまのFSM = 802
2026-09-03 14:05:03 802で静止待ち 0.0秒 (関節速度 最大0.035rad/s)
2026-09-03 14:05:03 SwitchToUserCtrl(7110) → code=0 (0.00秒)  ※このACKは成否を表さない
2026-09-03 14:05:03 FSM 1000 の確認に 0.2秒 かかりました(経過 802→1000)
2026-09-03 14:05:03 FSM 1000(UserCtrl)を確認(0.2秒)
2026-09-03 14:05:03 所有を確認: 左肩ピッチ +0.060rad指令 → 実測0.052rad / トルク-0.5Nm  掴んだ姿勢からのずれ 0.161rad
2026-09-03 14:05:03 ★UserCtrl取得 → 待たずに方策を開始します(静的保持を挟まない)
2026-09-03 14:05:03 引き継ぎ計測: 傾き4.4度 角速度0.35rad/s 開始姿勢のずれ 最大0.25rad (right_hip_pitch 0.25, left_hip_pitch 0.20, left_shoulder_yaw 0.18)
2026-09-03 14:05:03 ヨー合わせ: 実測の向きが参照より+91.4度ずれていたので参照側の座標系へ揃えました(2026-08-27より。これをしないと方策は向きの修正を同時にやろうとして膝の左右差が開きます)
2026-09-03 14:05:03 補助: ★未記入 — 記録してください  ★立つモードで自立できていたかどうかが結果を決めている疑い
2026-09-03 14:05:03 ── run002 開始 (cockpit_20260903_135926)
2026-09-03 14:05:03 フェーズ開始: sit_up_ln23_r2(395コマ / 7.9秒)  温度 膝 L43/R41度  足首 L50/R50度  最大50度(j4)
2026-09-03 14:05:03 方策開始: 1コマ目の跳び 0.058rad (left_ankle_pitch / 2N·m)  ランプ 0.30秒 / 参照ブレンド 0.50秒  ※完走回の実測は0.459/0.556rad・転倒回は0.404〜0.718
2026-09-03 14:05:04 ★実行できません: 実行中(RUNNING)
2026-09-03 14:05:12 制御周期: 中央20.1ms 最大31.3ms (50Hz / 規定50Hz)  25ms超え18%  推論 中央9.4ms 最大21.4ms  ※正常時の実測は 中央20.0ms / 25ms超え24%
2026-09-03 14:05:12 開始直後(0.6秒)の脚腰の追従誤差 最大 0.585rad (left_ankle_pitch)  ※完走回の実測は最大0.949・転倒回は1.112(2026-08-26時点)
2026-09-03 14:05:12 フェーズ完走: sit_up_ln23_r2  温度 膝 L43/R41度  足首 L50/R50度  最大50度(j4)
2026-09-03 14:05:12 sit_up_ln23_r2 完了。全フェーズ終了 — 方策で姿勢維持中
2026-09-03 14:05:34 標準モード damp
