2026-08-27 12:12:50 (sim)参照開始姿勢で配置しました
2026-08-27 12:12:52 内蔵制御から引き継ぎます(姿勢を保持したまま解放) 角速度0.00rad/s
2026-08-27 12:12:52 指令の到達を確認: OK — 左肩ピッチを+0.060rad指令 → 実測0.060rad / トルク0.0Nm(他の関節は保持したまま)
2026-08-27 12:12:52 解放から方策開始まで 0.30秒(傾き0度)
2026-08-27 12:12:52 引き継ぎ計測: 傾き0.0度 角速度0.00rad/s 開始姿勢のずれ 最大0.00rad (left_hip_pitch 0.00, left_hip_roll 0.00, left_hip_yaw 0.00)
2026-08-27 12:12:52 ── run01 開始 (cockpit_20260827_121246)
2026-08-27 12:12:52 フェーズ開始: sit_up_dp4_r2(395コマ / 7.9秒)  温度 膝 L0/R0度  足首 L0/R0度  最大0度(j0)
2026-08-27 12:12:52 方策開始: 1コマ目の跳び 0.035rad (left_ankle_pitch / 1N·m)  ランプ 0.30秒 / 参照ブレンド 0.50秒  ※完走回の実測は0.459/0.556rad・転倒回は0.404〜0.718
2026-08-27 12:13:00 制御周期: 中央1.0ms 最大1.0ms (1000Hz / 規定50Hz)
2026-08-27 12:13:00 開始直後(0.6秒)の脚腰の追従誤差 最大 0.481rad (left_ankle_pitch)  ※完走回の実測は最大0.949・転倒回は1.112(2026-08-26時点)
2026-08-27 12:13:00 フェーズ完走: sit_up_dp4_r2  温度 膝 L0/R0度  足首 L0/R0度  最大0度(j0)
2026-08-27 12:13:00 sit_up_dp4_r2 完了。全フェーズ終了 — 方策で姿勢維持中
2026-08-27 12:13:01 ARM完了: sit_up_dp4_r2
2026-08-27 12:13:05 (sim)参照開始姿勢で配置しました
2026-08-27 12:13:06 引き継ぎ計測: 傾き0.1度 角速度0.21rad/s 開始姿勢のずれ 最大0.02rad (right_knee 0.02, left_knee 0.01, left_ankle_roll 0.01)
2026-08-27 12:13:06 ── run02 開始 (cockpit_20260827_121246)
2026-08-27 12:13:06 フェーズ開始: sit_up_dp4_r2(395コマ / 7.9秒)  温度 膝 L0/R0度  足首 L0/R0度  最大0度(j0)
2026-08-27 12:13:06 方策開始: 1コマ目の跳び 0.027rad (left_ankle_pitch / 1N·m)  ランプ 0.30秒 / 参照ブレンド 0.50秒  ※完走回の実測は0.459/0.556rad・転倒回は0.404〜0.718
2026-08-27 12:13:14 制御周期: 中央1.0ms 最大1.0ms (1000Hz / 規定50Hz)
2026-08-27 12:13:14 開始直後(0.6秒)の脚腰の追従誤差 最大 0.484rad (left_ankle_pitch)  ※完走回の実測は最大0.949・転倒回は1.112(2026-08-26時点)
2026-08-27 12:13:14 フェーズ完走: sit_up_dp4_r2  温度 膝 L0/R0度  足首 L0/R0度  最大0度(j0)
2026-08-27 12:13:14 sit_up_dp4_r2 完了。全フェーズ終了 — 方策で姿勢維持中
