2026-09-03 12:19:30 引き継ぎ計測: 傾き4.7度 角速度0.33rad/s 開始姿勢のずれ 最大1.23rad (right_elbow 1.23, left_elbow 1.22, right_hip_yaw 0.35)
2026-09-03 12:19:30 ヨー合わせ: 実測の向きが参照より+67.8度ずれていたので参照側の座標系へ揃えました(2026-08-27より。これをしないと方策は向きの修正を同時にやろうとして膝の左右差が開きます)
2026-09-03 12:19:30 補助: ★未記入 — 記録してください  ★立つモードで自立できていたかどうかが結果を決めている疑い
2026-09-03 12:19:30 ── run001 開始 (cockpit_20260903_121929)
2026-09-03 12:19:30 フェーズ開始: sit_up_rc_r2(395コマ / 7.9秒)  温度 膝 L41/R41度  足首 L48/R47度  最大53度(j22)
2026-09-03 12:19:30 方策開始: 1コマ目の跳び 0.051rad (left_ankle_pitch / 2N·m)  ランプ 0.30秒 / 参照ブレンド 0.50秒  ※完走回の実測は0.459/0.556rad・転倒回は0.404〜0.718
2026-09-03 12:19:38 制御周期: 中央19.9ms 最大42.8ms (50Hz / 規定50Hz)  25ms超え29%  推論 中央5.9ms 最大30.1ms  ※正常時の実測は 中央20.0ms / 25ms超え24%
2026-09-03 12:19:38 開始直後(0.6秒)の脚腰の追従誤差 最大 0.510rad (right_ankle_pitch)  ※完走回の実測は最大0.949・転倒回は1.112(2026-08-26時点)
2026-09-03 12:19:38 フェーズ完走: sit_up_rc_r2  温度 膝 L42/R41度  足首 L48/R47度  最大57度(j23)
2026-09-03 12:19:38 sit_up_rc_r2 完了。全フェーズ終了 — 方策で姿勢維持中
2026-09-03 12:19:54 パターン選択: sit=sit_up_ln23_r2
2026-09-03 12:20:10 標準モード damp
2026-09-03 12:21:17 方策 sit_up_ln23_r2 を読み込みました。UserCtrl へ入ります
2026-09-03 12:21:17 UserCtrl進入: いまのFSM = 802
2026-09-03 12:21:17 802で静止待ち 0.0秒 (関節速度 最大0.017rad/s)
2026-09-03 12:21:17 SwitchToUserCtrl(7110) → code=0 (0.00秒)  ※このACKは成否を表さない
2026-09-03 12:21:18 FSM 1000(UserCtrl)を確認(0.2秒)
2026-09-03 12:21:18 所有を確認: 左肩ピッチ +0.060rad指令 → 実測0.051rad / トルク-0.1Nm  掴んだ姿勢からのずれ 0.192rad
2026-09-03 12:21:18 ★UserCtrl取得 → 待たずに方策を開始します(静的保持を挟まない)
2026-09-03 12:21:18 引き継ぎ計測: 傾き6.9度 角速度0.42rad/s 開始姿勢のずれ 最大0.21rad (left_knee 0.21, left_ankle_pitch 0.20, left_shoulder_yaw 0.19)
2026-09-03 12:21:18 ヨー合わせ: 実測の向きが参照より+85.5度ずれていたので参照側の座標系へ揃えました(2026-08-27より。これをしないと方策は向きの修正を同時にやろうとして膝の左右差が開きます)
2026-09-03 12:21:18 補助: ★未記入 — 記録してください  ★立つモードで自立できていたかどうかが結果を決めている疑い
2026-09-03 12:21:18 ── run002 開始 (cockpit_20260903_121929)
2026-09-03 12:21:18 フェーズ開始: sit_up_ln23_r2(395コマ / 7.9秒)  温度 膝 L42/R41度  足首 L48/R47度  最大57度(j22)
2026-09-03 12:21:18 方策開始: 1コマ目の跳び 0.047rad (left_ankle_pitch / 2N·m)  ランプ 0.30秒 / 参照ブレンド 0.50秒  ※完走回の実測は0.459/0.556rad・転倒回は0.404〜0.718
2026-09-03 12:21:26 制御周期: 中央20.2ms 最大45.1ms (50Hz / 規定50Hz)  25ms超え24%  推論 中央2.9ms 最大30.2ms  ※正常時の実測は 中央20.0ms / 25ms超え24%
2026-09-03 12:21:26 開始直後(0.6秒)の脚腰の追従誤差 最大 0.777rad (left_ankle_pitch)  ※完走回の実測は最大0.949・転倒回は1.112(2026-08-26時点)
2026-09-03 12:21:26 フェーズ完走: sit_up_ln23_r2  温度 膝 L42/R41度  足首 L48/R47度  最大57度(j22)
2026-09-03 12:21:26 sit_up_ln23_r2 完了。全フェーズ終了 — 方策で姿勢維持中
2026-09-03 12:21:51 標準モード damp
2026-09-03 12:23:05 方策 sit_up_ln23_r2 を読み込みました。UserCtrl へ入ります
2026-09-03 12:23:05 UserCtrl進入: いまのFSM = 501
2026-09-03 12:23:05 ★FSM 802(走行)へ遷移します — 走行制御が動きます。リモコンE-STOPを握ってください
2026-09-03 12:23:06 FSM 802 に到達(0.4秒)
2026-09-03 12:23:06 802で静止待ち 0.4秒 (関節速度 最大0.038rad/s)
2026-09-03 12:23:06 SwitchToUserCtrl(7110) → code=0 (0.00秒)  ※このACKは成否を表さない
2026-09-03 12:23:07 FSM 1000(UserCtrl)を確認(0.2秒)
2026-09-03 12:23:07 所有を確認: 左肩ピッチ +0.060rad指令 → 実測0.049rad / トルク0.2Nm  掴んだ姿勢からのずれ 0.112rad
2026-09-03 12:23:07 ★UserCtrl取得 → 待たずに方策を開始します(静的保持を挟まない)
2026-09-03 12:23:07 引き継ぎ計測: 傾き3.5度 角速度0.12rad/s 開始姿勢のずれ 最大0.10rad (right_knee 0.10, right_ankle_pitch 0.10, right_wrist_roll 0.09)
2026-09-03 12:23:07 ヨー合わせ: 実測の向きが参照より+102.8度ずれていたので参照側の座標系へ揃えました(2026-08-27より。これをしないと方策は向きの修正を同時にやろうとして膝の左右差が開きます)
2026-09-03 12:23:07 補助: ★未記入 — 記録してください  ★立つモードで自立できていたかどうかが結果を決めている疑い
2026-09-03 12:23:07 ── run003 開始 (cockpit_20260903_121929)
2026-09-03 12:23:07 フェーズ開始: sit_up_ln23_r2(395コマ / 7.9秒)  温度 膝 L42/R40度  足首 L48/R47度  最大57度(j22)
2026-09-03 12:23:07 方策開始: 1コマ目の跳び 0.029rad (left_ankle_pitch / 1N·m)  ランプ 0.30秒 / 参照ブレンド 0.50秒  ※完走回の実測は0.459/0.556rad・転倒回は0.404〜0.718
2026-09-03 12:23:15 制御周期: 中央20.0ms 最大40.5ms (50Hz / 規定50Hz)  25ms超え27%  推論 中央3.2ms 最大32.7ms  ※正常時の実測は 中央20.0ms / 25ms超え24%
2026-09-03 12:23:15 開始直後(0.6秒)の脚腰の追従誤差 最大 0.439rad (left_ankle_pitch)  ※完走回の実測は最大0.949・転倒回は1.112(2026-08-26時点)
2026-09-03 12:23:15 フェーズ完走: sit_up_ln23_r2  温度 膝 L42/R40度  足首 L48/R47度  最大57度(j22)
2026-09-03 12:23:15 sit_up_ln23_r2 完了。全フェーズ終了 — 方策で姿勢維持中
2026-09-03 12:24:22 標準モード damp
2026-09-03 12:25:06 方策 sit_up_ln23_r2 を読み込みました。UserCtrl へ入ります
2026-09-03 12:25:06 UserCtrl進入: いまのFSM = 501
2026-09-03 12:25:06 ★FSM 802(走行)へ遷移します — 走行制御が動きます。リモコンE-STOPを握ってください
2026-09-03 12:25:06 FSM 802 に到達(0.4秒)
2026-09-03 12:25:06 802で静止待ち 0.2秒 (関節速度 最大0.106rad/s)
2026-09-03 12:25:06 SwitchToUserCtrl(7110) → code=0 (0.00秒)  ※このACKは成否を表さない
2026-09-03 12:25:07 FSM 1000(UserCtrl)を確認(0.2秒)
2026-09-03 12:25:07 所有を確認: 左肩ピッチ +0.060rad指令 → 実測0.055rad / トルク-0.8Nm  掴んだ姿勢からのずれ 0.160rad
2026-09-03 12:25:07 ★UserCtrl取得 → 待たずに方策を開始します(静的保持を挟まない)
2026-09-03 12:25:07 引き継ぎ計測: 傾き6.7度 角速度0.50rad/s 開始姿勢のずれ 最大0.13rad (left_hip_pitch 0.13, left_shoulder_pitch 0.09, right_wrist_roll 0.09)
2026-09-03 12:25:07 ヨー合わせ: 実測の向きが参照より+96.3度ずれていたので参照側の座標系へ揃えました(2026-08-27より。これをしないと方策は向きの修正を同時にやろうとして膝の左右差が開きます)
2026-09-03 12:25:07 補助: ★未記入 — 記録してください  ★立つモードで自立できていたかどうかが結果を決めている疑い
2026-09-03 12:25:07 ── run004 開始 (cockpit_20260903_121929)
2026-09-03 12:25:07 フェーズ開始: sit_up_ln23_r2(395コマ / 7.9秒)  温度 膝 L41/R40度  足首 L48/R47度  最大61度(j22)
2026-09-03 12:25:07 方策開始: 1コマ目の跳び 0.022rad (right_ankle_pitch / 1N·m)  ランプ 0.30秒 / 参照ブレンド 0.50秒  ※完走回の実測は0.459/0.556rad・転倒回は0.404〜0.718
2026-09-03 12:25:15 制御周期: 中央20.0ms 最大78.6ms (50Hz / 規定50Hz)  25ms超え24%  推論 中央3.1ms 最大63.1ms  ※正常時の実測は 中央20.0ms / 25ms超え24%
2026-09-03 12:25:15 開始直後(0.6秒)の脚腰の追従誤差 最大 0.574rad (left_ankle_pitch)  ※完走回の実測は最大0.949・転倒回は1.112(2026-08-26時点)
2026-09-03 12:25:15 フェーズ完走: sit_up_ln23_r2  温度 膝 L41/R40度  足首 L48/R47度  最大62度(j22)
2026-09-03 12:25:15 sit_up_ln23_r2 完了。全フェーズ終了 — 方策で姿勢維持中
2026-09-03 12:25:44 標準モード damp
2026-09-03 12:27:24 方策 sit_up_ln23_r2 を読み込みました。UserCtrl へ入ります
2026-09-03 12:27:24 UserCtrl進入: いまのFSM = 501
2026-09-03 12:27:24 ★FSM 802(走行)へ遷移します — 走行制御が動きます。リモコンE-STOPを握ってください
2026-09-03 12:27:24 FSM 802 に到達(0.4秒)
2026-09-03 12:27:25 802で静止待ち 0.8秒 (関節速度 最大0.088rad/s)
2026-09-03 12:27:25 SwitchToUserCtrl(7110) → code=0 (0.00秒)  ※このACKは成否を表さない
2026-09-03 12:27:26 FSM 1000(UserCtrl)を確認(0.2秒)
2026-09-03 12:27:26 所有を確認: 左肩ピッチ +0.060rad指令 → 実測0.062rad / トルク-1.4Nm  掴んだ姿勢からのずれ 0.132rad
2026-09-03 12:27:26 ★UserCtrl取得 → 待たずに方策を開始します(静的保持を挟まない)
2026-09-03 12:27:26 引き継ぎ計測: 傾き4.0度 角速度0.19rad/s 開始姿勢のずれ 最大0.24rad (left_hip_pitch 0.24, right_hip_pitch 0.23, right_knee 0.10)
2026-09-03 12:27:26 ヨー合わせ: 実測の向きが参照より+81.4度ずれていたので参照側の座標系へ揃えました(2026-08-27より。これをしないと方策は向きの修正を同時にやろうとして膝の左右差が開きます)
2026-09-03 12:27:26 補助: ★未記入 — 記録してください  ★立つモードで自立できていたかどうかが結果を決めている疑い
2026-09-03 12:27:26 ── run005 開始 (cockpit_20260903_121929)
2026-09-03 12:27:26 フェーズ開始: sit_up_ln23_r2(395コマ / 7.9秒)  温度 膝 L42/R41度  足首 L48/R48度  最大62度(j22)
2026-09-03 12:27:26 方策開始: 1コマ目の跳び 0.049rad (left_ankle_pitch / 2N·m)  ランプ 0.30秒 / 参照ブレンド 0.50秒  ※完走回の実測は0.459/0.556rad・転倒回は0.404〜0.718
2026-09-03 12:27:34 制御周期: 中央20.1ms 最大47.1ms (50Hz / 規定50Hz)  25ms超え28%  推論 中央4.1ms 最大29.9ms  ※正常時の実測は 中央20.0ms / 25ms超え24%
2026-09-03 12:27:34 開始直後(0.6秒)の脚腰の追従誤差 最大 0.710rad (left_ankle_pitch)  ※完走回の実測は最大0.949・転倒回は1.112(2026-08-26時点)
2026-09-03 12:27:34 フェーズ完走: sit_up_ln23_r2  温度 膝 L42/R41度  足首 L48/R48度  最大62度(j22)
2026-09-03 12:27:34 sit_up_ln23_r2 完了。全フェーズ終了 — 方策で姿勢維持中
2026-09-03 12:28:16 標準モード damp
