2026-09-04 10:26:00 ★FSM 802(走行)へ遷移します — 走行制御が動きます。機体を接地させ、リモコンE-STOPを握ってください
2026-09-04 10:26:00 FSM 802 に到達(0.4秒)
2026-09-04 10:26:00 LiDAR(rt/utlidar/cloud_livox_mid360)とオドメトリ(rt/odommodestate)の読み取りを開始
2026-09-04 10:26:00 歩行モード(FSM 802)。[前進][横歩き]、十字キーの手動操作が押せます
2026-09-04 10:26:51 着座前の確認: OK(操作者の確認へ) / △まだ制御権が無い(押せば自動で引き継ぎます) / △接地チェック未実施 / ○傾き 0.3度(10度未満) / ○静止(関節速度RMS 0.010、0.10未満) / ○内蔵FSM 802(立位/歩行/UserCtrlのどれか) / △参照との向きのずれ 64.7度(開始時に自動で合わせる。椅子が真後ろかは目視) / △LiDAR未使用 — 椅子の位置は目視で確認 / △しゃがみ深さ 23度(65度未満なら成功率61%)
2026-09-04 10:26:58 着座を開始します(確認済み)
2026-09-04 10:26:59 方策 sit_up_ln23_r2 を読み込みました。UserCtrl へ入ります
2026-09-04 10:26:59 UserCtrl進入: いまのFSM = 802
2026-09-04 10:26:59 802で静止待ち 0.0秒 (関節速度 最大0.026rad/s)
2026-09-04 10:27:00 SwitchToUserCtrl(7110) → code=0 (0.00秒)  ※このACKは成否を表さない
2026-09-04 10:27:00 FSM 1000(UserCtrl)を確認(0.0秒)
2026-09-04 10:27:00 所有を確認: 左肩ピッチ +0.060rad指令 → 実測0.052rad / トルク-0.3Nm  掴んだ姿勢からのずれ 0.052rad
2026-09-04 10:27:00 ★UserCtrl取得 → 待たずに方策を開始します(静的保持を挟まない)
2026-09-04 10:27:00 引き継ぎ計測: 傾き0.9度 角速度0.13rad/s 開始姿勢のずれ 最大0.31rad (right_knee 0.31, left_knee 0.28, right_hip_pitch 0.22)
2026-09-04 10:27:00 ヨー合わせ: 実測の向きが参照より+64.6度ずれていたので参照側の座標系へ揃えました(2026-08-27より。これをしないと方策は向きの修正を同時にやろうとして膝の左右差が開きます)
2026-09-04 10:27:00 補助: ★未記入 — 記録してください  ★立つモードで自立できていたかどうかが結果を決めている疑い
2026-09-04 10:27:00 ── run001 開始 (cockpit_20260904_102600)
2026-09-04 10:27:00 フェーズ開始: sit_up_ln23_r2(395コマ / 7.9秒)  温度 膝 L32/R32度  足首 L39/R39度  最大40度(j11)
2026-09-04 10:27:00 方策開始: 1コマ目の跳び 0.042rad (left_ankle_pitch / 2N·m)  ランプ 0.30秒 / 参照ブレンド 0.50秒  ※完走回の実測は0.459/0.556rad・転倒回は0.404〜0.718
2026-09-04 10:27:08 着座の形: 座面接触 1.22秒(参照1.9) / 骨盤の後退 接触時+31→終端+28cm(参照+32) / 膝の前方 終端+8cm(参照+4) / 膝角 参照より+6度 / ヨー 接触時-2.4度→終端-14度(うち足の滑り-17度)
2026-09-04 10:27:08 制御周期: 中央20.0ms 最大33.4ms (50Hz / 規定50Hz)  25ms超え13%  推論 中央8.6ms 最大18.6ms  ※正常時の実測は 中央20.0ms / 25ms超え24%
2026-09-04 10:27:08 開始直後(0.6秒)の脚腰の追従誤差 最大 0.416rad (left_ankle_pitch)  ※完走回の実測は最大0.949・転倒回は1.112(2026-08-26時点)
2026-09-04 10:27:08 フェーズ完走: sit_up_ln23_r2  温度 膝 L32/R32度  足首 L39/R39度  最大40度(j11)
2026-09-04 10:27:08 sit_up_ln23_r2 完了。全フェーズ終了 — 方策で姿勢維持中
2026-09-04 10:27:08 完了後の自動移行: ダンプ へ渡します
2026-09-04 10:27:08 標準モード damp
2026-09-04 10:27:39 標準モード stand
2026-09-04 10:28:05 ★UI(通信)途絶 8秒: 内蔵制御のまま(何もしない)
2026-09-04 10:28:10 UI(通信)復帰: 途絶 5.6秒。途絶中の対応: 内蔵制御のまま(何もしない)
2026-09-04 10:28:10 ★UI(通信)途絶 8秒: 内蔵制御のまま(何もしない)
2026-09-04 10:28:11 UI(通信)復帰: 途絶 0.8秒。途絶中の対応: 内蔵制御のまま(何もしない)
2026-09-04 10:28:15 ★FSM 802(走行)へ遷移します — 走行制御が動きます。機体を接地させ、リモコンE-STOPを握ってください
2026-09-04 10:28:15 FSM 802 に到達(0.4秒)
2026-09-04 10:28:15 LiDAR(rt/utlidar/cloud_livox_mid360)とオドメトリ(rt/odommodestate)の読み取りを開始
2026-09-04 10:28:15 歩行モード(FSM 802)。[前進][横歩き]、十字キーの手動操作が押せます
2026-09-04 10:28:34 着座前の確認: OK(操作者の確認へ) / △まだ制御権が無い(押せば自動で引き継ぎます) / △接地チェック未実施 / ○傾き 0.8度(10度未満) / ○静止(関節速度RMS 0.012、0.10未満) / ○内蔵FSM 802(立位/歩行/UserCtrlのどれか) / △参照との向きのずれ 68.0度(開始時に自動で合わせる。椅子が真後ろかは目視) / △LiDAR未使用 — 椅子の位置は目視で確認 / △しゃがみ深さ 51度(65度未満なら成功率61%)
2026-09-04 10:28:44 着座を開始します(確認済み)
2026-09-04 10:28:45 方策 sit_up_ln23_r2 を読み込みました。UserCtrl へ入ります
2026-09-04 10:28:45 UserCtrl進入: いまのFSM = 802
2026-09-04 10:28:45 802で静止待ち 0.0秒 (関節速度 最大0.031rad/s)
2026-09-04 10:28:45 SwitchToUserCtrl(7110) → code=0 (0.00秒)  ※このACKは成否を表さない
2026-09-04 10:28:45 FSM 1000 の確認に 0.2秒 かかりました(経過 802→1000)
2026-09-04 10:28:45 FSM 1000(UserCtrl)を確認(0.2秒)
2026-09-04 10:28:45 所有を確認: 左肩ピッチ +0.060rad指令 → 実測0.067rad / トルク-2.1Nm  掴んだ姿勢からのずれ 0.228rad
2026-09-04 10:28:45 ★UserCtrl取得 → 待たずに方策を開始します(静的保持を挟まない)
2026-09-04 10:28:45 引き継ぎ計測: 傾き7.4度 角速度0.36rad/s 開始姿勢のずれ 最大0.33rad (right_ankle_pitch 0.33, left_ankle_pitch 0.31, right_hip_pitch 0.27)
2026-09-04 10:28:45 ヨー合わせ: 実測の向きが参照より+68.0度ずれていたので参照側の座標系へ揃えました(2026-08-27より。これをしないと方策は向きの修正を同時にやろうとして膝の左右差が開きます)
2026-09-04 10:28:45 補助: ★未記入 — 記録してください  ★立つモードで自立できていたかどうかが結果を決めている疑い
2026-09-04 10:28:45 ── run002 開始 (cockpit_20260904_102600)
2026-09-04 10:28:45 フェーズ開始: sit_up_ln23_r2(395コマ / 7.9秒)  温度 膝 L33/R32度  足首 L39/R40度  最大41度(j11)
2026-09-04 10:28:45 方策開始: 1コマ目の跳び 0.056rad (left_ankle_pitch / 2N·m)  ランプ 0.30秒 / 参照ブレンド 0.50秒  ※完走回の実測は0.459/0.556rad・転倒回は0.404〜0.718
2026-09-04 10:28:53 着座の形: 座面接触 1.72秒(参照1.9) / 骨盤の後退 接触時+8→終端+22cm(参照+32) / 膝の前方 終端+12cm(参照+4) / 膝角 参照より+5度 / ヨー 接触時-21.0度→終端-8度(うち足の滑り-3度)
2026-09-04 10:28:54 制御周期: 中央20.3ms 最大31.2ms (49Hz / 規定50Hz)  25ms超え12%  推論 中央8.7ms 最大17.2ms  ※正常時の実測は 中央20.0ms / 25ms超え24%
2026-09-04 10:28:54 開始直後(0.6秒)の脚腰の追従誤差 最大 0.967rad (left_ankle_pitch)  ※完走回の実測は最大0.949・転倒回は1.112(2026-08-26時点)
2026-09-04 10:28:54 フェーズ完走: sit_up_ln23_r2  温度 膝 L32/R32度  足首 L40/R40度  最大41度(j11)
2026-09-04 10:28:54 sit_up_ln23_r2 完了。全フェーズ終了 — 方策で姿勢維持中
2026-09-04 10:28:54 完了後の自動移行: ダンプ へ渡します
2026-09-04 10:28:54 標準モード damp
2026-09-04 10:29:26 標準モード stand
2026-09-04 10:29:35 ★FSM 802(走行)へ遷移します — 走行制御が動きます。機体を接地させ、リモコンE-STOPを握ってください
2026-09-04 10:29:35 FSM 802 に到達(0.4秒)
2026-09-04 10:29:35 LiDAR(rt/utlidar/cloud_livox_mid360)とオドメトリ(rt/odommodestate)の読み取りを開始
2026-09-04 10:29:35 歩行モード(FSM 802)。[前進][横歩き]、十字キーの手動操作が押せます
2026-09-04 10:29:52 着座前の確認: OK(操作者の確認へ) / △まだ制御権が無い(押せば自動で引き継ぎます) / △接地チェック未実施 / ○傾き 0.6度(10度未満) / ○静止(関節速度RMS 0.016、0.10未満) / ○内蔵FSM 802(立位/歩行/UserCtrlのどれか) / △参照との向きのずれ 67.8度(開始時に自動で合わせる。椅子が真後ろかは目視) / △LiDAR未使用 — 椅子の位置は目視で確認 / △しゃがみ深さ 40度(65度未満なら成功率61%)
2026-09-04 10:30:04 着座を開始します(確認済み)
2026-09-04 10:30:05 方策 sit_up_ln23_r2 を読み込みました。UserCtrl へ入ります
2026-09-04 10:30:05 UserCtrl進入: いまのFSM = 802
2026-09-04 10:30:05 802で静止待ち 0.0秒 (関節速度 最大0.034rad/s)
2026-09-04 10:30:05 SwitchToUserCtrl(7110) → code=0 (0.00秒)  ※このACKは成否を表さない
2026-09-04 10:30:06 FSM 1000 の確認に 0.2秒 かかりました(経過 802→1000)
2026-09-04 10:30:06 FSM 1000(UserCtrl)を確認(0.2秒)
2026-09-04 10:30:06 所有を確認: 左肩ピッチ +0.060rad指令 → 実測0.064rad / トルク-1.9Nm  掴んだ姿勢からのずれ 0.165rad
2026-09-04 10:30:06 ★UserCtrl取得 → 待たずに方策を開始します(静的保持を挟まない)
2026-09-04 10:30:06 引き継ぎ計測: 傾き7.4度 角速度0.40rad/s 開始姿勢のずれ 最大0.26rad (right_hip_pitch 0.26, left_hip_pitch 0.23, right_ankle_pitch 0.17)
2026-09-04 10:30:06 ヨー合わせ: 実測の向きが参照より+67.8度ずれていたので参照側の座標系へ揃えました(2026-08-27より。これをしないと方策は向きの修正を同時にやろうとして膝の左右差が開きます)
2026-09-04 10:30:06 補助: ★未記入 — 記録してください  ★立つモードで自立できていたかどうかが結果を決めている疑い
2026-09-04 10:30:06 ── run003 開始 (cockpit_20260904_102600)
2026-09-04 10:30:06 フェーズ開始: sit_up_ln23_r2(395コマ / 7.9秒)  温度 膝 L33/R33度  足首 L40/R40度  最大42度(j11)
2026-09-04 10:30:06 方策開始: 1コマ目の跳び 0.038rad (left_ankle_pitch / 2N·m)  ランプ 0.30秒 / 参照ブレンド 0.50秒  ※完走回の実測は0.459/0.556rad・転倒回は0.404〜0.718
2026-09-04 10:30:14 着座の形: 座面接触 0.9秒(参照1.9) / 骨盤の後退 接触時+2→終端+8cm(参照+32) / 膝の前方 終端+20cm(参照+4) / 膝角 参照より+8度 / ヨー 接触時-0.9度→終端-12度(うち足の滑り-11度)
2026-09-04 10:30:14 制御周期: 中央20.3ms 最大31.3ms (49Hz / 規定50Hz)  25ms超え14%  推論 中央8.5ms 最大16.2ms  ※正常時の実測は 中央20.0ms / 25ms超え24%
2026-09-04 10:30:14 開始直後(0.6秒)の脚腰の追従誤差 最大 0.823rad (left_ankle_pitch)  ※完走回の実測は最大0.949・転倒回は1.112(2026-08-26時点)
2026-09-04 10:30:14 フェーズ完走: sit_up_ln23_r2  温度 膝 L33/R33度  足首 L40/R40度  最大42度(j11)
2026-09-04 10:30:14 sit_up_ln23_r2 完了。全フェーズ終了 — 方策で姿勢維持中
2026-09-04 10:30:14 完了後の自動移行: ダンプ へ渡します
2026-09-04 10:30:14 標準モード damp
2026-09-04 10:30:33 標準モード stand
2026-09-04 10:30:40 ★FSM 802(走行)へ遷移します — 走行制御が動きます。機体を接地させ、リモコンE-STOPを握ってください
2026-09-04 10:30:41 FSM 802 に到達(0.4秒)
2026-09-04 10:30:41 LiDAR(rt/utlidar/cloud_livox_mid360)とオドメトリ(rt/odommodestate)の読み取りを開始
2026-09-04 10:30:41 歩行モード(FSM 802)。[前進][横歩き]、十字キーの手動操作が押せます
2026-09-04 10:31:01 着座前の確認: OK(操作者の確認へ) / △まだ制御権が無い(押せば自動で引き継ぎます) / △接地チェック未実施 / ○傾き 0.6度(10度未満) / ○静止(関節速度RMS 0.010、0.10未満) / ○内蔵FSM 802(立位/歩行/UserCtrlのどれか) / △参照との向きのずれ 68.0度(開始時に自動で合わせる。椅子が真後ろかは目視) / △LiDAR未使用 — 椅子の位置は目視で確認 / △しゃがみ深さ 32度(65度未満なら成功率61%)
2026-09-04 10:31:07 着座を開始します(確認済み)
2026-09-04 10:31:08 方策 sit_up_ln23_r2 を読み込みました。UserCtrl へ入ります
2026-09-04 10:31:08 UserCtrl進入: いまのFSM = 802
2026-09-04 10:31:08 802で静止待ち 0.0秒 (関節速度 最大0.038rad/s)
2026-09-04 10:31:08 SwitchToUserCtrl(7110) → code=0 (0.00秒)  ※このACKは成否を表さない
2026-09-04 10:31:09 FSM 1000 の確認に 0.2秒 かかりました(経過 802→1000)
2026-09-04 10:31:09 FSM 1000(UserCtrl)を確認(0.2秒)
2026-09-04 10:31:09 所有を確認: 左肩ピッチ +0.060rad指令 → 実測0.060rad / トルク-1.4Nm  掴んだ姿勢からのずれ 0.130rad
2026-09-04 10:31:09 ★UserCtrl取得 → 待たずに方策を開始します(静的保持を挟まない)
2026-09-04 10:31:09 引き継ぎ計測: 傾き5.9度 角速度0.27rad/s 開始姿勢のずれ 最大0.27rad (right_hip_pitch 0.27, left_hip_pitch 0.26, right_knee 0.11)
2026-09-04 10:31:09 ヨー合わせ: 実測の向きが参照より+67.7度ずれていたので参照側の座標系へ揃えました(2026-08-27より。これをしないと方策は向きの修正を同時にやろうとして膝の左右差が開きます)
2026-09-04 10:31:09 補助: ★未記入 — 記録してください  ★立つモードで自立できていたかどうかが結果を決めている疑い
2026-09-04 10:31:09 ── run004 開始 (cockpit_20260904_102600)
2026-09-04 10:31:09 フェーズ開始: sit_up_ln23_r2(395コマ / 7.9秒)  温度 膝 L33/R33度  足首 L41/R41度  最大42度(j11)
2026-09-04 10:31:09 方策開始: 1コマ目の跳び 0.047rad (left_ankle_pitch / 2N·m)  ランプ 0.30秒 / 参照ブレンド 0.50秒  ※完走回の実測は0.459/0.556rad・転倒回は0.404〜0.718
2026-09-04 10:31:17 着座の形: 座面接触 0.9秒(参照1.9) / 骨盤の後退 接触時+2→終端+18cm(参照+32) / 膝の前方 終端+14cm(参照+4) / 膝角 参照より+4度 / ヨー 接触時-1.1度→終端-8度(うち足の滑り-6度)
2026-09-04 10:31:17 制御周期: 中央20.0ms 最大34.7ms (50Hz / 規定50Hz)  25ms超え10%  推論 中央9.4ms 最大20.1ms  ※正常時の実測は 中央20.0ms / 25ms超え24%
2026-09-04 10:31:17 開始直後(0.6秒)の脚腰の追従誤差 最大 0.803rad (left_ankle_pitch)  ※完走回の実測は最大0.949・転倒回は1.112(2026-08-26時点)
2026-09-04 10:31:17 フェーズ完走: sit_up_ln23_r2  温度 膝 L33/R33度  足首 L41/R41度  最大43度(j11)
2026-09-04 10:31:17 sit_up_ln23_r2 完了。全フェーズ終了 — 方策で姿勢維持中
2026-09-04 10:31:17 完了後の自動移行: ダンプ へ渡します
2026-09-04 10:31:17 標準モード damp
2026-09-04 10:32:16 ★UI(通信)途絶 8秒: 内蔵制御のまま(何もしない)
2026-09-04 10:32:39 UI(通信)復帰: 途絶 22.8秒。途絶中の対応: 内蔵制御のまま(何もしない)
