2026-09-02 11:51:32 引き継ぎ計測: 傾き8.9度 角速度0.50rad/s 開始姿勢のずれ 最大0.38rad (right_hip_yaw 0.38, left_hip_yaw 0.27, right_hip_pitch 0.22)
2026-09-02 11:51:32 ヨー合わせ: 実測の向きが参照より+128.6度ずれていたので参照側の座標系へ揃えました(2026-08-27より。これをしないと方策は向きの修正を同時にやろうとして膝の左右差が開きます)
2026-09-02 11:51:32 補助: ★未記入 — 記録してください  ★立つモードで自立できていたかどうかが結果を決めている疑い
2026-09-02 11:51:32 ── run001 開始 (cockpit_20260902_115130)
2026-09-02 11:51:32 フェーズ開始: sit_up_ln20_r2(395コマ / 7.9秒)  温度 膝 L38/R38度  足首 L45/R46度  最大49度(j22)
2026-09-02 11:51:32 方策開始: 1コマ目の跳び 0.048rad (left_ankle_pitch / 2N·m)  ランプ 0.30秒 / 参照ブレンド 0.50秒  ※完走回の実測は0.459/0.556rad・転倒回は0.404〜0.718
2026-09-02 11:51:38 打ち切り 290コマ(5.80秒)。以降はこのコマの姿勢で保持します(最終コマではなく★打ち切ったコマ。2026-08-28修正)
2026-09-02 11:51:38 制御周期: 中央20.0ms 最大43.7ms (50Hz / 規定50Hz)  25ms超え27%  推論 中央4.3ms 最大33.2ms  ※正常時の実測は 中央20.0ms / 25ms超え24%
2026-09-02 11:51:38 開始直後(0.6秒)の脚腰の追従誤差 最大 0.657rad (left_ankle_pitch)  ※完走回の実測は最大0.949・転倒回は1.112(2026-08-26時点)
2026-09-02 11:51:38 フェーズ完走: sit_up_ln20_r2  温度 膝 L38/R38度  足首 L45/R46度  最大49度(j22)
2026-09-02 11:51:38 sit_up_ln20_r2 完了。全フェーズ終了 — 方策で姿勢維持中
2026-09-02 11:51:50 標準モード damp
2026-09-02 11:52:02 パターン選択: sit=sit_up_ln20_r2
2026-09-02 11:52:09 打ち切りコマ数: 最後まで走ります(既定)
2026-09-02 11:52:12 標準モード zero
2026-09-02 11:52:26 標準モード damp
2026-09-02 11:52:32 標準モード stand
2026-09-02 11:52:55 UserCtrl進入: いまのFSM = 4
2026-09-02 11:52:55 ★FSM 802(走行)へ遷移します — 走行制御が動きます。リモコンE-STOPを握ってください
2026-09-02 11:52:55 FSM 802 に到達(0.4秒)
2026-09-02 11:52:56 802で静止待ち 0.4秒 (関節速度 最大0.067rad/s)
2026-09-02 11:52:56 SwitchToUserCtrl(7110) → code=0 (0.00秒)  ※このACKは成否を表さない
2026-09-02 11:52:56 FSM 1000(UserCtrl)を確認(0.2秒)
2026-09-02 11:52:56 所有を確認: 左肩ピッチ +0.060rad指令 → 実測0.071rad / トルク-2.2Nm  掴んだ姿勢からのずれ 0.178rad
2026-09-02 11:52:56 ★UserCtrl で制御権を取得(傾き8度)。脱力窓なし。そのまま [▶ 座る] を押せます
2026-09-02 11:53:04 標準モード damp
2026-09-02 11:53:28 標準モード zero
2026-09-02 11:53:36 標準モード damp
2026-09-02 11:53:42 標準モード stand
2026-09-02 11:54:00 方策 sit_up_ln20_r2 を読み込みました。UserCtrl へ入ります
2026-09-02 11:54:00 UserCtrl進入: いまのFSM = 4
2026-09-02 11:54:00 ★FSM 802(走行)へ遷移します — 走行制御が動きます。リモコンE-STOPを握ってください
2026-09-02 11:54:00 FSM 802 に到達(0.4秒)
2026-09-02 11:54:01 802で静止待ち 0.7秒 (関節速度 最大0.135rad/s)
2026-09-02 11:54:01 SwitchToUserCtrl(7110) → code=0 (0.00秒)  ※このACKは成否を表さない
2026-09-02 11:54:01 FSM 1000(UserCtrl)を確認(0.2秒)
2026-09-02 11:54:01 所有を確認: 左肩ピッチ +0.060rad指令 → 実測0.063rad / トルク-1.6Nm  掴んだ姿勢からのずれ 0.124rad
2026-09-02 11:54:01 ★UserCtrl取得 → 待たずに方策を開始します(静的保持を挟まない)
2026-09-02 11:54:01 引き継ぎ計測: 傾き7.0度 角速度0.20rad/s 開始姿勢のずれ 最大0.40rad (right_hip_yaw 0.40, right_hip_pitch 0.23, left_hip_pitch 0.21)
2026-09-02 11:54:01 ヨー合わせ: 実測の向きが参照より+125.2度ずれていたので参照側の座標系へ揃えました(2026-08-27より。これをしないと方策は向きの修正を同時にやろうとして膝の左右差が開きます)
2026-09-02 11:54:01 補助: ★未記入 — 記録してください  ★立つモードで自立できていたかどうかが結果を決めている疑い
2026-09-02 11:54:01 ── run002 開始 (cockpit_20260902_115130)
2026-09-02 11:54:01 フェーズ開始: sit_up_ln20_r2(395コマ / 7.9秒)  温度 膝 L38/R38度  足首 L46/R46度  最大50度(j23)
2026-09-02 11:54:01 方策開始: 1コマ目の跳び 0.050rad (left_ankle_pitch / 2N·m)  ランプ 0.30秒 / 参照ブレンド 0.50秒  ※完走回の実測は0.459/0.556rad・転倒回は0.404〜0.718
2026-09-02 11:54:10 制御周期: 中央20.1ms 最大49.0ms (50Hz / 規定50Hz)  25ms超え26%  推論 中央3.2ms 最大25.9ms  ※正常時の実測は 中央20.0ms / 25ms超え24%
2026-09-02 11:54:10 開始直後(0.6秒)の脚腰の追従誤差 最大 0.635rad (left_ankle_pitch)  ※完走回の実測は最大0.949・転倒回は1.112(2026-08-26時点)
2026-09-02 11:54:10 フェーズ完走: sit_up_ln20_r2  温度 膝 L38/R38度  足首 L46/R46度  最大50度(j23)
2026-09-02 11:54:10 sit_up_ln20_r2 完了。全フェーズ終了 — 方策で姿勢維持中
2026-09-02 11:54:56 標準モード damp
2026-09-02 11:55:19 標準モード zero
2026-09-02 11:55:28 腕の残差スケール: 0.50 — 腕は参照の50%%ぶん方策の補正を受けなくなります
2026-09-02 11:55:38 標準モード damp
2026-09-02 11:55:47 標準モード stand
