2026-09-04 11:46:14 ★FSM 802(走行)へ遷移します — 走行制御が動きます。機体を接地させ、リモコンE-STOPを握ってください
2026-09-04 11:46:15 FSM 802 に到達(0.4秒)
2026-09-04 11:46:15 歩行モード(FSM 802)。[前進][横歩き]、十字キーの手動操作が押せます
2026-09-04 11:47:06 自動歩行 開始[後退]: 前進0.35m/s 停止距離0.60m 横左0.50m@0.15m/s 最大前進4.0m 回り込みあり  点群座標系=sensor
2026-09-04 11:47:18 着座前の確認: ★NGあり / ×自動歩行の実行中 — 先に[歩行停止] / △まだ制御権が無い(押せば自動で引き継ぎます) / △接地チェック未実施 / ○傾き 0.4度(10度未満) / ○静止(関節速度RMS 0.013、0.10未満) / ○内蔵FSM 802(立位/歩行/UserCtrlのどれか) / △参照との向きのずれ 43.2度(開始時に自動で合わせる。椅子が真後ろかは目視) / △LiDAR: 後方に座面らしい面は見えない(頭のLiDARは後ろ下が死角。無いとは言えない) / △しゃがみ深さ 31度(65度未満なら成功率61%)
2026-09-04 11:47:19 ★自動歩行 中止(BACK): 後退の時間切れ(13秒)
2026-09-04 11:47:24 着座前の確認: OK(操作者の確認へ) / △まだ制御権が無い(押せば自動で引き継ぎます) / △接地チェック未実施 / ○傾き 0.4度(10度未満) / ○静止(関節速度RMS 0.011、0.10未満) / ○内蔵FSM 802(立位/歩行/UserCtrlのどれか) / △参照との向きのずれ 43.3度(開始時に自動で合わせる。椅子が真後ろかは目視) / △LiDAR: 後方に座面らしい面は見えない(頭のLiDARは後ろ下が死角。無いとは言えない) / △しゃがみ深さ 31度(65度未満なら成功率61%)
2026-09-04 11:47:30 着座を開始します(確認済み)
2026-09-04 11:47:31 方策 sit_up_ln23_r2 を読み込みました。UserCtrl へ入ります
2026-09-04 11:47:31 UserCtrl進入: いまのFSM = 802
2026-09-04 11:47:31 802で静止待ち 0.0秒 (関節速度 最大0.045rad/s)
2026-09-04 11:47:32 SwitchToUserCtrl(7110) → code=0 (0.00秒)  ※このACKは成否を表さない
2026-09-04 11:47:32 FSM 1000 の確認に 0.2秒 かかりました(経過 802→1000)
2026-09-04 11:47:32 FSM 1000(UserCtrl)を確認(0.2秒)
2026-09-04 11:47:32 所有を確認: 左肩ピッチ +0.060rad指令 → 実測0.054rad / トルク-0.9Nm  掴んだ姿勢からのずれ 0.129rad
2026-09-04 11:47:32 ★UserCtrl取得 → 待たずに方策を開始します(静的保持を挟まない)
2026-09-04 11:47:32 引き継ぎ計測: 傾き4.7度 角速度0.32rad/s 開始姿勢のずれ 最大0.21rad (right_hip_pitch 0.21, left_hip_pitch 0.16, right_knee 0.14)
2026-09-04 11:47:32 ヨー合わせ: 実測の向きが参照より+43.2度ずれていたので参照側の座標系へ揃えました(2026-08-27より。これをしないと方策は向きの修正を同時にやろうとして膝の左右差が開きます)
2026-09-04 11:47:32 補助: ★未記入 — 記録してください  ★立つモードで自立できていたかどうかが結果を決めている疑い
2026-09-04 11:47:32 ── run001 開始 (cockpit_20260904_114614)
2026-09-04 11:47:32 フェーズ開始: sit_up_ln23_r2(395コマ / 7.9秒)  温度 膝 L31/R32度  足首 L39/R40度  最大40度(j10)
2026-09-04 11:47:32 方策開始: 1コマ目の跳び 0.051rad (left_ankle_pitch / 2N·m)  ランプ 0.30秒 / 参照ブレンド 0.50秒  ※完走回の実測は0.459/0.556rad・転倒回は0.404〜0.718
2026-09-04 11:47:33 座面接触を検知(0.92秒、膝τ 3.3N·m<ピーク12.2の40%) → 膝・足首の残差を2.0秒で0.0へ抜きます(深く座るため)
2026-09-04 11:47:40 着座の形: 座面接触 0.9秒(参照1.9) / 骨盤の後退 接触時+17→終端+22cm(参照+32) / 膝の前方 終端+9cm(参照+4) / 膝角 参照より+2度 / ヨー 接触時3.8度→終端-7度(うち足の滑り+19度)
2026-09-04 11:47:40 制御周期: 中央20.4ms 最大31.2ms (49Hz / 規定50Hz)  25ms超え8%  推論 中央9.9ms 最大16.8ms  ※正常時の実測は 中央20.0ms / 25ms超え24%
2026-09-04 11:47:40 開始直後(0.6秒)の脚腰の追従誤差 最大 0.665rad (left_ankle_pitch)  ※完走回の実測は最大0.949・転倒回は1.112(2026-08-26時点)
2026-09-04 11:47:40 フェーズ完走: sit_up_ln23_r2  温度 膝 L31/R32度  足首 L39/R40度  最大41度(j14)
2026-09-04 11:47:40 LiDAR(rt/utlidar/cloud_livox_mid360)とオドメトリ(rt/odommodestate)の読み取りを開始
2026-09-04 11:47:40 sit_up_ln23_r2 完了。全フェーズ終了 — 方策で姿勢維持中
2026-09-04 11:47:40 完了後の自動移行: ダンプ へ渡します
2026-09-04 11:47:41 標準モード damp
2026-09-04 11:48:02 標準モード stand
2026-09-04 11:48:22 ★UI(通信)途絶 8秒: 内蔵制御のまま(何もしない)
2026-09-04 11:49:05 UI(通信)復帰: 途絶 42.6秒。途絶中の対応: 内蔵制御のまま(何もしない)
2026-09-04 11:49:05 ★UI(通信)途絶 8秒: 内蔵制御のまま(何もしない)
2026-09-04 11:49:05 UI(通信)復帰: 途絶 0.0秒。途絶中の対応: 内蔵制御のまま(何もしない)
2026-09-04 11:49:06 ★FSM 802(走行)へ遷移します — 走行制御が動きます。機体を接地させ、リモコンE-STOPを握ってください
2026-09-04 11:49:07 FSM 802 に到達(0.4秒)
2026-09-04 11:49:07 歩行モード(FSM 802)。[前進][横歩き]、十字キーの手動操作が押せます
2026-09-04 11:49:36 パターン選択: sit=sit_up_ln21_r2
2026-09-04 11:49:40 着座前の確認: OK(操作者の確認へ) / △まだ制御権が無い(押せば自動で引き継ぎます) / △接地チェック未実施 / ○傾き 0.8度(10度未満) / ○静止(関節速度RMS 0.018、0.10未満) / ○内蔵FSM 802(立位/歩行/UserCtrlのどれか) / △参照との向きのずれ 34.7度(開始時に自動で合わせる。椅子が真後ろかは目視) / △LiDAR: 後方に座面らしい面は見えない(頭のLiDARは後ろ下が死角。無いとは言えない) / △しゃがみ深さ 54度(65度未満なら成功率61%)
2026-09-04 11:49:47 着座を開始します(確認済み)
2026-09-04 11:49:48 方策 sit_up_ln21_r2 を読み込みました。UserCtrl へ入ります
2026-09-04 11:49:48 UserCtrl進入: いまのFSM = 802
2026-09-04 11:49:48 802で静止待ち 0.0秒 (関節速度 最大0.041rad/s)
2026-09-04 11:49:48 SwitchToUserCtrl(7110) → code=0 (0.00秒)  ※このACKは成否を表さない
2026-09-04 11:49:48 FSM 1000 の確認に 0.2秒 かかりました(経過 802→1000)
2026-09-04 11:49:48 FSM 1000(UserCtrl)を確認(0.2秒)
2026-09-04 11:49:49 所有を確認: 左肩ピッチ +0.060rad指令 → 実測0.071rad / トルク-2.5Nm  掴んだ姿勢からのずれ 0.228rad
2026-09-04 11:49:49 ★UserCtrl取得 → 待たずに方策を開始します(静的保持を挟まない)
2026-09-04 11:49:49 引き継ぎ計測: 傾き8.9度 角速度0.42rad/s 開始姿勢のずれ 最大0.34rad (left_ankle_pitch 0.34, right_ankle_pitch 0.33, left_hip_pitch 0.26)
2026-09-04 11:49:49 ヨー合わせ: 実測の向きが参照より+34.7度ずれていたので参照側の座標系へ揃えました(2026-08-27より。これをしないと方策は向きの修正を同時にやろうとして膝の左右差が開きます)
2026-09-04 11:49:49 補助: ★未記入 — 記録してください  ★立つモードで自立できていたかどうかが結果を決めている疑い
2026-09-04 11:49:49 ── run002 開始 (cockpit_20260904_114614)
2026-09-04 11:49:49 フェーズ開始: sit_up_ln21_r2(395コマ / 7.9秒)  温度 膝 L32/R32度  足首 L40/R41度  最大43度(j14)
2026-09-04 11:49:49 方策開始: 1コマ目の跳び 0.034rad (left_ankle_pitch / 1N·m)  ランプ 0.30秒 / 参照ブレンド 0.50秒  ※完走回の実測は0.459/0.556rad・転倒回は0.404〜0.718
2026-09-04 11:49:50 座面接触を検知(0.94秒、膝τ 14.3N·m<ピーク38.0の40%) → 膝・足首の残差を2.0秒で0.0へ抜きます(深く座るため)
2026-09-04 11:49:57 着座の形: 座面接触 0.94秒(参照1.9) / 骨盤の後退 接触時-19→終端-2cm(参照+32) / 膝の前方 終端+23cm(参照+4) / 膝角 参照より+2度 / ヨー 接触時-55.6度→終端-42度(うち足の滑り-33度)
2026-09-04 11:49:57 制御周期: 中央20.3ms 最大33.3ms (49Hz / 規定50Hz)  25ms超え10%  推論 中央10.1ms 最大19.1ms  ※正常時の実測は 中央20.0ms / 25ms超え24%
2026-09-04 11:49:57 開始直後(0.6秒)の脚腰の追従誤差 最大 1.202rad (left_ankle_pitch)  ※完走回の実測は最大0.949・転倒回は1.112(2026-08-26時点)
2026-09-04 11:49:57 フェーズ完走: sit_up_ln21_r2  温度 膝 L32/R32度  足首 L40/R41度  最大45度(j13)
2026-09-04 11:49:57 LiDAR(rt/utlidar/cloud_livox_mid360)とオドメトリ(rt/odommodestate)の読み取りを開始
2026-09-04 11:49:57 sit_up_ln21_r2 完了。全フェーズ終了 — 方策で姿勢維持中
2026-09-04 11:49:57 完了後の自動移行: ダンプ へ渡します
2026-09-04 11:49:57 標準モード damp
2026-09-04 11:50:05 パターン選択: sit=sit_up_ln23_r2
2026-09-04 11:50:20 標準モード stand
2026-09-04 11:50:40 ★FSM 802(走行)へ遷移します — 走行制御が動きます。機体を接地させ、リモコンE-STOPを握ってください
2026-09-04 11:50:41 FSM 802 に到達(0.4秒)
2026-09-04 11:50:41 歩行モード(FSM 802)。[前進][横歩き]、十字キーの手動操作が押せます
2026-09-04 11:51:04 着座前の確認: OK(操作者の確認へ) / △まだ制御権が無い(押せば自動で引き継ぎます) / △接地チェック未実施 / ○傾き 0.6度(10度未満) / ○静止(関節速度RMS 0.012、0.10未満) / ○内蔵FSM 802(立位/歩行/UserCtrlのどれか) / △参照との向きのずれ 37.6度(開始時に自動で合わせる。椅子が真後ろかは目視) / △LiDAR: 後方に座面らしい面は見えない(頭のLiDARは後ろ下が死角。無いとは言えない) / △しゃがみ深さ 30度(65度未満なら成功率61%)
2026-09-04 11:51:11 着座を開始します(確認済み)
2026-09-04 11:51:13 方策 sit_up_ln23_r2 を読み込みました。UserCtrl へ入ります
2026-09-04 11:51:13 UserCtrl進入: いまのFSM = 802
2026-09-04 11:51:13 802で静止待ち 0.0秒 (関節速度 最大0.032rad/s)
2026-09-04 11:51:13 SwitchToUserCtrl(7110) → code=0 (0.00秒)  ※このACKは成否を表さない
2026-09-04 11:51:13 FSM 1000 の確認に 0.2秒 かかりました(経過 802→1000)
2026-09-04 11:51:13 FSM 1000(UserCtrl)を確認(0.2秒)
2026-09-04 11:51:13 所有を確認: 左肩ピッチ +0.060rad指令 → 実測0.064rad / トルク-1.6Nm  掴んだ姿勢からのずれ 0.133rad
2026-09-04 11:51:13 ★UserCtrl取得 → 待たずに方策を開始します(静的保持を挟まない)
2026-09-04 11:51:13 引き継ぎ計測: 傾き5.5度 角速度0.14rad/s 開始姿勢のずれ 最大0.31rad (right_hip_pitch 0.31, left_hip_pitch 0.29, right_knee 0.15)
2026-09-04 11:51:13 ヨー合わせ: 実測の向きが参照より+37.6度ずれていたので参照側の座標系へ揃えました(2026-08-27より。これをしないと方策は向きの修正を同時にやろうとして膝の左右差が開きます)
2026-09-04 11:51:13 補助: ★未記入 — 記録してください  ★立つモードで自立できていたかどうかが結果を決めている疑い
2026-09-04 11:51:13 ── run003 開始 (cockpit_20260904_114614)
2026-09-04 11:51:13 フェーズ開始: sit_up_ln23_r2(395コマ / 7.9秒)  温度 膝 L33/R33度  足首 L41/R41度  最大44度(j14)
2026-09-04 11:51:13 方策開始: 1コマ目の跳び 0.052rad (left_ankle_pitch / 2N·m)  ランプ 0.30秒 / 参照ブレンド 0.50秒  ※完走回の実測は0.459/0.556rad・転倒回は0.404〜0.718
2026-09-04 11:51:15 座面接触を検知(1.06秒、膝τ 5.4N·m<ピーク24.8の40%) → 膝・足首の残差を2.0秒で0.0へ抜きます(深く座るため)
2026-09-04 11:51:22 着座の形: 座面接触 1.06秒(参照1.9) / 骨盤の後退 接触時-6→終端-4cm(参照+32) / 膝の前方 終端+26cm(参照+4) / 膝角 参照より+4度 / ヨー 接触時3.6度→終端+12度(うち足の滑り+7度)
2026-09-04 11:51:22 制御周期: 中央20.2ms 最大33.8ms (50Hz / 規定50Hz)  25ms超え8%  推論 中央10.3ms 最大16.9ms  ※正常時の実測は 中央20.0ms / 25ms超え24%
2026-09-04 11:51:22 開始直後(0.6秒)の脚腰の追従誤差 最大 0.700rad (right_ankle_pitch)  ※完走回の実測は最大0.949・転倒回は1.112(2026-08-26時点)
2026-09-04 11:51:22 フェーズ完走: sit_up_ln23_r2  温度 膝 L33/R33度  足首 L41/R41度  最大44度(j14)
2026-09-04 11:51:22 LiDAR(rt/utlidar/cloud_livox_mid360)とオドメトリ(rt/odommodestate)の読み取りを開始
2026-09-04 11:51:22 sit_up_ln23_r2 完了。全フェーズ終了 — 方策で姿勢維持中
2026-09-04 11:51:22 完了後の自動移行: ダンプ へ渡します
2026-09-04 11:51:22 標準モード damp
2026-09-04 11:51:39 ★UI(通信)途絶 8秒: 内蔵制御のまま(何もしない)
2026-09-04 11:51:59 UI(通信)復帰: 途絶 20.0秒。途絶中の対応: 内蔵制御のまま(何もしない)
2026-09-04 11:52:07 ★UI(通信)途絶 8秒: 内蔵制御のまま(何もしない)
2026-09-04 11:52:21 UI(通信)復帰: 途絶 13.5秒。途絶中の対応: 内蔵制御のまま(何もしない)
2026-09-04 11:54:24 ★UI(通信)途絶 8秒: 内蔵制御のまま(何もしない)
