2026-08-28 16:27:59 引き継ぎ計測: 傾き8.2度 角速度0.40rad/s 開始姿勢のずれ 最大0.35rad (right_hip_yaw 0.35, left_hip_yaw 0.33, right_ankle_pitch 0.29)
2026-08-28 16:27:59 ヨー合わせ: 実測の向きが参照より+35.6度ずれていたので参照側の座標系へ揃えました(2026-08-27より。これをしないと方策は向きの修正を同時にやろうとして膝の左右差が開きます)
2026-08-28 16:27:59 補助: ★未記入 — 記録してください  ★立つモードで自立できていたかどうかが結果を決めている疑い
2026-08-28 16:27:59 ── run001 開始 (cockpit_20260828_162757)
2026-08-28 16:27:59 フェーズ開始: sit_up_ar4_r2(433コマ / 8.7秒)  温度 膝 L42/R43度  足首 L49/R49度  最大49度(j4)
2026-08-28 16:27:59 方策開始: 1コマ目の跳び 0.055rad (left_ankle_pitch / 2N·m)  ランプ 0.30秒 / 参照ブレンド 0.50秒  ※完走回の実測は0.459/0.556rad・転倒回は0.404〜0.718
2026-08-28 16:28:08 制御周期: 中央20.1ms 最大49.7ms (50Hz / 規定50Hz)  25ms超え26%  推論 中央4.8ms 最大35.9ms  ※正常時の実測は 中央20.0ms / 25ms超え24%
2026-08-28 16:28:08 開始直後(0.6秒)の脚腰の追従誤差 最大 0.834rad (left_ankle_pitch)  ※完走回の実測は最大0.949・転倒回は1.112(2026-08-26時点)
2026-08-28 16:28:08 フェーズ完走: sit_up_ar4_r2  温度 膝 L42/R43度  足首 L49/R49度  最大49度(j4)
2026-08-28 16:28:08 sit_up_ar4_r2 完了。全フェーズ終了 — 方策で姿勢維持中
2026-08-28 16:28:09 標準モード damp
2026-08-28 16:28:12 標準モード zero
2026-08-28 16:28:29 標準モード zero
2026-08-28 16:28:35 標準モード damp
2026-08-28 16:28:41 標準モード stand
2026-08-28 16:29:03 方策 sit_up_ar4_r2 を読み込みました。UserCtrl へ入ります
2026-08-28 16:29:03 UserCtrl進入: いまのFSM = 4
2026-08-28 16:29:03 ★FSM 802(走行)へ遷移します — 走行制御が動きます。リモコンE-STOPを握ってください
2026-08-28 16:29:03 FSM 802 に到達(0.4秒)
2026-08-28 16:29:03 802で静止待ち 0.4秒 (関節速度 最大0.139rad/s)
2026-08-28 16:29:04 SwitchToUserCtrl(7110) → code=0 (0.00秒)  ※このACKは成否を表さない
2026-08-28 16:29:04 FSM 1000(UserCtrl)を確認(0.2秒)
2026-08-28 16:29:04 所有を確認: 左肩ピッチ +0.060rad指令 → 実測0.071rad / トルク-2.2Nm  掴んだ姿勢からのずれ 0.170rad
2026-08-28 16:29:04 ★UserCtrl取得 → 待たずに方策を開始します(静的保持を挟まない)
2026-08-28 16:29:04 引き継ぎ計測: 傾き5.9度 角速度0.43rad/s 開始姿勢のずれ 最大0.39rad (right_hip_yaw 0.39, left_hip_yaw 0.32, left_ankle_roll 0.15)
2026-08-28 16:29:04 ヨー合わせ: 実測の向きが参照より+44.3度ずれていたので参照側の座標系へ揃えました(2026-08-27より。これをしないと方策は向きの修正を同時にやろうとして膝の左右差が開きます)
2026-08-28 16:29:04 補助: ★未記入 — 記録してください  ★立つモードで自立できていたかどうかが結果を決めている疑い
2026-08-28 16:29:04 ── run002 開始 (cockpit_20260828_162757)
2026-08-28 16:29:04 フェーズ開始: sit_up_ar4_r2(433コマ / 8.7秒)  温度 膝 L43/R43度  足首 L49/R49度  最大50度(j11)
2026-08-28 16:29:04 方策開始: 1コマ目の跳び 0.055rad (left_ankle_pitch / 2N·m)  ランプ 0.30秒 / 参照ブレンド 0.50秒  ※完走回の実測は0.459/0.556rad・転倒回は0.404〜0.718
2026-08-28 16:29:08 標準モード damp
2026-08-28 16:29:12 標準モード zero
2026-08-28 16:29:21 腕の残差スケール: 1.00(従来どおり)
2026-08-28 16:29:26 標準モード zero
2026-08-28 16:29:50 標準モード damp
2026-08-28 16:30:00 標準モード stand
2026-08-28 16:30:16 方策 sit_up_ar4_r2 を読み込みました。UserCtrl へ入ります
2026-08-28 16:30:16 UserCtrl進入: いまのFSM = 4
2026-08-28 16:30:16 ★FSM 802(走行)へ遷移します — 走行制御が動きます。リモコンE-STOPを握ってください
2026-08-28 16:30:16 FSM 802 に到達(0.4秒)
2026-08-28 16:30:17 802で静止待ち 0.4秒 (関節速度 最大0.028rad/s)
2026-08-28 16:30:17 SwitchToUserCtrl(7110) → code=0 (0.00秒)  ※このACKは成否を表さない
2026-08-28 16:30:17 FSM 1000(UserCtrl)を確認(0.0秒)
2026-08-28 16:30:17 所有を確認: 左肩ピッチ +0.060rad指令 → 実測0.070rad / トルク-1.8Nm  掴んだ姿勢からのずれ 0.077rad
2026-08-28 16:30:17 ★UserCtrl取得 → 待たずに方策を開始します(静的保持を挟まない)
2026-08-28 16:30:17 引き継ぎ計測: 傾き3.9度 角速度0.39rad/s 開始姿勢のずれ 最大0.34rad (right_hip_yaw 0.34, left_hip_yaw 0.29, right_hip_pitch 0.18)
2026-08-28 16:30:17 ヨー合わせ: 実測の向きが参照より+43.8度ずれていたので参照側の座標系へ揃えました(2026-08-27より。これをしないと方策は向きの修正を同時にやろうとして膝の左右差が開きます)
2026-08-28 16:30:17 補助: ★未記入 — 記録してください  ★立つモードで自立できていたかどうかが結果を決めている疑い
2026-08-28 16:30:17 ── run003 開始 (cockpit_20260828_162757)
2026-08-28 16:30:17 フェーズ開始: sit_up_ar4_r2(433コマ / 8.7秒)  温度 膝 L43/R43度  足首 L49/R49度  最大50度(j11)
2026-08-28 16:30:17 方策開始: 1コマ目の跳び 0.050rad (left_ankle_pitch / 2N·m)  ランプ 0.30秒 / 参照ブレンド 0.50秒  ※完走回の実測は0.459/0.556rad・転倒回は0.404〜0.718
2026-08-28 16:30:26 制御周期: 中央20.1ms 最大40.3ms (50Hz / 規定50Hz)  25ms超え25%  推論 中央3.1ms 最大25.8ms  ※正常時の実測は 中央20.0ms / 25ms超え24%
2026-08-28 16:30:26 開始直後(0.6秒)の脚腰の追従誤差 最大 0.705rad (left_ankle_pitch)  ※完走回の実測は最大0.949・転倒回は1.112(2026-08-26時点)
2026-08-28 16:30:26 フェーズ完走: sit_up_ar4_r2  温度 膝 L43/R43度  足首 L49/R49度  最大50度(j11)
2026-08-28 16:30:26 sit_up_ar4_r2 完了。全フェーズ終了 — 方策で姿勢維持中
2026-08-28 16:30:28 腕の残差スケール: 0.50 — 腕は参照の50%%ぶん方策の補正を受けなくなります
2026-08-28 16:30:30 標準モード damp
2026-08-28 16:30:49 腕の残差スケール: 0.30 — 腕は参照の70%%ぶん方策の補正を受けなくなります
2026-08-28 16:30:53 標準モード stand
2026-08-28 16:31:02 腕の残差スケール: 0.50 — 腕は参照の50%%ぶん方策の補正を受けなくなります
2026-08-28 16:31:05 方策 sit_up_ar4_r2 を読み込みました。UserCtrl へ入ります
2026-08-28 16:31:05 UserCtrl進入: いまのFSM = 4
2026-08-28 16:31:05 ★FSM 802(走行)へ遷移します — 走行制御が動きます。リモコンE-STOPを握ってください
2026-08-28 16:31:06 FSM 802 に到達(0.4秒)
2026-08-28 16:31:06 802で静止待ち 0.6秒 (関節速度 最大0.086rad/s)
2026-08-28 16:31:07 SwitchToUserCtrl(7110) → code=0 (0.00秒)  ※このACKは成否を表さない
2026-08-28 16:31:07 FSM 1000(UserCtrl)を確認(0.2秒)
2026-08-28 16:31:07 所有を確認: 左肩ピッチ +0.060rad指令 → 実測0.064rad / トルク-1.6Nm  掴んだ姿勢からのずれ 0.144rad
2026-08-28 16:31:07 ★UserCtrl取得 → 待たずに方策を開始します(静的保持を挟まない)
2026-08-28 16:31:07 引き継ぎ計測: 傾き6.7度 角速度0.24rad/s 開始姿勢のずれ 最大0.38rad (right_hip_yaw 0.38, right_hip_pitch 0.27, left_hip_pitch 0.22)
2026-08-28 16:31:07 ヨー合わせ: 実測の向きが参照より+39.5度ずれていたので参照側の座標系へ揃えました(2026-08-27より。これをしないと方策は向きの修正を同時にやろうとして膝の左右差が開きます)
2026-08-28 16:31:07 補助: ★未記入 — 記録してください  ★立つモードで自立できていたかどうかが結果を決めている疑い
2026-08-28 16:31:07 ── run004 開始 (cockpit_20260828_162757)
2026-08-28 16:31:07 フェーズ開始: sit_up_ar4_r2(433コマ / 8.7秒)  温度 膝 L43/R43度  足首 L49/R49度  最大50度(j11)
2026-08-28 16:31:07 方策開始: 1コマ目の跳び 0.053rad (left_ankle_pitch / 2N·m)  ランプ 0.30秒 / 参照ブレンド 0.50秒  ※完走回の実測は0.459/0.556rad・転倒回は0.404〜0.718
2026-08-28 16:31:14 標準モード damp
2026-08-28 16:31:29 標準モード zero
2026-08-28 16:31:37 標準モード damp
2026-08-28 16:31:43 標準モード stand
2026-08-28 16:31:55 方策 sit_up_ar4_r2 を読み込みました。UserCtrl へ入ります
2026-08-28 16:31:55 UserCtrl進入: いまのFSM = 4
2026-08-28 16:31:55 ★FSM 802(走行)へ遷移します — 走行制御が動きます。リモコンE-STOPを握ってください
2026-08-28 16:31:56 FSM 802 に到達(0.4秒)
2026-08-28 16:31:56 802で静止待ち 0.6秒 (関節速度 最大0.115rad/s)
2026-08-28 16:31:57 SwitchToUserCtrl(7110) → code=0 (0.00秒)  ※このACKは成否を表さない
2026-08-28 16:31:57 FSM 1000(UserCtrl)を確認(0.2秒)
2026-08-28 16:31:57 所有を確認: 左肩ピッチ +0.060rad指令 → 実測0.067rad / トルク-1.9Nm  掴んだ姿勢からのずれ 0.158rad
2026-08-28 16:31:57 ★UserCtrl取得 → 待たずに方策を開始します(静的保持を挟まない)
2026-08-28 16:31:57 引き継ぎ計測: 傾き7.3度 角速度0.42rad/s 開始姿勢のずれ 最大0.39rad (right_hip_yaw 0.39, left_hip_yaw 0.24, right_hip_pitch 0.21)
2026-08-28 16:31:57 ヨー合わせ: 実測の向きが参照より+42.4度ずれていたので参照側の座標系へ揃えました(2026-08-27より。これをしないと方策は向きの修正を同時にやろうとして膝の左右差が開きます)
2026-08-28 16:31:57 補助: ★未記入 — 記録してください  ★立つモードで自立できていたかどうかが結果を決めている疑い
2026-08-28 16:31:57 ── run005 開始 (cockpit_20260828_162757)
2026-08-28 16:31:57 フェーズ開始: sit_up_ar4_r2(433コマ / 8.7秒)  温度 膝 L43/R43度  足首 L49/R49度  最大50度(j11)
2026-08-28 16:31:57 方策開始: 1コマ目の跳び 0.055rad (left_ankle_pitch / 2N·m)  ランプ 0.30秒 / 参照ブレンド 0.50秒  ※完走回の実測は0.459/0.556rad・転倒回は0.404〜0.718
2026-08-28 16:32:05 腕の残差スケール: 0.30 — 腕は参照の70%%ぶん方策の補正を受けなくなります
2026-08-28 16:32:06 制御周期: 中央20.0ms 最大47.3ms (50Hz / 規定50Hz)  25ms超え24%  推論 中央3.7ms 最大42.2ms  ※正常時の実測は 中央20.0ms / 25ms超え24%
2026-08-28 16:32:06 開始直後(0.6秒)の脚腰の追従誤差 最大 0.831rad (left_ankle_pitch)  ※完走回の実測は最大0.949・転倒回は1.112(2026-08-26時点)
2026-08-28 16:32:06 フェーズ完走: sit_up_ar4_r2  温度 膝 L43/R43度  足首 L49/R50度  最大51度(j22)
2026-08-28 16:32:06 sit_up_ar4_r2 完了。全フェーズ終了 — 方策で姿勢維持中
2026-08-28 16:32:07 標準モード damp
2026-08-28 16:32:12 打ち切りコマ数: 290コマ(5.80秒)で止めます
2026-08-28 16:32:16 標準モード zero
2026-08-28 16:32:33 標準モード damp
2026-08-28 16:32:39 標準モード stand
2026-08-28 16:32:56 方策 sit_up_ar4_r2 を読み込みました。UserCtrl へ入ります
2026-08-28 16:32:56 UserCtrl進入: いまのFSM = 4
2026-08-28 16:32:56 ★FSM 802(走行)へ遷移します — 走行制御が動きます。リモコンE-STOPを握ってください
2026-08-28 16:32:56 FSM 802 に到達(0.4秒)
2026-08-28 16:32:57 802で静止待ち 0.5秒 (関節速度 最大0.100rad/s)
2026-08-28 16:32:57 SwitchToUserCtrl(7110) → code=0 (0.00秒)  ※このACKは成否を表さない
2026-08-28 16:32:57 FSM 1000(UserCtrl)を確認(0.2秒)
2026-08-28 16:32:58 所有を確認: 左肩ピッチ +0.060rad指令 → 実測0.064rad / トルク-1.6Nm  掴んだ姿勢からのずれ 0.148rad
2026-08-28 16:32:58 ★UserCtrl取得 → 待たずに方策を開始します(静的保持を挟まない)
2026-08-28 16:32:58 引き継ぎ計測: 傾き7.2度 角速度0.38rad/s 開始姿勢のずれ 最大0.39rad (right_hip_yaw 0.39, left_hip_pitch 0.23, left_hip_yaw 0.21)
2026-08-28 16:32:58 ヨー合わせ: 実測の向きが参照より+32.5度ずれていたので参照側の座標系へ揃えました(2026-08-27より。これをしないと方策は向きの修正を同時にやろうとして膝の左右差が開きます)
2026-08-28 16:32:58 補助: ★未記入 — 記録してください  ★立つモードで自立できていたかどうかが結果を決めている疑い
2026-08-28 16:32:58 ── run006 開始 (cockpit_20260828_162757)
2026-08-28 16:32:58 フェーズ開始: sit_up_ar4_r2(433コマ / 8.7秒)  温度 膝 L43/R43度  足首 L49/R50度  最大50度(j10)
2026-08-28 16:32:58 方策開始: 1コマ目の跳び 0.055rad (left_ankle_pitch / 2N·m)  ランプ 0.30秒 / 参照ブレンド 0.50秒  ※完走回の実測は0.459/0.556rad・転倒回は0.404〜0.718
2026-08-28 16:33:04 打ち切り 290コマ(5.80秒)。以降はこのコマの姿勢で保持します(最終コマではなく★打ち切ったコマ。2026-08-28修正)
2026-08-28 16:33:04 制御周期: 中央20.2ms 最大41.9ms (50Hz / 規定50Hz)  25ms超え25%  推論 中央3.2ms 最大28.8ms  ※正常時の実測は 中央20.0ms / 25ms超え24%
2026-08-28 16:33:04 開始直後(0.6秒)の脚腰の追従誤差 最大 0.820rad (left_ankle_pitch)  ※完走回の実測は最大0.949・転倒回は1.112(2026-08-26時点)
2026-08-28 16:33:04 フェーズ完走: sit_up_ar4_r2  温度 膝 L43/R43度  足首 L49/R50度  最大50度(j10)
2026-08-28 16:33:04 sit_up_ar4_r2 完了。全フェーズ終了 — 方策で姿勢維持中
2026-08-28 16:33:10 標準モード zero
2026-08-28 16:33:22 標準モード zero
2026-08-28 16:33:28 標準モード damp
2026-08-28 16:33:29 標準モード zero
2026-08-28 16:33:56 標準モード damp
2026-08-28 16:34:00 標準モード stand
2026-08-28 16:34:45 方策 sit_up_ar4_r2 を読み込みました。UserCtrl へ入ります
2026-08-28 16:34:45 UserCtrl進入: いまのFSM = 4
2026-08-28 16:34:45 ★FSM 802(走行)へ遷移します — 走行制御が動きます。リモコンE-STOPを握ってください
2026-08-28 16:34:45 FSM 802 に到達(0.4秒)
2026-08-28 16:34:46 802で静止待ち 0.6秒 (関節速度 最大0.120rad/s)
2026-08-28 16:34:46 SwitchToUserCtrl(7110) → code=0 (0.00秒)  ※このACKは成否を表さない
2026-08-28 16:34:46 FSM 1000(UserCtrl)を確認(0.2秒)
2026-08-28 16:34:46 所有を確認: 左肩ピッチ +0.060rad指令 → 実測0.067rad / トルク-1.8Nm  掴んだ姿勢からのずれ 0.143rad
2026-08-28 16:34:46 ★UserCtrl取得 → 待たずに方策を開始します(静的保持を挟まない)
2026-08-28 16:34:46 引き継ぎ計測: 傾き7.3度 角速度0.26rad/s 開始姿勢のずれ 最大0.38rad (right_hip_yaw 0.38, right_hip_pitch 0.23, left_hip_pitch 0.23)
2026-08-28 16:34:46 ヨー合わせ: 実測の向きが参照より+34.5度ずれていたので参照側の座標系へ揃えました(2026-08-27より。これをしないと方策は向きの修正を同時にやろうとして膝の左右差が開きます)
2026-08-28 16:34:46 補助: ★未記入 — 記録してください  ★立つモードで自立できていたかどうかが結果を決めている疑い
2026-08-28 16:34:46 ── run007 開始 (cockpit_20260828_162757)
2026-08-28 16:34:46 フェーズ開始: sit_up_ar4_r2(433コマ / 8.7秒)  温度 膝 L43/R43度  足首 L49/R50度  最大51度(j22)
2026-08-28 16:34:46 方策開始: 1コマ目の跳び 0.052rad (left_ankle_pitch / 2N·m)  ランプ 0.30秒 / 参照ブレンド 0.50秒  ※完走回の実測は0.459/0.556rad・転倒回は0.404〜0.718
2026-08-28 16:34:52 打ち切り 290コマ(5.80秒)。以降はこのコマの姿勢で保持します(最終コマではなく★打ち切ったコマ。2026-08-28修正)
2026-08-28 16:34:52 制御周期: 中央20.1ms 最大41.3ms (50Hz / 規定50Hz)  25ms超え26%  推論 中央3.5ms 最大29.0ms  ※正常時の実測は 中央20.0ms / 25ms超え24%
2026-08-28 16:34:52 開始直後(0.6秒)の脚腰の追従誤差 最大 0.815rad (left_ankle_pitch)  ※完走回の実測は最大0.949・転倒回は1.112(2026-08-26時点)
2026-08-28 16:34:52 フェーズ完走: sit_up_ar4_r2  温度 膝 L43/R43度  足首 L49/R50度  最大51度(j22)
2026-08-28 16:34:52 sit_up_ar4_r2 完了。全フェーズ終了 — 方策で姿勢維持中
2026-08-28 16:34:57 ★DAMP: 受信途絶(202ms)
2026-08-28 16:35:01 E-STOPラッチを解除しました(標準モード damp)
2026-08-28 16:35:03 ★標準モード damp を処理中です。少し待ってください
2026-08-28 16:35:04 標準モード damp
2026-08-28 16:35:05 標準モード damp
2026-08-28 16:35:07 標準モード zero
2026-08-28 16:36:16 標準モード damp
2026-08-28 16:36:17 標準モード damp
2026-08-28 16:36:19 標準モード stand
2026-08-28 16:36:20 標準モード stand
2026-08-28 16:37:22 標準モード damp
2026-08-28 16:37:22 標準モード damp
2026-08-28 16:37:26 標準モード zero
2026-08-28 16:37:33 標準モード damp
2026-08-28 16:37:36 標準モード stand
2026-08-28 16:37:54 方策 sit_up_ar4_r2 を読み込みました。UserCtrl へ入ります
2026-08-28 16:37:54 UserCtrl進入: いまのFSM = 4
2026-08-28 16:37:54 ★FSM 802(走行)へ遷移します — 走行制御が動きます。リモコンE-STOPを握ってください
2026-08-28 16:37:54 FSM 802 に到達(0.4秒)
2026-08-28 16:37:54 802で静止待ち 0.3秒 (関節速度 最大0.146rad/s)
2026-08-28 16:37:55 SwitchToUserCtrl(7110) → code=0 (0.00秒)  ※このACKは成否を表さない
2026-08-28 16:37:55 FSM 1000(UserCtrl)を確認(0.2秒)
2026-08-28 16:37:55 所有を確認: 左肩ピッチ +0.060rad指令 → 実測0.062rad / トルク-1.6Nm  掴んだ姿勢からのずれ 0.176rad
2026-08-28 16:37:55 ★UserCtrl取得 → 待たずに方策を開始します(静的保持を挟まない)
2026-08-28 16:37:55 引き継ぎ計測: 傾き7.8度 角速度0.46rad/s 開始姿勢のずれ 最大0.38rad (right_hip_yaw 0.38, left_hip_pitch 0.24, right_hip_pitch 0.22)
2026-08-28 16:37:55 ヨー合わせ: 実測の向きが参照より+35.6度ずれていたので参照側の座標系へ揃えました(2026-08-27より。これをしないと方策は向きの修正を同時にやろうとして膝の左右差が開きます)
2026-08-28 16:37:55 補助: ★未記入 — 記録してください  ★立つモードで自立できていたかどうかが結果を決めている疑い
2026-08-28 16:37:55 ── run008 開始 (cockpit_20260828_162757)
2026-08-28 16:37:55 フェーズ開始: sit_up_ar4_r2(433コマ / 8.7秒)  温度 膝 L44/R43度  足首 L50/R50度  最大50度(j4)
2026-08-28 16:37:55 方策開始: 1コマ目の跳び 0.057rad (left_ankle_pitch / 2N·m)  ランプ 0.30秒 / 参照ブレンド 0.50秒  ※完走回の実測は0.459/0.556rad・転倒回は0.404〜0.718
2026-08-28 16:38:01 打ち切り 290コマ(5.80秒)。以降はこのコマの姿勢で保持します(最終コマではなく★打ち切ったコマ。2026-08-28修正)
2026-08-28 16:38:01 制御周期: 中央20.1ms 最大57.8ms (50Hz / 規定50Hz)  25ms超え29%  推論 中央7.7ms 最大53.5ms  ※正常時の実測は 中央20.0ms / 25ms超え24%
2026-08-28 16:38:01 開始直後(0.6秒)の脚腰の追従誤差 最大 0.878rad (left_ankle_pitch)  ※完走回の実測は最大0.949・転倒回は1.112(2026-08-26時点)
2026-08-28 16:38:01 フェーズ完走: sit_up_ar4_r2  温度 膝 L44/R43度  足首 L50/R50度  最大50度(j4)
2026-08-28 16:38:01 sit_up_ar4_r2 完了。全フェーズ終了 — 方策で姿勢維持中
2026-08-28 16:38:22 標準モード damp
2026-08-28 16:38:34 標準モード zero
2026-08-28 16:38:47 標準モード damp
2026-08-28 16:38:52 標準モード stand
2026-08-28 16:39:19 方策 sit_up_ar4_r2 を読み込みました。UserCtrl へ入ります
2026-08-28 16:39:19 UserCtrl進入: いまのFSM = 4
2026-08-28 16:39:19 ★FSM 802(走行)へ遷移します — 走行制御が動きます。リモコンE-STOPを握ってください
2026-08-28 16:39:19 FSM 802 に到達(0.4秒)
2026-08-28 16:39:20 802で静止待ち 0.5秒 (関節速度 最大0.143rad/s)
2026-08-28 16:39:20 SwitchToUserCtrl(7110) → code=0 (0.00秒)  ※このACKは成否を表さない
2026-08-28 16:39:20 FSM 1000(UserCtrl)を確認(0.2秒)
2026-08-28 16:39:21 所有を確認: 左肩ピッチ +0.060rad指令 → 実測0.069rad / トルク-1.9Nm  掴んだ姿勢からのずれ 0.164rad
2026-08-28 16:39:21 ★UserCtrl取得 → 待たずに方策を開始します(静的保持を挟まない)
2026-08-28 16:39:21 引き継ぎ計測: 傾き7.1度 角速度0.40rad/s 開始姿勢のずれ 最大0.39rad (right_hip_yaw 0.39, left_hip_pitch 0.23, left_hip_yaw 0.22)
2026-08-28 16:39:21 ヨー合わせ: 実測の向きが参照より+36.5度ずれていたので参照側の座標系へ揃えました(2026-08-27より。これをしないと方策は向きの修正を同時にやろうとして膝の左右差が開きます)
2026-08-28 16:39:21 補助: ★未記入 — 記録してください  ★立つモードで自立できていたかどうかが結果を決めている疑い
2026-08-28 16:39:21 ── run009 開始 (cockpit_20260828_162757)
2026-08-28 16:39:21 フェーズ開始: sit_up_ar4_r2(433コマ / 8.7秒)  温度 膝 L44/R43度  足首 L50/R50度  最大51度(j14)
2026-08-28 16:39:21 方策開始: 1コマ目の跳び 0.057rad (left_ankle_pitch / 2N·m)  ランプ 0.30秒 / 参照ブレンド 0.50秒  ※完走回の実測は0.459/0.556rad・転倒回は0.404〜0.718
2026-08-28 16:39:26 標準モード damp
2026-08-28 16:39:28 標準モード stand
2026-08-28 16:39:51 方策 sit_up_ar4_r2 を読み込みました。UserCtrl へ入ります
2026-08-28 16:39:51 UserCtrl進入: いまのFSM = 4
2026-08-28 16:39:51 ★FSM 802(走行)へ遷移します — 走行制御が動きます。リモコンE-STOPを握ってください
2026-08-28 16:39:52 FSM 802 に到達(0.4秒)
2026-08-28 16:39:52 802で静止待ち 0.6秒 (関節速度 最大0.094rad/s)
2026-08-28 16:39:53 SwitchToUserCtrl(7110) → code=0 (0.00秒)  ※このACKは成否を表さない
2026-08-28 16:39:53 FSM 1000(UserCtrl)を確認(0.2秒)
2026-08-28 16:39:53 所有を確認: 左肩ピッチ +0.060rad指令 → 実測0.074rad / トルク-2.4Nm  掴んだ姿勢からのずれ 0.177rad
2026-08-28 16:39:53 ★UserCtrl取得 → 待たずに方策を開始します(静的保持を挟まない)
2026-08-28 16:39:53 引き継ぎ計測: 傾き8.8度 角速度0.36rad/s 開始姿勢のずれ 最大0.35rad (right_hip_yaw 0.35, left_hip_yaw 0.30, right_hip_pitch 0.26)
2026-08-28 16:39:53 ヨー合わせ: 実測の向きが参照より+50.9度ずれていたので参照側の座標系へ揃えました(2026-08-27より。これをしないと方策は向きの修正を同時にやろうとして膝の左右差が開きます)
2026-08-28 16:39:53 補助: ★未記入 — 記録してください  ★立つモードで自立できていたかどうかが結果を決めている疑い
2026-08-28 16:39:53 ── run010 開始 (cockpit_20260828_162757)
2026-08-28 16:39:53 フェーズ開始: sit_up_ar4_r2(433コマ / 8.7秒)  温度 膝 L44/R43度  足首 L50/R50度  最大51度(j14)
2026-08-28 16:39:53 方策開始: 1コマ目の跳び 0.057rad (left_ankle_pitch / 2N·m)  ランプ 0.30秒 / 参照ブレンド 0.50秒  ※完走回の実測は0.459/0.556rad・転倒回は0.404〜0.718
2026-08-28 16:39:59 打ち切り 290コマ(5.80秒)。以降はこのコマの姿勢で保持します(最終コマではなく★打ち切ったコマ。2026-08-28修正)
2026-08-28 16:39:59 制御周期: 中央20.1ms 最大48.0ms (50Hz / 規定50Hz)  25ms超え24%  推論 中央3.8ms 最大30.0ms  ※正常時の実測は 中央20.0ms / 25ms超え24%
2026-08-28 16:39:59 開始直後(0.6秒)の脚腰の追従誤差 最大 0.844rad (left_ankle_pitch)  ※完走回の実測は最大0.949・転倒回は1.112(2026-08-26時点)
2026-08-28 16:39:59 フェーズ完走: sit_up_ar4_r2  温度 膝 L44/R43度  足首 L50/R50度  最大51度(j14)
2026-08-28 16:39:59 sit_up_ar4_r2 完了。全フェーズ終了 — 方策で姿勢維持中
2026-08-28 16:40:05 標準モード stand
2026-08-28 16:40:12 標準モード damp
2026-08-28 16:41:12 標準モード zero
2026-08-28 16:41:32 標準モード damp
2026-08-28 16:41:40 標準モード stand
2026-08-28 16:42:00 方策 sit_up_ar4_r2 を読み込みました。UserCtrl へ入ります
2026-08-28 16:42:00 UserCtrl進入: いまのFSM = 4
2026-08-28 16:42:00 ★FSM 802(走行)へ遷移します — 走行制御が動きます。リモコンE-STOPを握ってください
2026-08-28 16:42:01 FSM 802 に到達(0.4秒)
2026-08-28 16:42:01 802で静止待ち 0.4秒 (関節速度 最大0.064rad/s)
2026-08-28 16:42:01 SwitchToUserCtrl(7110) → code=0 (0.00秒)  ※このACKは成否を表さない
2026-08-28 16:42:01 FSM 1000(UserCtrl)を確認(0.2秒)
2026-08-28 16:42:02 所有を確認: 左肩ピッチ +0.060rad指令 → 実測0.071rad / トルク-2.2Nm  掴んだ姿勢からのずれ 0.181rad
2026-08-28 16:42:02 ★UserCtrl取得 → 待たずに方策を開始します(静的保持を挟まない)
2026-08-28 16:42:02 引き継ぎ計測: 傾き7.5度 角速度0.40rad/s 開始姿勢のずれ 最大0.38rad (right_hip_yaw 0.38, right_hip_pitch 0.26, left_hip_pitch 0.26)
2026-08-28 16:42:02 ヨー合わせ: 実測の向きが参照より+38.6度ずれていたので参照側の座標系へ揃えました(2026-08-27より。これをしないと方策は向きの修正を同時にやろうとして膝の左右差が開きます)
2026-08-28 16:42:02 補助: ★未記入 — 記録してください  ★立つモードで自立できていたかどうかが結果を決めている疑い
2026-08-28 16:42:02 ── run011 開始 (cockpit_20260828_162757)
2026-08-28 16:42:02 フェーズ開始: sit_up_ar4_r2(433コマ / 8.7秒)  温度 膝 L44/R43度  足首 L50/R50度  最大52度(j22)
2026-08-28 16:42:02 方策開始: 1コマ目の跳び 0.057rad (left_ankle_pitch / 2N·m)  ランプ 0.30秒 / 参照ブレンド 0.50秒  ※完走回の実測は0.459/0.556rad・転倒回は0.404〜0.718
2026-08-28 16:42:08 打ち切り 290コマ(5.80秒)。以降はこのコマの姿勢で保持します(最終コマではなく★打ち切ったコマ。2026-08-28修正)
2026-08-28 16:42:08 制御周期: 中央20.1ms 最大48.8ms (50Hz / 規定50Hz)  25ms超え26%  推論 中央3.8ms 最大26.5ms  ※正常時の実測は 中央20.0ms / 25ms超え24%
2026-08-28 16:42:08 開始直後(0.6秒)の脚腰の追従誤差 最大 0.895rad (left_ankle_pitch)  ※完走回の実測は最大0.949・転倒回は1.112(2026-08-26時点)
2026-08-28 16:42:08 フェーズ完走: sit_up_ar4_r2  温度 膝 L44/R43度  足首 L50/R50度  最大52度(j22)
2026-08-28 16:42:08 sit_up_ar4_r2 完了。全フェーズ終了 — 方策で姿勢維持中
2026-08-28 16:42:17 標準モード damp
2026-08-28 16:42:23 標準モード stand
2026-08-28 16:42:39 方策 sit_up_ar4_r2 を読み込みました。UserCtrl へ入ります
2026-08-28 16:42:39 UserCtrl進入: いまのFSM = 4
2026-08-28 16:42:39 ★FSM 802(走行)へ遷移します — 走行制御が動きます。リモコンE-STOPを握ってください
2026-08-28 16:42:39 FSM 802 に到達(0.4秒)
2026-08-28 16:42:39 802で静止待ち 0.4秒 (関節速度 最大0.129rad/s)
2026-08-28 16:42:40 SwitchToUserCtrl(7110) → code=0 (0.00秒)  ※このACKは成否を表さない
2026-08-28 16:42:40 FSM 1000(UserCtrl)を確認(0.2秒)
2026-08-28 16:42:40 所有を確認: 左肩ピッチ +0.060rad指令 → 実測0.063rad / トルク-1.6Nm  掴んだ姿勢からのずれ 0.172rad
2026-08-28 16:42:40 ★UserCtrl取得 → 待たずに方策を開始します(静的保持を挟まない)
2026-08-28 16:42:40 引き継ぎ計測: 傾き7.3度 角速度0.33rad/s 開始姿勢のずれ 最大0.39rad (right_hip_yaw 0.39, left_hip_yaw 0.28, left_hip_pitch 0.21)
2026-08-28 16:42:40 ヨー合わせ: 実測の向きが参照より+42.1度ずれていたので参照側の座標系へ揃えました(2026-08-27より。これをしないと方策は向きの修正を同時にやろうとして膝の左右差が開きます)
2026-08-28 16:42:40 補助: ★未記入 — 記録してください  ★立つモードで自立できていたかどうかが結果を決めている疑い
2026-08-28 16:42:40 ── run012 開始 (cockpit_20260828_162757)
2026-08-28 16:42:40 フェーズ開始: sit_up_ar4_r2(433コマ / 8.7秒)  温度 膝 L44/R43度  足首 L50/R50度  最大52度(j22)
2026-08-28 16:42:40 方策開始: 1コマ目の跳び 0.058rad (left_ankle_pitch / 2N·m)  ランプ 0.30秒 / 参照ブレンド 0.50秒  ※完走回の実測は0.459/0.556rad・転倒回は0.404〜0.718
2026-08-28 16:42:46 標準モード damp
2026-08-28 16:43:34 標準モード stand
2026-08-28 16:43:49 標準モード damp
2026-08-28 16:43:57 標準モード zero
