2026-08-27 15:24:17 引き継ぎ計測: 傾き8.3度 角速度0.34rad/s 開始姿勢のずれ 最大1.19rad (right_elbow 1.19, left_elbow 1.18, right_hip_yaw 0.36)
2026-08-27 15:24:17 ヨー合わせ: 実測の向きが参照より+97.2度ずれていたので参照側の座標系へ揃えました(2026-08-27より。これをしないと方策は向きの修正を同時にやろうとして膝の左右差が開きます)
2026-08-27 15:24:17 補助: ★未記入 — 記録してください  ★立つモードで自立できていたかどうかが結果を決めている疑い
2026-08-27 15:24:17 ── run001 開始 (cockpit_20260827_152415)
2026-08-27 15:24:17 フェーズ開始: sit_up_dp4_r2(395コマ / 7.9秒)  温度 膝 L37/R37度  足首 L45/R45度  最大47度(j14)
2026-08-27 15:24:17 方策開始: 1コマ目の跳び 0.060rad (left_ankle_pitch / 2N·m)  ランプ 0.30秒 / 参照ブレンド 0.50秒  ※完走回の実測は0.459/0.556rad・転倒回は0.404〜0.718
2026-08-27 15:24:17 ★DAMP: 制御周期が遅い: 直近5コマの中央51ms(規定20ms / 限度40ms) = 19Hz。方策は50Hz前提なのでスローモーションになり釣り合いを失う。★PCで他の重い処理(sim_compare/描画/ブラウザ)を止めてから再実行してください
2026-08-27 15:24:42 E-STOPラッチを解除しました(標準モード zero)
2026-08-27 15:24:42 標準モード zero
2026-08-27 15:25:09 標準モード damp
2026-08-27 15:25:54 標準モード stand
2026-08-27 15:26:21 方策 sit_up_dp4_r2 を読み込みました。UserCtrl へ入ります
2026-08-27 15:26:21 UserCtrl進入: いまのFSM = 4
2026-08-27 15:26:21 ★FSM 802(走行)へ遷移します — 走行制御が動きます。リモコンE-STOPを握ってください
2026-08-27 15:26:21 FSM 802 に到達(0.4秒)
2026-08-27 15:26:21 802で静止待ち 0.2秒 (関節速度 最大0.027rad/s)
2026-08-27 15:26:22 SwitchToUserCtrl(7110) → code=0 (0.01秒)  ※このACKは成否を表さない
2026-08-27 15:26:22 FSM 1000(UserCtrl)を確認(0.0秒)
2026-08-27 15:26:22 所有を確認: 左肩ピッチ +0.060rad指令 → 実測0.067rad / トルク-1.4Nm  掴んだ姿勢からのずれ 0.093rad
2026-08-27 15:26:22 ★UserCtrl取得 → 待たずに方策を開始します(静的保持を挟まない)
2026-08-27 15:26:22 引き継ぎ計測: 傾き3.7度 角速度0.31rad/s 開始姿勢のずれ 最大1.22rad (right_elbow 1.22, left_elbow 1.18, right_hip_yaw 0.35)
2026-08-27 15:26:22 ヨー合わせ: 実測の向きが参照より+75.6度ずれていたので参照側の座標系へ揃えました(2026-08-27より。これをしないと方策は向きの修正を同時にやろうとして膝の左右差が開きます)
2026-08-27 15:26:22 補助: ★未記入 — 記録してください  ★立つモードで自立できていたかどうかが結果を決めている疑い
2026-08-27 15:26:22 ── run002 開始 (cockpit_20260827_152415)
2026-08-27 15:26:22 フェーズ開始: sit_up_dp4_r2(395コマ / 7.9秒)  温度 膝 L37/R37度  足首 L45/R45度  最大47度(j14)
2026-08-27 15:26:22 方策開始: 1コマ目の跳び 0.049rad (left_ankle_pitch / 2N·m)  ランプ 0.30秒 / 参照ブレンド 0.50秒  ※完走回の実測は0.459/0.556rad・転倒回は0.404〜0.718
2026-08-27 15:26:22 ★DAMP: 制御周期が遅い: 直近5コマの中央49ms(規定20ms / 限度40ms) = 20Hz。方策は50Hz前提なのでスローモーションになり釣り合いを失う。★PCで他の重い処理(sim_compare/描画/ブラウザ)を止めてから再実行してください
2026-08-27 15:26:53 E-STOPラッチを解除しました(標準モード zero)
2026-08-27 15:26:53 標準モード zero
2026-08-27 15:27:10 標準モード damp
2026-08-27 15:27:19 標準モード stand
2026-08-27 15:27:38 方策 sit_up_dp4_r2 を読み込みました。UserCtrl へ入ります
2026-08-27 15:27:38 UserCtrl進入: いまのFSM = 4
2026-08-27 15:27:38 ★FSM 802(走行)へ遷移します — 走行制御が動きます。リモコンE-STOPを握ってください
2026-08-27 15:27:38 FSM 802 に到達(0.4秒)
2026-08-27 15:27:38 802で静止待ち 0.4秒 (関節速度 最大0.063rad/s)
2026-08-27 15:27:39 SwitchToUserCtrl(7110) → code=0 (0.01秒)  ※このACKは成否を表さない
2026-08-27 15:27:39 FSM 1000(UserCtrl)を確認(0.2秒)
2026-08-27 15:27:39 所有を確認: 左肩ピッチ +0.060rad指令 → 実測0.061rad / トルク-1.2Nm  掴んだ姿勢からのずれ 0.166rad
2026-08-27 15:27:39 ★UserCtrl取得 → 待たずに方策を開始します(静的保持を挟まない)
2026-08-27 15:27:39 引き継ぎ計測: 傾き7.5度 角速度0.26rad/s 開始姿勢のずれ 最大1.23rad (left_elbow 1.23, right_elbow 1.23, right_hip_yaw 0.34)
2026-08-27 15:27:39 ヨー合わせ: 実測の向きが参照より+72.1度ずれていたので参照側の座標系へ揃えました(2026-08-27より。これをしないと方策は向きの修正を同時にやろうとして膝の左右差が開きます)
2026-08-27 15:27:39 補助: ★未記入 — 記録してください  ★立つモードで自立できていたかどうかが結果を決めている疑い
2026-08-27 15:27:39 ── run003 開始 (cockpit_20260827_152415)
2026-08-27 15:27:39 フェーズ開始: sit_up_dp4_r2(395コマ / 7.9秒)  温度 膝 L37/R37度  足首 L45/R45度  最大47度(j14)
2026-08-27 15:27:39 方策開始: 1コマ目の跳び 0.049rad (left_ankle_pitch / 2N·m)  ランプ 0.30秒 / 参照ブレンド 0.50秒  ※完走回の実測は0.459/0.556rad・転倒回は0.404〜0.718
2026-08-27 15:27:39 ★DAMP: 制御周期が遅い: 直近5コマの中央45ms(規定20ms / 限度40ms) = 22Hz。方策は50Hz前提なのでスローモーションになり釣り合いを失う。★PCで他の重い処理(sim_compare/描画/ブラウザ)を止めてから再実行してください
2026-08-27 15:27:43 E-STOPラッチを解除しました(標準モード zero)
2026-08-27 15:27:43 標準モード zero
2026-08-27 15:28:11 標準モード damp
2026-08-27 15:28:38 標準モード zero
2026-08-27 15:28:52 標準モード damp
2026-08-27 15:29:01 標準モード stand
2026-08-27 15:29:23 方策 sit_up_dp4_r2 を読み込みました。UserCtrl へ入ります
2026-08-27 15:29:23 UserCtrl進入: いまのFSM = 4
2026-08-27 15:29:23 ★FSM 802(走行)へ遷移します — 走行制御が動きます。リモコンE-STOPを握ってください
2026-08-27 15:29:24 FSM 802 に到達(0.4秒)
2026-08-27 15:29:24 802で静止待ち 0.3秒 (関節速度 最大0.139rad/s)
2026-08-27 15:29:24 SwitchToUserCtrl(7110) → code=0 (0.00秒)  ※このACKは成否を表さない
2026-08-27 15:29:24 FSM 1000(UserCtrl)を確認(0.0秒)
2026-08-27 15:29:25 所有を確認: 左肩ピッチ +0.060rad指令 → 実測0.064rad / トルク-1.3Nm  掴んだ姿勢からのずれ 0.064rad
2026-08-27 15:29:25 ★UserCtrl取得 → 待たずに方策を開始します(静的保持を挟まない)
2026-08-27 15:29:25 引き継ぎ計測: 傾き4.4度 角速度0.22rad/s 開始姿勢のずれ 最大1.20rad (right_elbow 1.20, left_elbow 1.20, right_hip_yaw 0.38)
2026-08-27 15:29:25 ヨー合わせ: 実測の向きが参照より+77.1度ずれていたので参照側の座標系へ揃えました(2026-08-27より。これをしないと方策は向きの修正を同時にやろうとして膝の左右差が開きます)
2026-08-27 15:29:25 補助: ★未記入 — 記録してください  ★立つモードで自立できていたかどうかが結果を決めている疑い
2026-08-27 15:29:25 ── run004 開始 (cockpit_20260827_152415)
2026-08-27 15:29:25 フェーズ開始: sit_up_dp4_r2(395コマ / 7.9秒)  温度 膝 L37/R37度  足首 L45/R45度  最大47度(j14)
2026-08-27 15:29:25 方策開始: 1コマ目の跳び 0.045rad (left_ankle_pitch / 2N·m)  ランプ 0.30秒 / 参照ブレンド 0.50秒  ※完走回の実測は0.459/0.556rad・転倒回は0.404〜0.718
2026-08-27 15:29:25 ★DAMP: 指令の送信が停止(67ms前)
2026-08-27 15:29:25 ★指令が拒否されました: E-STOPラッチ中
2026-08-27 15:29:42 E-STOPラッチを解除しました(標準モード zero)
2026-08-27 15:29:42 標準モード zero
