2026-08-28 16:55:12 引き継ぎ計測: 傾き8.3度 角速度0.32rad/s 開始姿勢のずれ 最大0.41rad (right_hip_yaw 0.41, left_hip_yaw 0.22, left_hip_pitch 0.21)
2026-08-28 16:55:12 ヨー合わせ: 実測の向きが参照より+91.0度ずれていたので参照側の座標系へ揃えました(2026-08-27より。これをしないと方策は向きの修正を同時にやろうとして膝の左右差が開きます)
2026-08-28 16:55:12 補助: ★未記入 — 記録してください  ★立つモードで自立できていたかどうかが結果を決めている疑い
2026-08-28 16:55:12 ── run001 開始 (cockpit_20260828_165510)
2026-08-28 16:55:12 フェーズ開始: sit_up_ar4_r2(433コマ / 8.7秒)  温度 膝 L42/R42度  足首 L48/R48度  最大49度(j14)
2026-08-28 16:55:12 方策開始: 1コマ目の跳び 0.052rad (left_ankle_pitch / 2N·m)  ランプ 0.30秒 / 参照ブレンド 0.50秒  ※完走回の実測は0.459/0.556rad・転倒回は0.404〜0.718
2026-08-28 16:55:21 標準モード damp
2026-08-28 16:55:26 腕の残差スケール: 0.30 — 腕は参照の70%%ぶん方策の補正を受けなくなります
2026-08-28 16:55:28 標準モード zero
2026-08-28 16:55:56 標準モード damp
2026-08-28 16:56:02 標準モード stand
2026-08-28 16:56:16 ★実行できません: 処理中(UserCtrl→sit)
2026-08-28 16:56:16 方策 sit_up_ar4_r2 を読み込みました。UserCtrl へ入ります
2026-08-28 16:56:16 UserCtrl進入: いまのFSM = 4
2026-08-28 16:56:16 ★FSM 802(走行)へ遷移します — 走行制御が動きます。リモコンE-STOPを握ってください
2026-08-28 16:56:17 FSM 802 に到達(0.4秒)
2026-08-28 16:56:17 802で静止待ち 0.5秒 (関節速度 最大0.100rad/s)
2026-08-28 16:56:18 SwitchToUserCtrl(7110) → code=0 (0.00秒)  ※このACKは成否を表さない
2026-08-28 16:56:18 FSM 1000(UserCtrl)を確認(0.2秒)
2026-08-28 16:56:18 所有を確認: 左肩ピッチ +0.060rad指令 → 実測0.067rad / トルク-1.7Nm  掴んだ姿勢からのずれ 0.162rad
2026-08-28 16:56:18 ★UserCtrl取得 → 待たずに方策を開始します(静的保持を挟まない)
2026-08-28 16:56:18 引き継ぎ計測: 傾き7.2度 角速度0.38rad/s 開始姿勢のずれ 最大0.41rad (right_hip_yaw 0.41, left_hip_yaw 0.22, left_hip_pitch 0.21)
2026-08-28 16:56:18 ヨー合わせ: 実測の向きが参照より+90.4度ずれていたので参照側の座標系へ揃えました(2026-08-27より。これをしないと方策は向きの修正を同時にやろうとして膝の左右差が開きます)
2026-08-28 16:56:18 補助: ★未記入 — 記録してください  ★立つモードで自立できていたかどうかが結果を決めている疑い
2026-08-28 16:56:18 ── run002 開始 (cockpit_20260828_165510)
2026-08-28 16:56:18 フェーズ開始: sit_up_ar4_r2(433コマ / 8.7秒)  温度 膝 L42/R42度  足首 L48/R49度  最大51度(j22)
2026-08-28 16:56:18 方策開始: 1コマ目の跳び 0.055rad (left_ankle_pitch / 2N·m)  ランプ 0.30秒 / 参照ブレンド 0.50秒  ※完走回の実測は0.459/0.556rad・転倒回は0.404〜0.718
2026-08-28 16:56:27 制御周期: 中央20.1ms 最大46.6ms (50Hz / 規定50Hz)  25ms超え25%  推論 中央3.8ms 最大30.1ms  ※正常時の実測は 中央20.0ms / 25ms超え24%
2026-08-28 16:56:27 開始直後(0.6秒)の脚腰の追従誤差 最大 0.844rad (left_ankle_pitch)  ※完走回の実測は最大0.949・転倒回は1.112(2026-08-26時点)
2026-08-28 16:56:27 フェーズ完走: sit_up_ar4_r2  温度 膝 L42/R42度  足首 L48/R48度  最大56度(j22)
2026-08-28 16:56:27 sit_up_ar4_r2 完了。全フェーズ終了 — 方策で姿勢維持中
2026-08-28 16:56:34 腕の残差の対象: 腕14関節すべて
2026-08-28 16:56:36 標準モード damp
2026-08-28 16:57:01 標準モード zero
2026-08-28 16:57:09 標準モード damp
2026-08-28 16:57:12 標準モード stand
2026-08-28 16:57:26 方策 sit_up_ar4_r2 を読み込みました。UserCtrl へ入ります
2026-08-28 16:57:26 UserCtrl進入: いまのFSM = 4
2026-08-28 16:57:26 ★FSM 802(走行)へ遷移します — 走行制御が動きます。リモコンE-STOPを握ってください
2026-08-28 16:57:27 FSM 802 に到達(0.4秒)
2026-08-28 16:57:27 802で静止待ち 0.4秒 (関節速度 最大0.116rad/s)
2026-08-28 16:57:27 SwitchToUserCtrl(7110) → code=0 (0.00秒)  ※このACKは成否を表さない
2026-08-28 16:57:27 FSM 1000(UserCtrl)を確認(0.0秒)
2026-08-28 16:57:27 所有を確認: 左肩ピッチ +0.060rad指令 → 実測0.065rad / トルク-1.5Nm  掴んだ姿勢からのずれ 0.077rad
2026-08-28 16:57:27 ★UserCtrl取得 → 待たずに方策を開始します(静的保持を挟まない)
2026-08-28 16:57:27 引き継ぎ計測: 傾き4.0度 角速度0.35rad/s 開始姿勢のずれ 最大0.38rad (right_hip_yaw 0.38, left_hip_yaw 0.22, left_hip_pitch 0.15)
2026-08-28 16:57:27 ヨー合わせ: 実測の向きが参照より+89.6度ずれていたので参照側の座標系へ揃えました(2026-08-27より。これをしないと方策は向きの修正を同時にやろうとして膝の左右差が開きます)
2026-08-28 16:57:28 補助: ★未記入 — 記録してください  ★立つモードで自立できていたかどうかが結果を決めている疑い
2026-08-28 16:57:28 ── run003 開始 (cockpit_20260828_165510)
2026-08-28 16:57:28 フェーズ開始: sit_up_ar4_r2(433コマ / 8.7秒)  温度 膝 L42/R42度  足首 L48/R49度  最大53度(j22)
2026-08-28 16:57:28 方策開始: 1コマ目の跳び 0.050rad (left_ankle_pitch / 2N·m)  ランプ 0.30秒 / 参照ブレンド 0.50秒  ※完走回の実測は0.459/0.556rad・転倒回は0.404〜0.718
2026-08-28 16:57:36 制御周期: 中央20.2ms 最大43.3ms (50Hz / 規定50Hz)  25ms超え22%  推論 中央2.8ms 最大30.5ms  ※正常時の実測は 中央20.0ms / 25ms超え24%
2026-08-28 16:57:36 開始直後(0.6秒)の脚腰の追従誤差 最大 0.785rad (left_ankle_pitch)  ※完走回の実測は最大0.949・転倒回は1.112(2026-08-26時点)
2026-08-28 16:57:36 フェーズ完走: sit_up_ar4_r2  温度 膝 L42/R42度  足首 L48/R49度  最大54度(j22)
2026-08-28 16:57:36 sit_up_ar4_r2 完了。全フェーズ終了 — 方策で姿勢維持中
2026-08-28 16:57:39 標準モード damp
2026-08-28 16:57:46 標準モード zero
2026-08-28 16:57:47 標準モード zero
2026-08-28 16:58:22 標準モード damp
2026-08-28 16:58:26 標準モード stand
2026-08-28 16:58:41 方策 sit_up_ar4_r2 を読み込みました。UserCtrl へ入ります
2026-08-28 16:58:41 UserCtrl進入: いまのFSM = 4
2026-08-28 16:58:41 ★FSM 802(走行)へ遷移します — 走行制御が動きます。リモコンE-STOPを握ってください
2026-08-28 16:58:42 FSM 802 に到達(0.4秒)
2026-08-28 16:58:42 802で静止待ち 0.5秒 (関節速度 最大0.055rad/s)
2026-08-28 16:58:42 SwitchToUserCtrl(7110) → code=0 (0.00秒)  ※このACKは成否を表さない
2026-08-28 16:58:43 FSM 1000(UserCtrl)を確認(0.2秒)
2026-08-28 16:58:43 所有を確認: 左肩ピッチ +0.060rad指令 → 実測0.069rad / トルク-2.0Nm  掴んだ姿勢からのずれ 0.167rad
2026-08-28 16:58:43 ★UserCtrl取得 → 待たずに方策を開始します(静的保持を挟まない)
2026-08-28 16:58:43 引き継ぎ計測: 傾き8.8度 角速度0.46rad/s 開始姿勢のずれ 最大0.38rad (right_hip_yaw 0.38, left_hip_yaw 0.24, right_hip_pitch 0.23)
2026-08-28 16:58:43 ヨー合わせ: 実測の向きが参照より+92.1度ずれていたので参照側の座標系へ揃えました(2026-08-27より。これをしないと方策は向きの修正を同時にやろうとして膝の左右差が開きます)
2026-08-28 16:58:43 補助: ★未記入 — 記録してください  ★立つモードで自立できていたかどうかが結果を決めている疑い
2026-08-28 16:58:43 ── run004 開始 (cockpit_20260828_165510)
2026-08-28 16:58:43 フェーズ開始: sit_up_ar4_r2(433コマ / 8.7秒)  温度 膝 L42/R42度  足首 L48/R49度  最大54度(j22)
2026-08-28 16:58:43 方策開始: 1コマ目の跳び 0.054rad (left_ankle_pitch / 2N·m)  ランプ 0.30秒 / 参照ブレンド 0.50秒  ※完走回の実測は0.459/0.556rad・転倒回は0.404〜0.718
2026-08-28 16:58:52 制御周期: 中央20.1ms 最大45.6ms (50Hz / 規定50Hz)  25ms超え27%  推論 中央3.5ms 最大26.6ms  ※正常時の実測は 中央20.0ms / 25ms超え24%
2026-08-28 16:58:52 開始直後(0.6秒)の脚腰の追従誤差 最大 0.837rad (left_ankle_pitch)  ※完走回の実測は最大0.949・転倒回は1.112(2026-08-26時点)
2026-08-28 16:58:52 フェーズ完走: sit_up_ar4_r2  温度 膝 L42/R42度  足首 L49/R49度  最大54度(j22)
2026-08-28 16:58:52 sit_up_ar4_r2 完了。全フェーズ終了 — 方策で姿勢維持中
2026-08-28 17:00:08 標準モード damp
