2026-09-02 13:59:14 引き継ぎ計測: 傾き8.0度 角速度0.38rad/s 開始姿勢のずれ 最大0.26rad (right_hip_pitch 0.26, left_hip_pitch 0.21, right_ankle_pitch 0.12)
2026-09-02 13:59:14 ヨー合わせ: 実測の向きが参照より+39.9度ずれていたので参照側の座標系へ揃えました(2026-08-27より。これをしないと方策は向きの修正を同時にやろうとして膝の左右差が開きます)
2026-09-02 13:59:14 補助: ★未記入 — 記録してください  ★立つモードで自立できていたかどうかが結果を決めている疑い
2026-09-02 13:59:14 ── run001 開始 (cockpit_20260902_135912)
2026-09-02 13:59:14 フェーズ開始: sit_up_ln21_r2(395コマ / 7.9秒)  温度 膝 L32/R33度  足首 L39/R40度  最大42度(j14)
2026-09-02 13:59:14 方策開始: 1コマ目の跳び 0.021rad (right_ankle_pitch / 1N·m)  ランプ 0.30秒 / 参照ブレンド 0.50秒  ※完走回の実測は0.459/0.556rad・転倒回は0.404〜0.718
2026-09-02 13:59:19 打ち切り 247コマ(4.94秒)。以降はこのコマの姿勢で保持します(最終コマではなく★打ち切ったコマ。2026-08-28修正)
2026-09-02 13:59:19 制御周期: 中央20.0ms 最大40.1ms (50Hz / 規定50Hz)  25ms超え29%  推論 中央6.9ms 最大29.2ms  ※正常時の実測は 中央20.0ms / 25ms超え24%
2026-09-02 13:59:19 開始直後(0.6秒)の脚腰の追従誤差 最大 0.622rad (left_ankle_pitch)  ※完走回の実測は最大0.949・転倒回は1.112(2026-08-26時点)
2026-09-02 13:59:19 フェーズ完走: sit_up_ln21_r2  温度 膝 L32/R33度  足首 L40/R40度  最大42度(j14)
2026-09-02 13:59:19 sit_up_ln21_r2 完了。全フェーズ終了 — 方策で姿勢維持中
2026-09-02 13:59:24 腕の残差スケール: 0.80 — 腕は参照の20%%ぶん方策の補正を受けなくなります
2026-09-02 13:59:26 標準モード zero
2026-09-02 13:59:29 標準モード damp
2026-09-02 13:59:31 標準モード zero
2026-09-02 13:59:47 打ち切りコマ数: 最後まで走ります(既定)
2026-09-02 13:59:54 標準モード damp
2026-09-02 14:00:06 標準モード stand
2026-09-02 14:00:21 方策 sit_up_ln21_r2 を読み込みました。UserCtrl へ入ります
2026-09-02 14:00:21 UserCtrl進入: いまのFSM = 4
2026-09-02 14:00:21 ★FSM 802(走行)へ遷移します — 走行制御が動きます。リモコンE-STOPを握ってください
2026-09-02 14:00:21 FSM 802 に到達(0.4秒)
2026-09-02 14:00:22 802で静止待ち 0.4秒 (関節速度 最大0.062rad/s)
2026-09-02 14:00:22 SwitchToUserCtrl(7110) → code=0 (0.00秒)  ※このACKは成否を表さない
2026-09-02 14:00:22 FSM 1000(UserCtrl)を確認(0.2秒)
2026-09-02 14:00:22 所有を確認: 左肩ピッチ +0.060rad指令 → 実測0.069rad / トルク-2.1Nm  掴んだ姿勢からのずれ 0.176rad
2026-09-02 14:00:22 ★UserCtrl取得 → 待たずに方策を開始します(静的保持を挟まない)
2026-09-02 14:00:22 引き継ぎ計測: 傾き8.3度 角速度0.52rad/s 開始姿勢のずれ 最大0.24rad (right_hip_pitch 0.24, left_hip_pitch 0.22, right_ankle_pitch 0.19)
2026-09-02 14:00:22 ヨー合わせ: 実測の向きが参照より+42.5度ずれていたので参照側の座標系へ揃えました(2026-08-27より。これをしないと方策は向きの修正を同時にやろうとして膝の左右差が開きます)
2026-09-02 14:00:22 補助: ★未記入 — 記録してください  ★立つモードで自立できていたかどうかが結果を決めている疑い
2026-09-02 14:00:22 ── run002 開始 (cockpit_20260902_135912)
2026-09-02 14:00:22 フェーズ開始: sit_up_ln21_r2(395コマ / 7.9秒)  温度 膝 L33/R33度  足首 L41/R41度  最大44度(j23)
2026-09-02 14:00:22 方策開始: 1コマ目の跳び 0.024rad (right_ankle_pitch / 1N·m)  ランプ 0.30秒 / 参照ブレンド 0.50秒  ※完走回の実測は0.459/0.556rad・転倒回は0.404〜0.718
2026-09-02 14:00:30 制御周期: 中央20.0ms 最大47.9ms (50Hz / 規定50Hz)  25ms超え24%  推論 中央3.3ms 最大29.0ms  ※正常時の実測は 中央20.0ms / 25ms超え24%
2026-09-02 14:00:30 開始直後(0.6秒)の脚腰の追従誤差 最大 0.823rad (left_ankle_pitch)  ※完走回の実測は最大0.949・転倒回は1.112(2026-08-26時点)
2026-09-02 14:00:30 フェーズ完走: sit_up_ln21_r2  温度 膝 L33/R33度  足首 L41/R41度  最大44度(j23)
2026-09-02 14:00:30 sit_up_ln21_r2 完了。全フェーズ終了 — 方策で姿勢維持中
2026-09-02 14:00:46 標準モード damp
2026-09-02 14:00:57 腕の残差スケール: 0.70 — 腕は参照の30%%ぶん方策の補正を受けなくなります
2026-09-02 14:01:04 標準モード zero
2026-09-02 14:01:30 標準モード damp
2026-09-02 14:01:37 標準モード stand
2026-09-02 14:01:59 腕の残差スケール: 0.30 — 腕は参照の70%%ぶん方策の補正を受けなくなります
2026-09-02 14:02:02 方策 sit_up_ln21_r2 を読み込みました。UserCtrl へ入ります
2026-09-02 14:02:02 UserCtrl進入: いまのFSM = 4
2026-09-02 14:02:02 ★FSM 802(走行)へ遷移します — 走行制御が動きます。リモコンE-STOPを握ってください
2026-09-02 14:02:02 FSM 802 に到達(0.4秒)
2026-09-02 14:02:02 802で静止待ち 0.1秒 (関節速度 最大0.109rad/s)
2026-09-02 14:02:03 SwitchToUserCtrl(7110) → code=0 (0.00秒)  ※このACKは成否を表さない
2026-09-02 14:02:03 FSM 1000(UserCtrl)を確認(0.2秒)
2026-09-02 14:02:03 所有を確認: 左肩ピッチ +0.060rad指令 → 実測0.071rad / トルク-2.1Nm  掴んだ姿勢からのずれ 0.205rad
2026-09-02 14:02:03 ★UserCtrl取得 → 待たずに方策を開始します(静的保持を挟まない)
2026-09-02 14:02:03 引き継ぎ計測: 傾き8.5度 角速度0.42rad/s 開始姿勢のずれ 最大0.31rad (right_hip_pitch 0.31, right_ankle_pitch 0.30, left_ankle_pitch 0.26)
2026-09-02 14:02:03 ヨー合わせ: 実測の向きが参照より+45.9度ずれていたので参照側の座標系へ揃えました(2026-08-27より。これをしないと方策は向きの修正を同時にやろうとして膝の左右差が開きます)
2026-09-02 14:02:03 補助: ★未記入 — 記録してください  ★立つモードで自立できていたかどうかが結果を決めている疑い
2026-09-02 14:02:03 ── run003 開始 (cockpit_20260902_135912)
2026-09-02 14:02:03 フェーズ開始: sit_up_ln21_r2(395コマ / 7.9秒)  温度 膝 L34/R34度  足首 L41/R42度  最大45度(j23)
2026-09-02 14:02:03 方策開始: 1コマ目の跳び 0.030rad (right_ankle_pitch / 1N·m)  ランプ 0.30秒 / 参照ブレンド 0.50秒  ※完走回の実測は0.459/0.556rad・転倒回は0.404〜0.718
2026-09-02 14:02:10 腕の残差スケール: 0.70 — 腕は参照の30%%ぶん方策の補正を受けなくなります
2026-09-02 14:02:11 制御周期: 中央20.0ms 最大53.1ms (50Hz / 規定50Hz)  25ms超え24%  推論 中央4.1ms 最大29.2ms  ※正常時の実測は 中央20.0ms / 25ms超え24%
2026-09-02 14:02:11 開始直後(0.6秒)の脚腰の追従誤差 最大 0.943rad (left_ankle_pitch)  ※完走回の実測は最大0.949・転倒回は1.112(2026-08-26時点)
2026-09-02 14:02:11 フェーズ完走: sit_up_ln21_r2  温度 膝 L34/R34度  足首 L41/R42度  最大45度(j23)
2026-09-02 14:02:11 sit_up_ln21_r2 完了。全フェーズ終了 — 方策で姿勢維持中
2026-09-02 14:02:12 標準モード damp
2026-09-02 14:02:25 打ち切りコマ数: 285コマ(5.70秒)で止めます
2026-09-02 14:02:28 腕の残差スケール: 0.50 — 腕は参照の50%%ぶん方策の補正を受けなくなります
2026-09-02 14:02:30 標準モード zero
2026-09-02 14:02:32 標準モード damp
2026-09-02 14:02:33 標準モード damp
2026-09-02 14:02:34 標準モード zero
2026-09-02 14:02:58 標準モード damp
2026-09-02 14:03:02 標準モード stand
2026-09-02 14:03:18 方策 sit_up_ln21_r2 を読み込みました。UserCtrl へ入ります
2026-09-02 14:03:18 UserCtrl進入: いまのFSM = 4
2026-09-02 14:03:18 ★FSM 802(走行)へ遷移します — 走行制御が動きます。リモコンE-STOPを握ってください
2026-09-02 14:03:19 FSM 802 に到達(0.4秒)
2026-09-02 14:03:19 802で静止待ち 0.4秒 (関節速度 最大0.045rad/s)
2026-09-02 14:03:19 SwitchToUserCtrl(7110) → code=0 (0.00秒)  ※このACKは成否を表さない
2026-09-02 14:03:19 FSM 1000(UserCtrl)を確認(0.0秒)
2026-09-02 14:03:20 所有を確認: 左肩ピッチ +0.060rad指令 → 実測0.060rad / トルク-1.1Nm  掴んだ姿勢からのずれ 0.063rad
2026-09-02 14:03:20 ★UserCtrl取得 → 待たずに方策を開始します(静的保持を挟まない)
2026-09-02 14:03:20 引き継ぎ計測: 傾き3.9度 角速度0.15rad/s 開始姿勢のずれ 最大0.21rad (right_hip_pitch 0.21, left_hip_pitch 0.15, right_hip_yaw 0.10)
2026-09-02 14:03:20 ヨー合わせ: 実測の向きが参照より+53.0度ずれていたので参照側の座標系へ揃えました(2026-08-27より。これをしないと方策は向きの修正を同時にやろうとして膝の左右差が開きます)
2026-09-02 14:03:20 補助: ★未記入 — 記録してください  ★立つモードで自立できていたかどうかが結果を決めている疑い
2026-09-02 14:03:20 ── run004 開始 (cockpit_20260902_135912)
2026-09-02 14:03:20 フェーズ開始: sit_up_ln21_r2(395コマ / 7.9秒)  温度 膝 L34/R34度  足首 L42/R42度  最大45度(j23)
2026-09-02 14:03:20 方策開始: 1コマ目の跳び 0.024rad (right_ankle_pitch / 1N·m)  ランプ 0.30秒 / 参照ブレンド 0.50秒  ※完走回の実測は0.459/0.556rad・転倒回は0.404〜0.718
2026-09-02 14:03:26 打ち切り 285コマ(5.70秒)。以降はこのコマの姿勢で保持します(最終コマではなく★打ち切ったコマ。2026-08-28修正)
2026-09-02 14:03:26 制御周期: 中央20.1ms 最大56.5ms (50Hz / 規定50Hz)  25ms超え31%  推論 中央8.4ms 最大35.6ms  ※正常時の実測は 中央20.0ms / 25ms超え24%
2026-09-02 14:03:26 開始直後(0.6秒)の脚腰の追従誤差 最大 0.629rad (left_ankle_pitch)  ※完走回の実測は最大0.949・転倒回は1.112(2026-08-26時点)
2026-09-02 14:03:26 フェーズ完走: sit_up_ln21_r2  温度 膝 L34/R34度  足首 L42/R42度  最大45度(j23)
2026-09-02 14:03:26 sit_up_ln21_r2 完了。全フェーズ終了 — 方策で姿勢維持中
2026-09-02 14:03:36 腕の残差スケール: 0.60 — 腕は参照の40%%ぶん方策の補正を受けなくなります
2026-09-02 14:03:39 標準モード damp
2026-09-02 14:03:43 標準モード zero
2026-09-02 14:04:02 打ち切りコマ数: 247コマ(4.94秒)で止めます
