2026-08-27 14:55:37 引き継ぎ計測: 傾き8.8度 角速度0.37rad/s 開始姿勢のずれ 最大1.23rad (right_elbow 1.23, left_elbow 1.22, right_hip_yaw 0.36)
2026-08-27 14:55:37 ヨー合わせ: 実測の向きが参照より+78.5度ずれていたので参照側の座標系へ揃えました(2026-08-27より。これをしないと方策は向きの修正を同時にやろうとして膝の左右差が開きます)
2026-08-27 14:55:37 補助: ★未記入 — 記録してください  ★立つモードで自立できていたかどうかが結果を決めている疑い
2026-08-27 14:55:37 ── run001 開始 (cockpit_20260827_145535)
2026-08-27 14:55:37 フェーズ開始: sit_up_dp4_r2(395コマ / 7.9秒)  温度 膝 L38/R38度  足首 L45/R45度  最大47度(j14)
2026-08-27 14:55:37 方策開始: 1コマ目の跳び 0.036rad (left_ankle_pitch / 1N·m)  ランプ 0.30秒 / 参照ブレンド 0.50秒  ※完走回の実測は0.459/0.556rad・転倒回は0.404〜0.718
2026-08-27 14:55:45 制御周期: 中央1.0ms 最大1.0ms (1000Hz / 規定50Hz)
2026-08-27 14:55:45 開始直後(0.6秒)の脚腰の追従誤差 最大 0.806rad (left_ankle_pitch)  ※完走回の実測は最大0.949・転倒回は1.112(2026-08-26時点)
2026-08-27 14:55:45 フェーズ完走: sit_up_dp4_r2  温度 膝 L38/R38度  足首 L45/R45度  最大47度(j14)
2026-08-27 14:55:45 sit_up_dp4_r2 完了。全フェーズ終了 — 方策で姿勢維持中
2026-08-27 14:55:47 標準モード damp
2026-08-27 14:55:57 標準モード zero
2026-08-27 14:56:03 標準モード damp
2026-08-27 14:56:10 標準モード stand
2026-08-27 14:56:21 標準モード damp
2026-08-27 14:56:26 標準モード stand
2026-08-27 14:56:33 標準モード damp
2026-08-27 14:56:35 標準モード zero
2026-08-27 14:56:38 標準モード damp
2026-08-27 14:56:43 標準モード stand
2026-08-27 14:56:58 方策 sit_up_dp4_r2 を読み込みました。UserCtrl へ入ります
2026-08-27 14:56:58 UserCtrl進入: いまのFSM = 4
2026-08-27 14:56:58 ★FSM 802(走行)へ遷移します — 走行制御が動きます。リモコンE-STOPを握ってください
2026-08-27 14:56:58 FSM 802 に到達(0.4秒)
2026-08-27 14:56:58 802で静止待ち 0.2秒 (関節速度 最大0.145rad/s)
2026-08-27 14:56:59 SwitchToUserCtrl(7110) → code=0 (0.00秒)  ※このACKは成否を表さない
2026-08-27 14:56:59 FSM 1000(UserCtrl)を確認(0.2秒)
2026-08-27 14:56:59 所有を確認: 左肩ピッチ +0.060rad指令 → 実測0.071rad / トルク-2.3Nm  掴んだ姿勢からのずれ 0.187rad
2026-08-27 14:56:59 ★UserCtrl取得 → 待たずに方策を開始します(静的保持を挟まない)
2026-08-27 14:56:59 引き継ぎ計測: 傾き9.7度 角速度0.37rad/s 開始姿勢のずれ 最大1.23rad (right_elbow 1.23, left_elbow 1.21, right_hip_yaw 0.35)
2026-08-27 14:56:59 ヨー合わせ: 実測の向きが参照より+73.1度ずれていたので参照側の座標系へ揃えました(2026-08-27より。これをしないと方策は向きの修正を同時にやろうとして膝の左右差が開きます)
2026-08-27 14:56:59 補助: ★未記入 — 記録してください  ★立つモードで自立できていたかどうかが結果を決めている疑い
2026-08-27 14:56:59 ── run002 開始 (cockpit_20260827_145535)
2026-08-27 14:56:59 フェーズ開始: sit_up_dp4_r2(395コマ / 7.9秒)  温度 膝 L39/R38度  足首 L45/R45度  最大47度(j14)
2026-08-27 14:56:59 方策開始: 1コマ目の跳び 0.051rad (left_ankle_pitch / 2N·m)  ランプ 0.30秒 / 参照ブレンド 0.50秒  ※完走回の実測は0.459/0.556rad・転倒回は0.404〜0.718
2026-08-27 14:57:04 ★DAMP: 操作者による緊急停止
2026-08-27 14:57:14 E-STOPラッチを解除しました(標準モード zero)
2026-08-27 14:57:14 標準モード zero
2026-08-27 14:57:26 標準モード damp
2026-08-27 14:57:39 標準モード stand
2026-08-27 14:58:09 方策 sit_up_dp4_r2 を読み込みました。UserCtrl へ入ります
2026-08-27 14:58:09 UserCtrl進入: いまのFSM = 4
2026-08-27 14:58:09 ★FSM 802(走行)へ遷移します — 走行制御が動きます。リモコンE-STOPを握ってください
2026-08-27 14:58:09 FSM 802 に到達(0.4秒)
2026-08-27 14:58:10 802で静止待ち 0.4秒 (関節速度 最大0.067rad/s)
2026-08-27 14:58:10 SwitchToUserCtrl(7110) → code=0 (0.00秒)  ※このACKは成否を表さない
2026-08-27 14:58:10 FSM 1000(UserCtrl)を確認(0.2秒)
2026-08-27 14:58:10 所有を確認: 左肩ピッチ +0.060rad指令 → 実測0.069rad / トルク-2.1Nm  掴んだ姿勢からのずれ 0.165rad
2026-08-27 14:58:10 ★UserCtrl取得 → 待たずに方策を開始します(静的保持を挟まない)
2026-08-27 14:58:10 引き継ぎ計測: 傾き9.1度 角速度0.40rad/s 開始姿勢のずれ 最大1.23rad (right_elbow 1.23, left_elbow 1.21, right_hip_yaw 0.35)
2026-08-27 14:58:10 ヨー合わせ: 実測の向きが参照より+78.9度ずれていたので参照側の座標系へ揃えました(2026-08-27より。これをしないと方策は向きの修正を同時にやろうとして膝の左右差が開きます)
2026-08-27 14:58:10 補助: ★未記入 — 記録してください  ★立つモードで自立できていたかどうかが結果を決めている疑い
2026-08-27 14:58:10 ── run003 開始 (cockpit_20260827_145535)
2026-08-27 14:58:10 フェーズ開始: sit_up_dp4_r2(395コマ / 7.9秒)  温度 膝 L39/R38度  足首 L45/R45度  最大47度(j14)
2026-08-27 14:58:10 方策開始: 1コマ目の跳び 0.040rad (left_ankle_pitch / 2N·m)  ランプ 0.30秒 / 参照ブレンド 0.50秒  ※完走回の実測は0.459/0.556rad・転倒回は0.404〜0.718
2026-08-27 14:58:18 制御周期: 中央1.0ms 最大1.0ms (1000Hz / 規定50Hz)
2026-08-27 14:58:18 開始直後(0.6秒)の脚腰の追従誤差 最大 0.810rad (left_ankle_pitch)  ※完走回の実測は最大0.949・転倒回は1.112(2026-08-26時点)
2026-08-27 14:58:18 フェーズ完走: sit_up_dp4_r2  温度 膝 L39/R38度  足首 L45/R45度  最大47度(j14)
2026-08-27 14:58:18 sit_up_dp4_r2 完了。全フェーズ終了 — 方策で姿勢維持中
2026-08-27 14:58:19 標準モード damp
2026-08-27 14:58:31 標準モード zero
2026-08-27 14:58:45 標準モード damp
2026-08-27 14:58:54 標準モード stand
2026-08-27 14:59:03 標準モード damp
2026-08-27 14:59:04 標準モード damp
2026-08-27 14:59:06 標準モード zero
2026-08-27 14:59:22 標準モード damp
2026-08-27 14:59:26 標準モード stand
2026-08-27 14:59:41 方策 sit_up_dp4_r2 を読み込みました。UserCtrl へ入ります
2026-08-27 14:59:41 UserCtrl進入: いまのFSM = 4
2026-08-27 14:59:41 ★FSM 802(走行)へ遷移します — 走行制御が動きます。リモコンE-STOPを握ってください
2026-08-27 14:59:42 FSM 802 に到達(0.4秒)
2026-08-27 14:59:42 802で静止待ち 0.3秒 (関節速度 最大0.072rad/s)
2026-08-27 14:59:42 SwitchToUserCtrl(7110) → code=0 (0.00秒)  ※このACKは成否を表さない
2026-08-27 14:59:42 FSM 1000(UserCtrl)を確認(0.2秒)
2026-08-27 14:59:43 所有を確認: 左肩ピッチ +0.060rad指令 → 実測0.069rad / トルク-2.1Nm  掴んだ姿勢からのずれ 0.172rad
2026-08-27 14:59:43 ★UserCtrl取得 → 待たずに方策を開始します(静的保持を挟まない)
2026-08-27 14:59:43 引き継ぎ計測: 傾き8.8度 角速度0.33rad/s 開始姿勢のずれ 最大1.23rad (right_elbow 1.23, left_elbow 1.21, right_hip_yaw 0.35)
2026-08-27 14:59:43 ヨー合わせ: 実測の向きが参照より+81.8度ずれていたので参照側の座標系へ揃えました(2026-08-27より。これをしないと方策は向きの修正を同時にやろうとして膝の左右差が開きます)
2026-08-27 14:59:43 補助: ★未記入 — 記録してください  ★立つモードで自立できていたかどうかが結果を決めている疑い
2026-08-27 14:59:43 ── run004 開始 (cockpit_20260827_145535)
2026-08-27 14:59:43 フェーズ開始: sit_up_dp4_r2(395コマ / 7.9秒)  温度 膝 L39/R38度  足首 L45/R45度  最大47度(j14)
2026-08-27 14:59:43 方策開始: 1コマ目の跳び 0.043rad (left_ankle_pitch / 2N·m)  ランプ 0.30秒 / 参照ブレンド 0.50秒  ※完走回の実測は0.459/0.556rad・転倒回は0.404〜0.718
2026-08-27 14:59:51 制御周期: 中央1.0ms 最大1.0ms (1000Hz / 規定50Hz)
2026-08-27 14:59:51 開始直後(0.6秒)の脚腰の追従誤差 最大 0.850rad (left_ankle_pitch)  ※完走回の実測は最大0.949・転倒回は1.112(2026-08-26時点)
2026-08-27 14:59:51 フェーズ完走: sit_up_dp4_r2  温度 膝 L39/R38度  足首 L45/R45度  最大47度(j14)
2026-08-27 14:59:51 sit_up_dp4_r2 完了。全フェーズ終了 — 方策で姿勢維持中
2026-08-27 14:59:53 標準モード damp
2026-08-27 15:00:01 標準モード zero
2026-08-27 15:00:31 標準モード damp
2026-08-27 15:00:40 標準モード stand
2026-08-27 15:01:02 方策 sit_up_dp4_r2 を読み込みました。UserCtrl へ入ります
2026-08-27 15:01:02 UserCtrl進入: いまのFSM = 4
2026-08-27 15:01:02 ★FSM 802(走行)へ遷移します — 走行制御が動きます。リモコンE-STOPを握ってください
2026-08-27 15:01:02 FSM 802 に到達(0.4秒)
2026-08-27 15:01:03 802で静止待ち 0.4秒 (関節速度 最大0.106rad/s)
2026-08-27 15:01:03 SwitchToUserCtrl(7110) → code=0 (0.00秒)  ※このACKは成否を表さない
2026-08-27 15:01:03 FSM 1000(UserCtrl)を確認(0.2秒)
2026-08-27 15:01:03 所有を確認: 左肩ピッチ +0.060rad指令 → 実測0.073rad / トルク-2.2Nm  掴んだ姿勢からのずれ 0.185rad
2026-08-27 15:01:03 ★UserCtrl取得 → 待たずに方策を開始します(静的保持を挟まない)
2026-08-27 15:01:03 引き継ぎ計測: 傾き8.1度 角速度0.44rad/s 開始姿勢のずれ 最大1.21rad (right_elbow 1.21, left_elbow 1.19, right_hip_yaw 0.37)
2026-08-27 15:01:03 ヨー合わせ: 実測の向きが参照より+75.0度ずれていたので参照側の座標系へ揃えました(2026-08-27より。これをしないと方策は向きの修正を同時にやろうとして膝の左右差が開きます)
2026-08-27 15:01:03 補助: ★未記入 — 記録してください  ★立つモードで自立できていたかどうかが結果を決めている疑い
2026-08-27 15:01:03 ── run005 開始 (cockpit_20260827_145535)
2026-08-27 15:01:03 フェーズ開始: sit_up_dp4_r2(395コマ / 7.9秒)  温度 膝 L39/R38度  足首 L45/R45度  最大47度(j14)
2026-08-27 15:01:03 方策開始: 1コマ目の跳び 0.050rad (left_ankle_pitch / 2N·m)  ランプ 0.30秒 / 参照ブレンド 0.50秒  ※完走回の実測は0.459/0.556rad・転倒回は0.404〜0.718
2026-08-27 15:01:10 標準モード damp
2026-08-27 15:01:23 標準モード zero
2026-08-27 15:01:44 標準モード damp
2026-08-27 15:01:55 標準モード zero
2026-08-27 15:02:07 標準モード damp
2026-08-27 15:02:14 標準モード stand
2026-08-27 15:02:35 方策 sit_up_dp4_r2 を読み込みました。UserCtrl へ入ります
2026-08-27 15:02:35 UserCtrl進入: いまのFSM = 4
2026-08-27 15:02:35 ★FSM 802(走行)へ遷移します — 走行制御が動きます。リモコンE-STOPを握ってください
2026-08-27 15:02:35 FSM 802 に到達(0.4秒)
2026-08-27 15:02:35 802で静止待ち 0.3秒 (関節速度 最大0.026rad/s)
2026-08-27 15:02:35 SwitchToUserCtrl(7110) → code=0 (0.00秒)  ※このACKは成否を表さない
2026-08-27 15:02:36 FSM 1000(UserCtrl)を確認(0.2秒)
2026-08-27 15:02:36 所有を確認: 左肩ピッチ +0.060rad指令 → 実測0.072rad / トルク-2.5Nm  掴んだ姿勢からのずれ 0.172rad
2026-08-27 15:02:36 ★UserCtrl取得 → 待たずに方策を開始します(静的保持を挟まない)
2026-08-27 15:02:36 引き継ぎ計測: 傾き9.1度 角速度0.33rad/s 開始姿勢のずれ 最大1.23rad (right_elbow 1.23, left_elbow 1.21, right_hip_yaw 0.35)
2026-08-27 15:02:36 ヨー合わせ: 実測の向きが参照より+81.1度ずれていたので参照側の座標系へ揃えました(2026-08-27より。これをしないと方策は向きの修正を同時にやろうとして膝の左右差が開きます)
2026-08-27 15:02:36 補助: ★未記入 — 記録してください  ★立つモードで自立できていたかどうかが結果を決めている疑い
2026-08-27 15:02:36 ── run006 開始 (cockpit_20260827_145535)
2026-08-27 15:02:36 フェーズ開始: sit_up_dp4_r2(395コマ / 7.9秒)  温度 膝 L39/R38度  足首 L45/R45度  最大47度(j14)
2026-08-27 15:02:36 方策開始: 1コマ目の跳び 0.045rad (left_ankle_pitch / 2N·m)  ランプ 0.30秒 / 参照ブレンド 0.50秒  ※完走回の実測は0.459/0.556rad・転倒回は0.404〜0.718
2026-08-27 15:02:44 制御周期: 中央1.0ms 最大1.0ms (1000Hz / 規定50Hz)
2026-08-27 15:02:44 開始直後(0.6秒)の脚腰の追従誤差 最大 0.873rad (left_ankle_pitch)  ※完走回の実測は最大0.949・転倒回は1.112(2026-08-26時点)
2026-08-27 15:02:44 フェーズ完走: sit_up_dp4_r2  温度 膝 L39/R38度  足首 L45/R45度  最大47度(j14)
2026-08-27 15:02:44 sit_up_dp4_r2 完了。全フェーズ終了 — 方策で姿勢維持中
2026-08-27 15:02:49 標準モード damp
2026-08-27 15:02:55 標準モード zero
2026-08-27 15:03:54 標準モード damp
2026-08-27 15:04:03 標準モード stand
2026-08-27 15:04:22 方策 sit_up_dp4_r2 を読み込みました。UserCtrl へ入ります
2026-08-27 15:04:22 UserCtrl進入: いまのFSM = 4
2026-08-27 15:04:22 ★FSM 802(走行)へ遷移します — 走行制御が動きます。リモコンE-STOPを握ってください
2026-08-27 15:04:23 FSM 802 に到達(0.4秒)
2026-08-27 15:04:23 802で静止待ち 0.4秒 (関節速度 最大0.097rad/s)
2026-08-27 15:04:23 SwitchToUserCtrl(7110) → code=0 (0.00秒)  ※このACKは成否を表さない
2026-08-27 15:04:24 FSM 1000(UserCtrl)を確認(0.2秒)
2026-08-27 15:04:24 所有を確認: 左肩ピッチ +0.060rad指令 → 実測0.065rad / トルク-1.6Nm  掴んだ姿勢からのずれ 0.173rad
2026-08-27 15:04:24 ★UserCtrl取得 → 待たずに方策を開始します(静的保持を挟まない)
2026-08-27 15:04:24 引き継ぎ計測: 傾き7.7度 角速度0.45rad/s 開始姿勢のずれ 最大1.23rad (right_elbow 1.23, left_elbow 1.23, right_hip_yaw 0.38)
2026-08-27 15:04:24 ヨー合わせ: 実測の向きが参照より+71.2度ずれていたので参照側の座標系へ揃えました(2026-08-27より。これをしないと方策は向きの修正を同時にやろうとして膝の左右差が開きます)
2026-08-27 15:04:24 補助: ★未記入 — 記録してください  ★立つモードで自立できていたかどうかが結果を決めている疑い
2026-08-27 15:04:24 ── run007 開始 (cockpit_20260827_145535)
2026-08-27 15:04:24 フェーズ開始: sit_up_dp4_r2(395コマ / 7.9秒)  温度 膝 L39/R38度  足首 L45/R45度  最大47度(j14)
2026-08-27 15:04:24 方策開始: 1コマ目の跳び 0.041rad (left_ankle_pitch / 2N·m)  ランプ 0.30秒 / 参照ブレンド 0.50秒  ※完走回の実測は0.459/0.556rad・転倒回は0.404〜0.718
2026-08-27 15:04:29 標準モード damp
2026-08-27 15:04:37 標準モード zero
2026-08-27 15:04:50 標準モード damp
2026-08-27 15:05:01 標準モード stand
2026-08-27 15:05:27 方策 sit_up_dp4_r2 を読み込みました。UserCtrl へ入ります
2026-08-27 15:05:27 UserCtrl進入: いまのFSM = 4
2026-08-27 15:05:27 ★FSM 802(走行)へ遷移します — 走行制御が動きます。リモコンE-STOPを握ってください
2026-08-27 15:05:27 FSM 802 に到達(0.4秒)
2026-08-27 15:05:28 802で静止待ち 0.7秒 (関節速度 最大0.052rad/s)
2026-08-27 15:05:28 SwitchToUserCtrl(7110) → code=0 (0.00秒)  ※このACKは成否を表さない
2026-08-27 15:05:28 FSM 1000(UserCtrl)を確認(0.2秒)
2026-08-27 15:05:28 所有を確認: 左肩ピッチ +0.060rad指令 → 実測0.075rad / トルク-2.5Nm  掴んだ姿勢からのずれ 0.151rad
2026-08-27 15:05:28 ★UserCtrl取得 → 待たずに方策を開始します(静的保持を挟まない)
2026-08-27 15:05:28 引き継ぎ計測: 傾き9.9度 角速度0.59rad/s 開始姿勢のずれ 最大1.24rad (right_elbow 1.24, left_elbow 1.21, right_hip_yaw 0.38)
2026-08-27 15:05:28 ヨー合わせ: 実測の向きが参照より+80.4度ずれていたので参照側の座標系へ揃えました(2026-08-27より。これをしないと方策は向きの修正を同時にやろうとして膝の左右差が開きます)
2026-08-27 15:05:28 補助: ★未記入 — 記録してください  ★立つモードで自立できていたかどうかが結果を決めている疑い
2026-08-27 15:05:28 ── run008 開始 (cockpit_20260827_145535)
2026-08-27 15:05:28 フェーズ開始: sit_up_dp4_r2(395コマ / 7.9秒)  温度 膝 L39/R38度  足首 L45/R45度  最大47度(j14)
2026-08-27 15:05:28 方策開始: 1コマ目の跳び 0.042rad (left_ankle_pitch / 2N·m)  ランプ 0.30秒 / 参照ブレンド 0.50秒  ※完走回の実測は0.459/0.556rad・転倒回は0.404〜0.718
2026-08-27 15:05:31 ★DAMP: 制御周期が遅い: 直近5コマの中央45ms(規定20ms / 限度40ms) = 22Hz。方策は50Hz前提なのでスローモーションになり釣り合いを失う。★PCで他の重い処理(sim_compare/描画/ブラウザ)を止めてから再実行してください
2026-08-27 15:05:38 E-STOPラッチを解除しました(標準モード damp)
2026-08-27 15:05:38 標準モード damp
2026-08-27 15:05:39 標準モード damp
2026-08-27 15:05:41 標準モード damp
2026-08-27 15:05:42 標準モード damp
2026-08-27 15:05:45 (標準モード中のE-STOP: SDKのDampを送信済み)
2026-08-27 15:05:45 ★DAMP: 操作者による緊急停止
2026-08-27 15:06:01 E-STOPラッチを解除しました(標準モード zero)
2026-08-27 15:06:01 標準モード zero
2026-08-27 15:06:14 標準モード damp
2026-08-27 15:06:22 標準モード stand
2026-08-27 15:06:42 方策 sit_up_dp4_r2 を読み込みました。UserCtrl へ入ります
2026-08-27 15:06:42 UserCtrl進入: いまのFSM = 4
2026-08-27 15:06:42 ★FSM 802(走行)へ遷移します — 走行制御が動きます。リモコンE-STOPを握ってください
2026-08-27 15:06:43 FSM 802 に到達(0.4秒)
2026-08-27 15:06:43 802で静止待ち 0.3秒 (関節速度 最大0.137rad/s)
2026-08-27 15:06:43 SwitchToUserCtrl(7110) → code=0 (0.00秒)  ※このACKは成否を表さない
2026-08-27 15:06:43 FSM 1000(UserCtrl)を確認(0.2秒)
2026-08-27 15:06:43 所有を確認: 左肩ピッチ +0.060rad指令 → 実測0.069rad / トルク-1.8Nm  掴んだ姿勢からのずれ 0.172rad
2026-08-27 15:06:43 ★UserCtrl取得 → 待たずに方策を開始します(静的保持を挟まない)
2026-08-27 15:06:44 引き継ぎ計測: 傾き8.5度 角速度0.44rad/s 開始姿勢のずれ 最大1.23rad (right_elbow 1.23, left_elbow 1.22, right_hip_yaw 0.37)
2026-08-27 15:06:44 ヨー合わせ: 実測の向きが参照より+74.8度ずれていたので参照側の座標系へ揃えました(2026-08-27より。これをしないと方策は向きの修正を同時にやろうとして膝の左右差が開きます)
2026-08-27 15:06:44 補助: ★未記入 — 記録してください  ★立つモードで自立できていたかどうかが結果を決めている疑い
2026-08-27 15:06:44 ── run009 開始 (cockpit_20260827_145535)
2026-08-27 15:06:44 フェーズ開始: sit_up_dp4_r2(395コマ / 7.9秒)  温度 膝 L39/R38度  足首 L45/R45度  最大47度(j14)
2026-08-27 15:06:44 方策開始: 1コマ目の跳び 0.047rad (left_ankle_pitch / 2N·m)  ランプ 0.30秒 / 参照ブレンド 0.50秒  ※完走回の実測は0.459/0.556rad・転倒回は0.404〜0.718
2026-08-27 15:06:44 ★DAMP: 制御周期が遅い: 直近5コマの中央40ms(規定20ms / 限度40ms) = 25Hz。方策は50Hz前提なのでスローモーションになり釣り合いを失う。★PCで他の重い処理(sim_compare/描画/ブラウザ)を止めてから再実行してください
2026-08-27 15:06:52 E-STOPラッチを解除しました(標準モード damp)
2026-08-27 15:06:52 標準モード damp
2026-08-27 15:07:01 標準モード zero
2026-08-27 15:09:32 標準モード zero
2026-08-27 15:09:33 標準モード zero
2026-08-27 15:09:57 標準モード damp
2026-08-27 15:10:07 標準モード zero
2026-08-27 15:13:06 標準モード damp
2026-08-27 15:13:45 標準モード stand
2026-08-27 15:14:04 方策 sit_up_dp4_r2 を読み込みました。UserCtrl へ入ります
2026-08-27 15:14:04 UserCtrl進入: いまのFSM = 4
2026-08-27 15:14:04 ★FSM 802(走行)へ遷移します — 走行制御が動きます。リモコンE-STOPを握ってください
2026-08-27 15:14:05 FSM 802 に到達(0.4秒)
2026-08-27 15:14:05 802で静止待ち 0.5秒 (関節速度 最大0.069rad/s)
2026-08-27 15:14:05 SwitchToUserCtrl(7110) → code=0 (0.00秒)  ※このACKは成否を表さない
2026-08-27 15:14:06 FSM 1000(UserCtrl)を確認(0.2秒)
2026-08-27 15:14:06 所有を確認: 左肩ピッチ +0.060rad指令 → 実測0.071rad / トルク-2.3Nm  掴んだ姿勢からのずれ 0.173rad
2026-08-27 15:14:06 ★UserCtrl取得 → 待たずに方策を開始します(静的保持を挟まない)
2026-08-27 15:14:06 引き継ぎ計測: 傾き8.9度 角速度0.54rad/s 開始姿勢のずれ 最大1.24rad (right_elbow 1.24, left_elbow 1.21, right_hip_yaw 0.35)
2026-08-27 15:14:06 ヨー合わせ: 実測の向きが参照より+78.6度ずれていたので参照側の座標系へ揃えました(2026-08-27より。これをしないと方策は向きの修正を同時にやろうとして膝の左右差が開きます)
2026-08-27 15:14:06 補助: ★未記入 — 記録してください  ★立つモードで自立できていたかどうかが結果を決めている疑い
2026-08-27 15:14:06 ── run010 開始 (cockpit_20260827_145535)
2026-08-27 15:14:06 フェーズ開始: sit_up_dp4_r2(395コマ / 7.9秒)  温度 膝 L38/R38度  足首 L45/R45度  最大47度(j14)
2026-08-27 15:14:06 方策開始: 1コマ目の跳び 0.041rad (left_ankle_pitch / 2N·m)  ランプ 0.30秒 / 参照ブレンド 0.50秒  ※完走回の実測は0.459/0.556rad・転倒回は0.404〜0.718
2026-08-27 15:14:14 制御周期: 中央1.0ms 最大1.0ms (1000Hz / 規定50Hz)
2026-08-27 15:14:14 開始直後(0.6秒)の脚腰の追従誤差 最大 0.855rad (left_ankle_pitch)  ※完走回の実測は最大0.949・転倒回は1.112(2026-08-26時点)
2026-08-27 15:14:14 フェーズ完走: sit_up_dp4_r2  温度 膝 L38/R37度  足首 L45/R45度  最大47度(j14)
2026-08-27 15:14:14 sit_up_dp4_r2 完了。全フェーズ終了 — 方策で姿勢維持中
2026-08-27 15:14:15 標準モード damp
