2026-09-03 14:09:46 引き継ぎ計測: 傾き5.0度 角速度0.21rad/s 開始姿勢のずれ 最大0.29rad (right_hip_pitch 0.29, left_hip_pitch 0.24, right_knee 0.14)
2026-09-03 14:09:46 ヨー合わせ: 実測の向きが参照より+92.6度ずれていたので参照側の座標系へ揃えました(2026-08-27より。これをしないと方策は向きの修正を同時にやろうとして膝の左右差が開きます)
2026-09-03 14:09:46 補助: ★未記入 — 記録してください  ★立つモードで自立できていたかどうかが結果を決めている疑い
2026-09-03 14:09:46 ── run001 開始 (cockpit_20260903_140945)
2026-09-03 14:09:46 フェーズ開始: sit_up_ln23_r2(395コマ / 7.9秒)  温度 膝 L42/R40度  足首 L49/R49度  最大51度(j22)
2026-09-03 14:09:46 方策開始: 1コマ目の跳び 0.047rad (left_ankle_pitch / 2N·m)  ランプ 0.30秒 / 参照ブレンド 0.50秒  ※完走回の実測は0.459/0.556rad・転倒回は0.404〜0.718
2026-09-03 14:09:53 ★DAMP: UIハートビート途絶
2026-09-03 14:09:53 ★指令が拒否されました: E-STOPラッチ中
2026-09-03 14:09:59 E-STOPラッチを解除しました(標準モード stand)
2026-09-03 14:09:59 標準モード stand
2026-09-03 14:10:49 方策 sit_up_ln23_r2 を読み込みました。UserCtrl へ入ります
2026-09-03 14:10:49 UserCtrl進入: いまのFSM = 501
2026-09-03 14:10:49 ★FSM 802(走行)へ遷移します — 走行制御が動きます。リモコンE-STOPを握ってください
2026-09-03 14:10:49 FSM 802 に到達(0.4秒)
2026-09-03 14:10:50 802で静止待ち 0.8秒 (関節速度 最大0.048rad/s)
2026-09-03 14:10:50 SwitchToUserCtrl(7110) → code=0 (0.00秒)  ※このACKは成否を表さない
2026-09-03 14:10:50 FSM 1000(UserCtrl)を確認(0.0秒)
2026-09-03 14:10:50 所有を確認: 左肩ピッチ +0.060rad指令 → 実測0.056rad / トルク-0.6Nm  掴んだ姿勢からのずれ 0.055rad
2026-09-03 14:10:50 ★UserCtrl取得 → 待たずに方策を開始します(静的保持を挟まない)
2026-09-03 14:10:50 引き継ぎ計測: 傾き1.2度 角速度0.22rad/s 開始姿勢のずれ 最大0.21rad (right_knee 0.21, right_hip_pitch 0.20, left_hip_pitch 0.18)
2026-09-03 14:10:50 ヨー合わせ: 実測の向きが参照より+94.3度ずれていたので参照側の座標系へ揃えました(2026-08-27より。これをしないと方策は向きの修正を同時にやろうとして膝の左右差が開きます)
2026-09-03 14:10:50 補助: ★未記入 — 記録してください  ★立つモードで自立できていたかどうかが結果を決めている疑い
2026-09-03 14:10:50 ── run002 開始 (cockpit_20260903_140945)
2026-09-03 14:10:50 フェーズ開始: sit_up_ln23_r2(395コマ / 7.9秒)  温度 膝 L42/R40度  足首 L49/R49度  最大51度(j22)
2026-09-03 14:10:50 方策開始: 1コマ目の跳び 0.048rad (left_ankle_pitch / 2N·m)  ランプ 0.30秒 / 参照ブレンド 0.50秒  ※完走回の実測は0.459/0.556rad・転倒回は0.404〜0.718
2026-09-03 14:10:58 制御周期: 中央20.5ms 最大32.7ms (49Hz / 規定50Hz)  25ms超え13%  推論 中央8.2ms 最大22.0ms  ※正常時の実測は 中央20.0ms / 25ms超え24%
2026-09-03 14:10:58 開始直後(0.6秒)の脚腰の追従誤差 最大 0.582rad (left_ankle_pitch)  ※完走回の実測は最大0.949・転倒回は1.112(2026-08-26時点)
2026-09-03 14:10:58 フェーズ完走: sit_up_ln23_r2  温度 膝 L42/R40度  足首 L49/R49度  最大51度(j22)
2026-09-03 14:10:58 sit_up_ln23_r2 完了。全フェーズ終了 — 方策で姿勢維持中
2026-09-03 14:11:07 ★DAMP: UIハートビート途絶
