2026-08-27 16:00:55 引き継ぎ計測: 傾き8.2度 角速度0.40rad/s 開始姿勢のずれ 最大1.21rad (left_elbow 1.21, right_elbow 1.19, right_hip_yaw 0.36)
2026-08-27 16:00:55 ヨー合わせ: 実測の向きが参照より+92.6度ずれていたので参照側の座標系へ揃えました(2026-08-27より。これをしないと方策は向きの修正を同時にやろうとして膝の左右差が開きます)
2026-08-27 16:00:55 補助: ★未記入 — 記録してください  ★立つモードで自立できていたかどうかが結果を決めている疑い
2026-08-27 16:00:55 ── run001 開始 (cockpit_20260827_160054)
2026-08-27 16:00:55 フェーズ開始: sit_up_dp4_r2(395コマ / 7.9秒)  温度 膝 L37/R36度  足首 L44/R45度  最大47度(j14)
2026-08-27 16:00:55 方策開始: 1コマ目の跳び 0.050rad (left_ankle_pitch / 2N·m)  ランプ 0.30秒 / 参照ブレンド 0.50秒  ※完走回の実測は0.459/0.556rad・転倒回は0.404〜0.718
2026-08-27 16:01:04 制御周期: 中央19.9ms 最大57.3ms (50Hz / 規定50Hz)  25ms超え26%  推論 中央5.9ms 最大39.8ms  ※正常時の実測は 中央20.0ms / 25ms超え24%
2026-08-27 16:01:04 開始直後(0.6秒)の脚腰の追従誤差 最大 0.871rad (left_ankle_pitch)  ※完走回の実測は最大0.949・転倒回は1.112(2026-08-26時点)
2026-08-27 16:01:04 フェーズ完走: sit_up_dp4_r2  温度 膝 L37/R36度  足首 L44/R44度  最大47度(j14)
2026-08-27 16:01:04 sit_up_dp4_r2 完了。全フェーズ終了 — 方策で姿勢維持中
2026-08-27 16:01:06 標準モード damp
2026-08-27 16:01:09 標準モード zero
2026-08-27 16:01:48 標準モード damp
2026-08-27 16:01:51 標準モード stand
2026-08-27 16:02:17 方策 sit_up_dp4_r2 を読み込みました。UserCtrl へ入ります
2026-08-27 16:02:17 UserCtrl進入: いまのFSM = 4
2026-08-27 16:02:17 ★FSM 802(走行)へ遷移します — 走行制御が動きます。リモコンE-STOPを握ってください
2026-08-27 16:02:18 FSM 802 に到達(0.4秒)
2026-08-27 16:02:18 802で静止待ち 0.5秒 (関節速度 最大0.063rad/s)
2026-08-27 16:02:19 SwitchToUserCtrl(7110) → code=0 (0.00秒)  ※このACKは成否を表さない
2026-08-27 16:02:19 FSM 1000(UserCtrl)を確認(0.2秒)
2026-08-27 16:02:19 所有を確認: 左肩ピッチ +0.060rad指令 → 実測0.071rad / トルク-2.4Nm  掴んだ姿勢からのずれ 0.173rad
2026-08-27 16:02:19 ★UserCtrl取得 → 待たずに方策を開始します(静的保持を挟まない)
2026-08-27 16:02:19 引き継ぎ計測: 傾き9.1度 角速度0.40rad/s 開始姿勢のずれ 最大1.21rad (right_elbow 1.21, left_elbow 1.19, right_hip_yaw 0.32)
2026-08-27 16:02:19 ヨー合わせ: 実測の向きが参照より+90.5度ずれていたので参照側の座標系へ揃えました(2026-08-27より。これをしないと方策は向きの修正を同時にやろうとして膝の左右差が開きます)
2026-08-27 16:02:19 補助: ★未記入 — 記録してください  ★立つモードで自立できていたかどうかが結果を決めている疑い
2026-08-27 16:02:19 ── run002 開始 (cockpit_20260827_160054)
2026-08-27 16:02:19 フェーズ開始: sit_up_dp4_r2(395コマ / 7.9秒)  温度 膝 L37/R36度  足首 L45/R45度  最大48度(j16)
2026-08-27 16:02:19 方策開始: 1コマ目の跳び 0.038rad (left_ankle_pitch / 2N·m)  ランプ 0.30秒 / 参照ブレンド 0.50秒  ※完走回の実測は0.459/0.556rad・転倒回は0.404〜0.718
2026-08-27 16:02:27 制御周期: 中央20.1ms 最大56.8ms (50Hz / 規定50Hz)  25ms超え29%  推論 中央5.9ms 最大46.4ms  ※正常時の実測は 中央20.0ms / 25ms超え24%
2026-08-27 16:02:27 開始直後(0.6秒)の脚腰の追従誤差 最大 0.869rad (right_ankle_pitch)  ※完走回の実測は最大0.949・転倒回は1.112(2026-08-26時点)
2026-08-27 16:02:27 フェーズ完走: sit_up_dp4_r2  温度 膝 L37/R36度  足首 L45/R45度  最大48度(j16)
2026-08-27 16:02:27 sit_up_dp4_r2 完了。全フェーズ終了 — 方策で姿勢維持中
2026-08-27 16:02:30 標準モード damp
2026-08-27 16:02:42 標準モード zero
2026-08-27 16:02:53 標準モード damp
2026-08-27 16:02:56 標準モード stand
2026-08-27 16:03:24 方策 sit_up_dp4_r2 を読み込みました。UserCtrl へ入ります
2026-08-27 16:03:24 UserCtrl進入: いまのFSM = 4
2026-08-27 16:03:24 ★FSM 802(走行)へ遷移します — 走行制御が動きます。リモコンE-STOPを握ってください
2026-08-27 16:03:25 FSM 802 に到達(0.4秒)
2026-08-27 16:03:25 802で静止待ち 0.4秒 (関節速度 最大0.110rad/s)
2026-08-27 16:03:25 SwitchToUserCtrl(7110) → code=0 (0.00秒)  ※このACKは成否を表さない
2026-08-27 16:03:25 FSM 1000(UserCtrl)を確認(0.2秒)
2026-08-27 16:03:26 所有を確認: 左肩ピッチ +0.060rad指令 → 実測0.064rad / トルク-1.7Nm  掴んだ姿勢からのずれ 0.171rad
2026-08-27 16:03:26 ★UserCtrl取得 → 待たずに方策を開始します(静的保持を挟まない)
2026-08-27 16:03:26 引き継ぎ計測: 傾き10.6度 角速度0.44rad/s 開始姿勢のずれ 最大1.25rad (right_elbow 1.25, left_elbow 1.21, right_hip_yaw 0.38)
2026-08-27 16:03:26 ヨー合わせ: 実測の向きが参照より+96.0度ずれていたので参照側の座標系へ揃えました(2026-08-27より。これをしないと方策は向きの修正を同時にやろうとして膝の左右差が開きます)
2026-08-27 16:03:26 補助: ★未記入 — 記録してください  ★立つモードで自立できていたかどうかが結果を決めている疑い
2026-08-27 16:03:26 ── run003 開始 (cockpit_20260827_160054)
2026-08-27 16:03:26 フェーズ開始: sit_up_dp4_r2(395コマ / 7.9秒)  温度 膝 L37/R37度  足首 L45/R45度  最大48度(j16)
2026-08-27 16:03:26 方策開始: 1コマ目の跳び 0.032rad (right_ankle_pitch / 1N·m)  ランプ 0.30秒 / 参照ブレンド 0.50秒  ※完走回の実測は0.459/0.556rad・転倒回は0.404〜0.718
2026-08-27 16:03:34 制御周期: 中央20.1ms 最大41.5ms (50Hz / 規定50Hz)  25ms超え22%  推論 中央2.4ms 最大29.0ms  ※正常時の実測は 中央20.0ms / 25ms超え24%
2026-08-27 16:03:34 開始直後(0.6秒)の脚腰の追従誤差 最大 0.683rad (right_ankle_pitch)  ※完走回の実測は最大0.949・転倒回は1.112(2026-08-26時点)
2026-08-27 16:03:34 フェーズ完走: sit_up_dp4_r2  温度 膝 L37/R37度  足首 L45/R45度  最大48度(j16)
2026-08-27 16:03:34 sit_up_dp4_r2 完了。全フェーズ終了 — 方策で姿勢維持中
2026-08-27 16:03:39 標準モード damp
2026-08-27 16:03:40 標準モード damp
2026-08-27 16:03:41 標準モード zero
2026-08-27 16:04:06 標準モード damp
2026-08-27 16:04:11 標準モード stand
2026-08-27 16:04:36 方策 sit_up_dp4_r2 を読み込みました。UserCtrl へ入ります
2026-08-27 16:04:36 UserCtrl進入: いまのFSM = 4
2026-08-27 16:04:36 ★FSM 802(走行)へ遷移します — 走行制御が動きます。リモコンE-STOPを握ってください
2026-08-27 16:04:36 FSM 802 に到達(0.4秒)
2026-08-27 16:04:36 802で静止待ち 0.3秒 (関節速度 最大0.100rad/s)
2026-08-27 16:04:37 SwitchToUserCtrl(7110) → code=0 (0.00秒)  ※このACKは成否を表さない
2026-08-27 16:04:37 FSM 1000(UserCtrl)を確認(0.2秒)
2026-08-27 16:04:37 所有を確認: 左肩ピッチ +0.060rad指令 → 実測0.058rad / トルク-1.2Nm  掴んだ姿勢からのずれ 0.179rad
2026-08-27 16:04:37 ★UserCtrl取得 → 待たずに方策を開始します(静的保持を挟まない)
2026-08-27 16:04:37 引き継ぎ計測: 傾き8.5度 角速度0.35rad/s 開始姿勢のずれ 最大1.21rad (right_elbow 1.21, left_elbow 1.21, right_hip_yaw 0.35)
2026-08-27 16:04:37 ヨー合わせ: 実測の向きが参照より+84.4度ずれていたので参照側の座標系へ揃えました(2026-08-27より。これをしないと方策は向きの修正を同時にやろうとして膝の左右差が開きます)
2026-08-27 16:04:37 補助: ★未記入 — 記録してください  ★立つモードで自立できていたかどうかが結果を決めている疑い
2026-08-27 16:04:37 ── run004 開始 (cockpit_20260827_160054)
2026-08-27 16:04:37 フェーズ開始: sit_up_dp4_r2(395コマ / 7.9秒)  温度 膝 L37/R37度  足首 L45/R45度  最大48度(j16)
2026-08-27 16:04:37 方策開始: 1コマ目の跳び 0.035rad (right_ankle_pitch / 1N·m)  ランプ 0.30秒 / 参照ブレンド 0.50秒  ※完走回の実測は0.459/0.556rad・転倒回は0.404〜0.718
2026-08-27 16:04:39 ★DAMP: 傾き41度
2026-08-27 16:04:39 ★指令が拒否されました: E-STOPラッチ中
2026-08-27 16:05:07 E-STOPラッチを解除しました(標準モード zero)
2026-08-27 16:05:07 標準モード zero
2026-08-27 16:05:18 標準モード damp
2026-08-27 16:05:34 標準モード zero
2026-08-27 16:05:43 標準モード damp
2026-08-27 16:05:53 標準モード stand
2026-08-27 16:06:18 方策 sit_up_dp4_r2 を読み込みました。UserCtrl へ入ります
2026-08-27 16:06:18 UserCtrl進入: いまのFSM = 4
2026-08-27 16:06:18 ★FSM 802(走行)へ遷移します — 走行制御が動きます。リモコンE-STOPを握ってください
2026-08-27 16:06:18 FSM 802 に到達(0.4秒)
2026-08-27 16:06:18 802で静止待ち 0.4秒 (関節速度 最大0.133rad/s)
2026-08-27 16:06:19 SwitchToUserCtrl(7110) → code=0 (0.00秒)  ※このACKは成否を表さない
2026-08-27 16:06:19 FSM 1000(UserCtrl)を確認(0.2秒)
2026-08-27 16:06:19 所有を確認: 左肩ピッチ +0.060rad指令 → 実測0.065rad / トルク-1.9Nm  掴んだ姿勢からのずれ 0.163rad
2026-08-27 16:06:19 ★UserCtrl取得 → 待たずに方策を開始します(静的保持を挟まない)
2026-08-27 16:06:19 引き継ぎ計測: 傾き8.1度 角速度0.40rad/s 開始姿勢のずれ 最大1.22rad (left_elbow 1.22, right_elbow 1.20, right_hip_yaw 0.35)
2026-08-27 16:06:19 ヨー合わせ: 実測の向きが参照より+89.7度ずれていたので参照側の座標系へ揃えました(2026-08-27より。これをしないと方策は向きの修正を同時にやろうとして膝の左右差が開きます)
2026-08-27 16:06:19 補助: ★未記入 — 記録してください  ★立つモードで自立できていたかどうかが結果を決めている疑い
2026-08-27 16:06:19 ── run005 開始 (cockpit_20260827_160054)
2026-08-27 16:06:19 フェーズ開始: sit_up_dp4_r2(395コマ / 7.9秒)  温度 膝 L37/R37度  足首 L45/R45度  最大48度(j16)
2026-08-27 16:06:19 方策開始: 1コマ目の跳び 0.045rad (left_ankle_pitch / 2N·m)  ランプ 0.30秒 / 参照ブレンド 0.50秒  ※完走回の実測は0.459/0.556rad・転倒回は0.404〜0.718
2026-08-27 16:06:27 制御周期: 中央20.0ms 最大45.6ms (50Hz / 規定50Hz)  25ms超え26%  推論 中央3.7ms 最大28.4ms  ※正常時の実測は 中央20.0ms / 25ms超え24%
2026-08-27 16:06:27 開始直後(0.6秒)の脚腰の追従誤差 最大 0.852rad (left_ankle_pitch)  ※完走回の実測は最大0.949・転倒回は1.112(2026-08-26時点)
2026-08-27 16:06:27 フェーズ完走: sit_up_dp4_r2  温度 膝 L37/R37度  足首 L45/R45度  最大48度(j16)
2026-08-27 16:06:27 sit_up_dp4_r2 完了。全フェーズ終了 — 方策で姿勢維持中
2026-08-27 16:06:30 標準モード damp
2026-08-27 16:06:31 標準モード zero
2026-08-27 16:07:30 標準モード damp
2026-08-27 16:07:42 標準モード stand
2026-08-27 16:08:02 方策 sit_up_dp4_r2 を読み込みました。UserCtrl へ入ります
2026-08-27 16:08:02 UserCtrl進入: いまのFSM = 4
2026-08-27 16:08:02 ★FSM 802(走行)へ遷移します — 走行制御が動きます。リモコンE-STOPを握ってください
2026-08-27 16:08:03 FSM 802 に到達(0.4秒)
2026-08-27 16:08:03 802で静止待ち 0.4秒 (関節速度 最大0.092rad/s)
2026-08-27 16:08:03 SwitchToUserCtrl(7110) → code=0 (0.00秒)  ※このACKは成否を表さない
2026-08-27 16:08:04 FSM 1000(UserCtrl)を確認(0.2秒)
2026-08-27 16:08:04 所有を確認: 左肩ピッチ +0.060rad指令 → 実測0.072rad / トルク-2.3Nm  掴んだ姿勢からのずれ 0.169rad
2026-08-27 16:08:04 ★UserCtrl取得 → 待たずに方策を開始します(静的保持を挟まない)
2026-08-27 16:08:04 引き継ぎ計測: 傾き9.2度 角速度0.49rad/s 開始姿勢のずれ 最大1.23rad (right_elbow 1.23, left_elbow 1.21, right_hip_yaw 0.38)
2026-08-27 16:08:04 ヨー合わせ: 実測の向きが参照より+94.0度ずれていたので参照側の座標系へ揃えました(2026-08-27より。これをしないと方策は向きの修正を同時にやろうとして膝の左右差が開きます)
2026-08-27 16:08:04 補助: ★未記入 — 記録してください  ★立つモードで自立できていたかどうかが結果を決めている疑い
2026-08-27 16:08:04 ── run006 開始 (cockpit_20260827_160054)
2026-08-27 16:08:04 フェーズ開始: sit_up_dp4_r2(395コマ / 7.9秒)  温度 膝 L37/R37度  足首 L45/R45度  最大48度(j16)
2026-08-27 16:08:04 方策開始: 1コマ目の跳び 0.039rad (left_ankle_pitch / 2N·m)  ランプ 0.30秒 / 参照ブレンド 0.50秒  ※完走回の実測は0.459/0.556rad・転倒回は0.404〜0.718
2026-08-27 16:08:12 制御周期: 中央20.2ms 最大43.8ms (50Hz / 規定50Hz)  25ms超え28%  推論 中央3.6ms 最大24.6ms  ※正常時の実測は 中央20.0ms / 25ms超え24%
2026-08-27 16:08:12 開始直後(0.6秒)の脚腰の追従誤差 最大 0.849rad (left_ankle_pitch)  ※完走回の実測は最大0.949・転倒回は1.112(2026-08-26時点)
2026-08-27 16:08:12 フェーズ完走: sit_up_dp4_r2  温度 膝 L37/R37度  足首 L45/R45度  最大48度(j16)
2026-08-27 16:08:12 sit_up_dp4_r2 完了。全フェーズ終了 — 方策で姿勢維持中
2026-08-27 16:08:14 標準モード damp
2026-08-27 16:08:16 標準モード zero
2026-08-27 16:08:50 標準モード zero
2026-08-27 16:09:12 標準モード damp
2026-08-27 16:09:19 標準モード stand
2026-08-27 16:10:20 方策 sit_up_dp4_r2 を読み込みました。UserCtrl へ入ります
2026-08-27 16:10:20 UserCtrl進入: いまのFSM = 4
2026-08-27 16:10:20 ★FSM 802(走行)へ遷移します — 走行制御が動きます。リモコンE-STOPを握ってください
2026-08-27 16:10:21 FSM 802 に到達(0.4秒)
2026-08-27 16:10:21 802で静止待ち 0.4秒 (関節速度 最大0.130rad/s)
2026-08-27 16:10:21 SwitchToUserCtrl(7110) → code=0 (0.00秒)  ※このACKは成否を表さない
2026-08-27 16:10:22 FSM 1000(UserCtrl)を確認(0.2秒)
2026-08-27 16:10:22 所有を確認: 左肩ピッチ +0.060rad指令 → 実測0.070rad / トルク-2.1Nm  掴んだ姿勢からのずれ 0.178rad
2026-08-27 16:10:22 ★UserCtrl取得 → 待たずに方策を開始します(静的保持を挟まない)
2026-08-27 16:10:22 引き継ぎ計測: 傾き8.7度 角速度0.32rad/s 開始姿勢のずれ 最大1.21rad (left_elbow 1.21, right_elbow 1.20, right_hip_yaw 0.35)
2026-08-27 16:10:22 ヨー合わせ: 実測の向きが参照より+83.4度ずれていたので参照側の座標系へ揃えました(2026-08-27より。これをしないと方策は向きの修正を同時にやろうとして膝の左右差が開きます)
2026-08-27 16:10:22 補助: ★未記入 — 記録してください  ★立つモードで自立できていたかどうかが結果を決めている疑い
2026-08-27 16:10:22 ── run007 開始 (cockpit_20260827_160054)
2026-08-27 16:10:22 フェーズ開始: sit_up_dp4_r2(395コマ / 7.9秒)  温度 膝 L37/R37度  足首 L44/R45度  最大48度(j16)
2026-08-27 16:10:22 方策開始: 1コマ目の跳び 0.044rad (left_ankle_pitch / 2N·m)  ランプ 0.30秒 / 参照ブレンド 0.50秒  ※完走回の実測は0.459/0.556rad・転倒回は0.404〜0.718
2026-08-27 16:10:30 制御周期: 中央20.1ms 最大42.9ms (50Hz / 規定50Hz)  25ms超え25%  推論 中央3.0ms 最大36.2ms  ※正常時の実測は 中央20.0ms / 25ms超え24%
2026-08-27 16:10:30 開始直後(0.6秒)の脚腰の追従誤差 最大 0.883rad (right_ankle_pitch)  ※完走回の実測は最大0.949・転倒回は1.112(2026-08-26時点)
2026-08-27 16:10:30 フェーズ完走: sit_up_dp4_r2  温度 膝 L37/R37度  足首 L44/R45度  最大51度(j16)
2026-08-27 16:10:30 sit_up_dp4_r2 完了。全フェーズ終了 — 方策で姿勢維持中
2026-08-27 16:10:31 標準モード damp
