2026-09-03 14:37:12 引き継ぎ計測: 傾き5.4度 角速度0.26rad/s 開始姿勢のずれ 最大0.26rad (left_hip_pitch 0.26, right_hip_pitch 0.24, right_ankle_pitch 0.13)
2026-09-03 14:37:12 ヨー合わせ: 実測の向きが参照より+92.3度ずれていたので参照側の座標系へ揃えました(2026-08-27より。これをしないと方策は向きの修正を同時にやろうとして膝の左右差が開きます)
2026-09-03 14:37:12 補助: ★未記入 — 記録してください  ★立つモードで自立できていたかどうかが結果を決めている疑い
2026-09-03 14:37:12 ── run001 開始 (cockpit_20260903_143710)
2026-09-03 14:37:12 フェーズ開始: sit_up_ln23_r2(395コマ / 7.9秒)  温度 膝 L47/R45度  足首 L50/R49度  最大54度(j22)
2026-09-03 14:37:12 方策開始: 1コマ目の跳び 0.043rad (left_ankle_pitch / 2N·m)  ランプ 0.30秒 / 参照ブレンド 0.50秒  ※完走回の実測は0.459/0.556rad・転倒回は0.404〜0.718
2026-09-03 14:37:13 ★DAMP: 傾き41度
2026-09-03 14:37:17 E-STOPラッチを解除しました(標準モード stand)
2026-09-03 14:37:17 標準モード stand
2026-09-03 14:38:57 方策 sit_up_ln23_r2 を読み込みました。UserCtrl へ入ります
2026-09-03 14:38:57 UserCtrl進入: いまのFSM = 802
2026-09-03 14:38:57 802で静止待ち 0.0秒 (関節速度 最大0.041rad/s)
2026-09-03 14:38:57 SwitchToUserCtrl(7110) → code=0 (0.00秒)  ※このACKは成否を表さない
2026-09-03 14:38:57 FSM 1000(UserCtrl)を確認(0.0秒)
2026-09-03 14:38:57 所有を確認: 左肩ピッチ +0.060rad指令 → 実測0.061rad / トルク-1.3Nm  掴んだ姿勢からのずれ 0.061rad
2026-09-03 14:38:57 ★UserCtrl取得 → 待たずに方策を開始します(静的保持を挟まない)
2026-09-03 14:38:57 引き継ぎ計測: 傾き4.3度 角速度0.09rad/s 開始姿勢のずれ 最大0.17rad (right_hip_pitch 0.17, left_hip_pitch 0.17, right_knee 0.16)
2026-09-03 14:38:57 ヨー合わせ: 実測の向きが参照より+87.5度ずれていたので参照側の座標系へ揃えました(2026-08-27より。これをしないと方策は向きの修正を同時にやろうとして膝の左右差が開きます)
2026-09-03 14:38:57 補助: ★未記入 — 記録してください  ★立つモードで自立できていたかどうかが結果を決めている疑い
2026-09-03 14:38:57 ── run002 開始 (cockpit_20260903_143710)
2026-09-03 14:38:57 フェーズ開始: sit_up_ln23_r2(395コマ / 7.9秒)  温度 膝 L47/R46度  足首 L50/R50度  最大54度(j22)
2026-09-03 14:38:57 方策開始: 1コマ目の跳び 0.028rad (left_ankle_pitch / 1N·m)  ランプ 0.30秒 / 参照ブレンド 0.50秒  ※完走回の実測は0.459/0.556rad・転倒回は0.404〜0.718
2026-09-03 14:38:59 ★DAMP: 傾き41度
2026-09-03 14:39:04 E-STOPラッチを解除しました(標準モード stand)
2026-09-03 14:39:04 標準モード stand
2026-09-03 14:40:23 方策 sit_up_ln23_r2 を読み込みました。UserCtrl へ入ります
2026-09-03 14:40:23 UserCtrl進入: いまのFSM = 501
2026-09-03 14:40:23 ★FSM 802(走行)へ遷移します — 走行制御が動きます。リモコンE-STOPを握ってください
2026-09-03 14:40:23 FSM 802 に到達(0.4秒)
2026-09-03 14:40:24 802で静止待ち 0.7秒 (関節速度 最大0.061rad/s)
2026-09-03 14:40:24 SwitchToUserCtrl(7110) → code=0 (0.00秒)  ※このACKは成否を表さない
2026-09-03 14:40:24 FSM 1000 の確認に 0.2秒 かかりました(経過 802→1000)
2026-09-03 14:40:24 FSM 1000(UserCtrl)を確認(0.2秒)
2026-09-03 14:40:24 所有を確認: 左肩ピッチ +0.060rad指令 → 実測0.058rad / トルク-1.1Nm  掴んだ姿勢からのずれ 0.125rad
2026-09-03 14:40:24 ★UserCtrl取得 → 待たずに方策を開始します(静的保持を挟まない)
2026-09-03 14:40:24 引き継ぎ計測: 傾き5.9度 角速度0.28rad/s 開始姿勢のずれ 最大0.26rad (right_hip_pitch 0.26, left_hip_pitch 0.22, right_knee 0.12)
2026-09-03 14:40:24 ヨー合わせ: 実測の向きが参照より+95.8度ずれていたので参照側の座標系へ揃えました(2026-08-27より。これをしないと方策は向きの修正を同時にやろうとして膝の左右差が開きます)
2026-09-03 14:40:24 補助: ★未記入 — 記録してください  ★立つモードで自立できていたかどうかが結果を決めている疑い
2026-09-03 14:40:24 ── run003 開始 (cockpit_20260903_143710)
2026-09-03 14:40:24 フェーズ開始: sit_up_ln23_r2(395コマ / 7.9秒)  温度 膝 L48/R47度  足首 L51/R50度  最大54度(j22)
2026-09-03 14:40:25 方策開始: 1コマ目の跳び 0.047rad (left_ankle_pitch / 2N·m)  ランプ 0.30秒 / 参照ブレンド 0.50秒  ※完走回の実測は0.459/0.556rad・転倒回は0.404〜0.718
2026-09-03 14:40:33 制御周期: 中央20.2ms 最大35.6ms (50Hz / 規定50Hz)  25ms超え11%  推論 中央8.1ms 最大19.1ms  ※正常時の実測は 中央20.0ms / 25ms超え24%
2026-09-03 14:40:33 開始直後(0.6秒)の脚腰の追従誤差 最大 0.372rad (right_ankle_pitch)  ※完走回の実測は最大0.949・転倒回は1.112(2026-08-26時点)
2026-09-03 14:40:33 フェーズ完走: sit_up_ln23_r2  温度 膝 L48/R47度  足首 L51/R50度  最大54度(j22)
2026-09-03 14:40:33 sit_up_ln23_r2 完了。全フェーズ終了 — 方策で姿勢維持中
2026-09-03 14:40:33 完了後の自動移行: 着座(FSM3) へ渡します
2026-09-03 14:40:33 標準モード seated
2026-09-03 14:40:47 標準モード sit
2026-09-03 14:40:50 標準モード seated
2026-09-03 14:42:26 標準モード seated
2026-09-03 14:42:39 標準モード damp
2026-09-03 14:42:44 標準モード seated
2026-09-03 14:42:55 標準モード stand
2026-09-03 14:43:04 標準モード walk
2026-09-03 14:43:23 方策 sit_up_ln23_r2 を読み込みました。UserCtrl へ入ります
2026-09-03 14:43:23 UserCtrl進入: いまのFSM = 200
2026-09-03 14:43:23 ★FSM 802(走行)へ遷移します — 走行制御が動きます。リモコンE-STOPを握ってください
2026-09-03 14:43:29 ★802へ入れなかった(いまFSM=200)。中止します
2026-09-03 14:43:29 ★UserCtrlへ入れませんでした: 802へ遷移できない(FSM=200)
2026-09-03 14:43:35 方策 sit_up_ln23_r2 を読み込みました。UserCtrl へ入ります
2026-09-03 14:43:35 UserCtrl進入: いまのFSM = 200
2026-09-03 14:43:35 ★FSM 802(走行)へ遷移します — 走行制御が動きます。リモコンE-STOPを握ってください
2026-09-03 14:43:42 ★802へ入れなかった(いまFSM=200)。中止します
2026-09-03 14:43:42 ★UserCtrlへ入れませんでした: 802へ遷移できない(FSM=200)
2026-09-03 14:43:43 標準モード stand
2026-09-03 14:43:54 標準モード damp
2026-09-03 14:43:55 標準モード stand
2026-09-03 14:44:29 方策 sit_up_ln23_r2 を読み込みました。UserCtrl へ入ります
2026-09-03 14:44:29 UserCtrl進入: いまのFSM = 4
2026-09-03 14:44:29 ★FSM 802(走行)へ遷移します — 走行制御が動きます。リモコンE-STOPを握ってください
2026-09-03 14:44:29 FSM 802 に到達(0.4秒)
2026-09-03 14:44:29 802で静止待ち 0.5秒 (関節速度 最大0.122rad/s)
2026-09-03 14:44:30 SwitchToUserCtrl(7110) → code=0 (0.00秒)  ※このACKは成否を表さない
2026-09-03 14:44:30 FSM 1000 の確認に 0.2秒 かかりました(経過 802→1000)
2026-09-03 14:44:30 FSM 1000(UserCtrl)を確認(0.2秒)
2026-09-03 14:44:30 所有を確認: 左肩ピッチ +0.060rad指令 → 実測0.060rad / トルク-1.1Nm  掴んだ姿勢からのずれ 0.145rad
2026-09-03 14:44:30 ★UserCtrl取得 → 待たずに方策を開始します(静的保持を挟まない)
2026-09-03 14:44:30 引き継ぎ計測: 傾き7.7度 角速度0.52rad/s 開始姿勢のずれ 最大0.16rad (left_hip_pitch 0.16, right_hip_pitch 0.16, right_wrist_roll 0.09)
2026-09-03 14:44:30 ヨー合わせ: 実測の向きが参照より+102.1度ずれていたので参照側の座標系へ揃えました(2026-08-27より。これをしないと方策は向きの修正を同時にやろうとして膝の左右差が開きます)
2026-09-03 14:44:30 補助: ★未記入 — 記録してください  ★立つモードで自立できていたかどうかが結果を決めている疑い
2026-09-03 14:44:30 ── run004 開始 (cockpit_20260903_143710)
2026-09-03 14:44:30 フェーズ開始: sit_up_ln23_r2(395コマ / 7.9秒)  温度 膝 L47/R46度  足首 L50/R50度  最大57度(j22)
2026-09-03 14:44:30 方策開始: 1コマ目の跳び 0.027rad (left_ankle_pitch / 1N·m)  ランプ 0.30秒 / 参照ブレンド 0.50秒  ※完走回の実測は0.459/0.556rad・転倒回は0.404〜0.718
2026-09-03 14:44:38 制御周期: 中央20.1ms 最大31.7ms (50Hz / 規定50Hz)  25ms超え12%  推論 中央8.4ms 最大17.3ms  ※正常時の実測は 中央20.0ms / 25ms超え24%
2026-09-03 14:44:38 開始直後(0.6秒)の脚腰の追従誤差 最大 0.357rad (left_ankle_pitch)  ※完走回の実測は最大0.949・転倒回は1.112(2026-08-26時点)
2026-09-03 14:44:38 フェーズ完走: sit_up_ln23_r2  温度 膝 L47/R46度  足首 L50/R50度  最大57度(j22)
2026-09-03 14:44:38 sit_up_ln23_r2 完了。全フェーズ終了 — 方策で姿勢維持中
2026-09-03 14:44:38 完了後の自動移行: 着座(FSM3) へ渡します
2026-09-03 14:44:39 標準モード seated
2026-09-03 14:44:42 標準モード seated
2026-09-03 14:45:32 標準モード damp
2026-09-03 14:45:36 標準モード stand
2026-09-03 14:46:12 方策 sit_up_ln23_r2 を読み込みました。UserCtrl へ入ります
2026-09-03 14:46:12 UserCtrl進入: いまのFSM = 501
2026-09-03 14:46:12 ★FSM 802(走行)へ遷移します — 走行制御が動きます。リモコンE-STOPを握ってください
2026-09-03 14:46:12 FSM 802 に到達(0.4秒)
2026-09-03 14:46:13 802で静止待ち 0.4秒 (関節速度 最大0.145rad/s)
2026-09-03 14:46:13 SwitchToUserCtrl(7110) → code=0 (0.00秒)  ※このACKは成否を表さない
2026-09-03 14:46:13 FSM 1000(UserCtrl)を確認(0.0秒)
2026-09-03 14:46:13 所有を確認: 左肩ピッチ +0.060rad指令 → 実測0.053rad / トルク-0.3Nm  掴んだ姿勢からのずれ 0.062rad
2026-09-03 14:46:13 ★UserCtrl取得 → 待たずに方策を開始します(静的保持を挟まない)
2026-09-03 14:46:13 引き継ぎ計測: 傾き2.2度 角速度0.17rad/s 開始姿勢のずれ 最大0.20rad (right_hip_pitch 0.20, left_hip_pitch 0.18, right_knee 0.18)
2026-09-03 14:46:13 ヨー合わせ: 実測の向きが参照より+104.9度ずれていたので参照側の座標系へ揃えました(2026-08-27より。これをしないと方策は向きの修正を同時にやろうとして膝の左右差が開きます)
2026-09-03 14:46:13 補助: ★未記入 — 記録してください  ★立つモードで自立できていたかどうかが結果を決めている疑い
2026-09-03 14:46:13 ── run005 開始 (cockpit_20260903_143710)
2026-09-03 14:46:13 フェーズ開始: sit_up_ln23_r2(395コマ / 7.9秒)  温度 膝 L47/R45度  足首 L50/R50度  最大63度(j22)
2026-09-03 14:46:13 方策開始: 1コマ目の跳び 0.048rad (left_ankle_pitch / 2N·m)  ランプ 0.30秒 / 参照ブレンド 0.50秒  ※完走回の実測は0.459/0.556rad・転倒回は0.404〜0.718
2026-09-03 14:46:21 制御周期: 中央20.2ms 最大34.7ms (50Hz / 規定50Hz)  25ms超え10%  推論 中央7.9ms 最大23.7ms  ※正常時の実測は 中央20.0ms / 25ms超え24%
2026-09-03 14:46:21 開始直後(0.6秒)の脚腰の追従誤差 最大 0.409rad (right_ankle_pitch)  ※完走回の実測は最大0.949・転倒回は1.112(2026-08-26時点)
2026-09-03 14:46:21 フェーズ完走: sit_up_ln23_r2  温度 膝 L47/R45度  足首 L50/R50度  最大63度(j22)
2026-09-03 14:46:21 sit_up_ln23_r2 完了。全フェーズ終了 — 方策で姿勢維持中
2026-09-03 14:46:21 完了後の自動移行: 着座(FSM3) へ渡します
2026-09-03 14:46:22 標準モード seated
2026-09-03 14:46:47 標準モード stand
2026-09-03 14:46:51 標準モード damp
2026-09-03 14:46:53 標準モード stand
2026-09-03 14:48:40 方策 sit_up_ln23_r2 を読み込みました。UserCtrl へ入ります
2026-09-03 14:48:40 UserCtrl進入: いまのFSM = 501
2026-09-03 14:48:40 ★FSM 802(走行)へ遷移します — 走行制御が動きます。リモコンE-STOPを握ってください
2026-09-03 14:48:40 FSM 802 に到達(0.4秒)
2026-09-03 14:48:41 802で静止待ち 0.5秒 (関節速度 最大0.117rad/s)
2026-09-03 14:48:41 SwitchToUserCtrl(7110) → code=0 (0.00秒)  ※このACKは成否を表さない
2026-09-03 14:48:41 FSM 1000 の確認に 0.2秒 かかりました(経過 802→1000)
2026-09-03 14:48:41 FSM 1000(UserCtrl)を確認(0.2秒)
2026-09-03 14:48:41 所有を確認: 左肩ピッチ +0.060rad指令 → 実測0.060rad / トルク-1.4Nm  掴んだ姿勢からのずれ 0.141rad
2026-09-03 14:48:41 ★UserCtrl取得 → 待たずに方策を開始します(静的保持を挟まない)
2026-09-03 14:48:41 引き継ぎ計測: 傾き3.2度 角速度0.24rad/s 開始姿勢のずれ 最大0.28rad (right_hip_pitch 0.28, left_hip_pitch 0.24, right_knee 0.14)
2026-09-03 14:48:41 ヨー合わせ: 実測の向きが参照より+102.2度ずれていたので参照側の座標系へ揃えました(2026-08-27より。これをしないと方策は向きの修正を同時にやろうとして膝の左右差が開きます)
2026-09-03 14:48:41 補助: ★未記入 — 記録してください  ★立つモードで自立できていたかどうかが結果を決めている疑い
2026-09-03 14:48:41 ── run006 開始 (cockpit_20260903_143710)
2026-09-03 14:48:41 フェーズ開始: sit_up_ln23_r2(395コマ / 7.9秒)  温度 膝 L47/R46度  足首 L51/R50度  最大62度(j22)
2026-09-03 14:48:42 方策開始: 1コマ目の跳び 0.054rad (left_ankle_pitch / 2N·m)  ランプ 0.30秒 / 参照ブレンド 0.50秒  ※完走回の実測は0.459/0.556rad・転倒回は0.404〜0.718
2026-09-03 14:48:49 制御周期: 中央20.4ms 最大29.9ms (49Hz / 規定50Hz)  25ms超え11%  推論 中央8.2ms 最大15.7ms  ※正常時の実測は 中央20.0ms / 25ms超え24%
2026-09-03 14:48:49 開始直後(0.6秒)の脚腰の追従誤差 最大 0.582rad (left_ankle_pitch)  ※完走回の実測は最大0.949・転倒回は1.112(2026-08-26時点)
2026-09-03 14:48:49 フェーズ完走: sit_up_ln23_r2  温度 膝 L47/R46度  足首 L51/R50度  最大62度(j22)
2026-09-03 14:48:49 sit_up_ln23_r2 完了。全フェーズ終了 — 方策で姿勢維持中
2026-09-03 14:48:49 完了後の自動移行: 着座(FSM3) へ渡します
2026-09-03 14:48:50 標準モード seated
2026-09-03 14:49:07 標準モード damp
2026-09-03 14:49:09 標準モード stand
2026-09-03 14:50:34 方策 sit_up_ln23_r2 を読み込みました。UserCtrl へ入ります
2026-09-03 14:50:34 UserCtrl進入: いまのFSM = 802
2026-09-03 14:50:34 802で静止待ち 0.0秒 (関節速度 最大0.028rad/s)
2026-09-03 14:50:34 SwitchToUserCtrl(7110) → code=0 (0.00秒)  ※このACKは成否を表さない
2026-09-03 14:50:34 FSM 1000(UserCtrl)を確認(0.0秒)
2026-09-03 14:50:34 所有を確認: 左肩ピッチ +0.060rad指令 → 実測0.055rad / トルク-0.5Nm  掴んだ姿勢からのずれ 0.055rad
2026-09-03 14:50:34 ★UserCtrl取得 → 待たずに方策を開始します(静的保持を挟まない)
2026-09-03 14:50:34 引き継ぎ計測: 傾き1.9度 角速度0.19rad/s 開始姿勢のずれ 最大0.26rad (right_knee 0.26, left_knee 0.17, right_hip_pitch 0.17)
2026-09-03 14:50:34 ヨー合わせ: 実測の向きが参照より+107.0度ずれていたので参照側の座標系へ揃えました(2026-08-27より。これをしないと方策は向きの修正を同時にやろうとして膝の左右差が開きます)
2026-09-03 14:50:34 補助: ★未記入 — 記録してください  ★立つモードで自立できていたかどうかが結果を決めている疑い
2026-09-03 14:50:34 ── run007 開始 (cockpit_20260903_143710)
2026-09-03 14:50:34 フェーズ開始: sit_up_ln23_r2(395コマ / 7.9秒)  温度 膝 L47/R46度  足首 L52/R51度  最大63度(j22)
2026-09-03 14:50:34 方策開始: 1コマ目の跳び 0.044rad (left_ankle_pitch / 2N·m)  ランプ 0.30秒 / 参照ブレンド 0.50秒  ※完走回の実測は0.459/0.556rad・転倒回は0.404〜0.718
2026-09-03 14:50:42 制御周期: 中央20.2ms 最大34.2ms (50Hz / 規定50Hz)  25ms超え13%  推論 中央8.5ms 最大18.1ms  ※正常時の実測は 中央20.0ms / 25ms超え24%
2026-09-03 14:50:42 開始直後(0.6秒)の脚腰の追従誤差 最大 0.290rad (left_ankle_pitch)  ※完走回の実測は最大0.949・転倒回は1.112(2026-08-26時点)
2026-09-03 14:50:42 フェーズ完走: sit_up_ln23_r2  温度 膝 L47/R46度  足首 L52/R51度  最大63度(j22)
2026-09-03 14:50:42 sit_up_ln23_r2 完了。全フェーズ終了 — 方策で姿勢維持中
2026-09-03 14:50:42 完了後の自動移行: 着座(FSM3) へ渡します
2026-09-03 14:50:43 標準モード seated
2026-09-03 14:51:11 標準モード damp
2026-09-03 14:51:14 標準モード stand
2026-09-03 14:52:28 方策 sit_up_ln23_r2 を読み込みました。UserCtrl へ入ります
2026-09-03 14:52:28 UserCtrl進入: いまのFSM = 802
2026-09-03 14:52:28 802で静止待ち 0.0秒 (関節速度 最大0.021rad/s)
2026-09-03 14:52:28 SwitchToUserCtrl(7110) → code=0 (0.00秒)  ※このACKは成否を表さない
2026-09-03 14:52:29 FSM 1000 の確認に 0.2秒 かかりました(経過 802→1000)
2026-09-03 14:52:29 FSM 1000(UserCtrl)を確認(0.2秒)
2026-09-03 14:52:29 所有を確認: 左肩ピッチ +0.060rad指令 → 実測0.067rad / トルク-1.8Nm  掴んだ姿勢からのずれ 0.125rad
2026-09-03 14:52:29 ★UserCtrl取得 → 待たずに方策を開始します(静的保持を挟まない)
2026-09-03 14:52:29 引き継ぎ計測: 傾き4.2度 角速度0.31rad/s 開始姿勢のずれ 最大0.27rad (right_hip_pitch 0.27, left_hip_pitch 0.27, right_knee 0.16)
2026-09-03 14:52:29 ヨー合わせ: 実測の向きが参照より+97.7度ずれていたので参照側の座標系へ揃えました(2026-08-27より。これをしないと方策は向きの修正を同時にやろうとして膝の左右差が開きます)
2026-09-03 14:52:29 補助: ★未記入 — 記録してください  ★立つモードで自立できていたかどうかが結果を決めている疑い
2026-09-03 14:52:29 ── run008 開始 (cockpit_20260903_143710)
2026-09-03 14:52:29 フェーズ開始: sit_up_ln23_r2(395コマ / 7.9秒)  温度 膝 L48/R46度  足首 L52/R51度  最大63度(j22)
2026-09-03 14:52:29 方策開始: 1コマ目の跳び 0.050rad (left_ankle_pitch / 2N·m)  ランプ 0.30秒 / 参照ブレンド 0.50秒  ※完走回の実測は0.459/0.556rad・転倒回は0.404〜0.718
2026-09-03 14:52:37 制御周期: 中央19.9ms 最大36.8ms (50Hz / 規定50Hz)  25ms超え13%  推論 中央8.5ms 最大21.2ms  ※正常時の実測は 中央20.0ms / 25ms超え24%
2026-09-03 14:52:37 開始直後(0.6秒)の脚腰の追従誤差 最大 0.772rad (left_ankle_pitch)  ※完走回の実測は最大0.949・転倒回は1.112(2026-08-26時点)
2026-09-03 14:52:37 フェーズ完走: sit_up_ln23_r2  温度 膝 L48/R46度  足首 L52/R51度  最大63度(j22)
2026-09-03 14:52:37 sit_up_ln23_r2 完了。全フェーズ終了 — 方策で姿勢維持中
2026-09-03 14:52:37 完了後の自動移行: 着座(FSM3) へ渡します
2026-09-03 14:52:37 標準モード seated
2026-09-03 14:53:41 標準モード damp
2026-09-03 14:53:42 標準モード stand
2026-09-03 14:54:01 標準モード stand
