2026-09-03 13:47:31 引き継ぎ計測: 傾き6.5度 角速度0.51rad/s 開始姿勢のずれ 最大0.24rad (right_hip_pitch 0.24, left_hip_pitch 0.20, right_ankle_pitch 0.15)
2026-09-03 13:47:31 ヨー合わせ: 実測の向きが参照より+31.7度ずれていたので参照側の座標系へ揃えました(2026-08-27より。これをしないと方策は向きの修正を同時にやろうとして膝の左右差が開きます)
2026-09-03 13:47:31 補助: ★未記入 — 記録してください  ★立つモードで自立できていたかどうかが結果を決めている疑い
2026-09-03 13:47:31 ── run001 開始 (cockpit_20260903_134729)
2026-09-03 13:47:31 フェーズ開始: sit_up_ln23_r2(395コマ / 7.9秒)  温度 膝 L38/R38度  足首 L46/R47度  最大48度(j14)
2026-09-03 13:47:31 方策開始: 1コマ目の跳び 0.038rad (left_ankle_pitch / 2N·m)  ランプ 0.30秒 / 参照ブレンド 0.50秒  ※完走回の実測は0.459/0.556rad・転倒回は0.404〜0.718
2026-09-03 13:47:39 制御周期: 中央20.4ms 最大33.2ms (49Hz / 規定50Hz)  25ms超え15%  推論 中央9.0ms 最大18.0ms  ※正常時の実測は 中央20.0ms / 25ms超え24%
2026-09-03 13:47:39 開始直後(0.6秒)の脚腰の追従誤差 最大 0.609rad (left_ankle_pitch)  ※完走回の実測は最大0.949・転倒回は1.112(2026-08-26時点)
2026-09-03 13:47:39 フェーズ完走: sit_up_ln23_r2  温度 膝 L38/R38度  足首 L46/R47度  最大48度(j14)
2026-09-03 13:47:39 sit_up_ln23_r2 完了。全フェーズ終了 — 方策で姿勢維持中
2026-09-03 13:47:42 標準モード damp
2026-09-03 13:47:49 標準モード zero
2026-09-03 13:47:53 標準モード damp
2026-09-03 13:47:58 標準モード stand
2026-09-03 13:48:16 方策 sit_up_ln23_r2 を読み込みました。UserCtrl へ入ります
2026-09-03 13:48:16 UserCtrl進入: いまのFSM = 4
2026-09-03 13:48:16 ★FSM 802(走行)へ遷移します — 走行制御が動きます。リモコンE-STOPを握ってください
2026-09-03 13:48:17 FSM 802 に到達(0.4秒)
2026-09-03 13:48:17 802で静止待ち 0.1秒 (関節速度 最大0.133rad/s)
2026-09-03 13:48:17 SwitchToUserCtrl(7110) → code=0 (0.01秒)  ※このACKは成否を表さない
2026-09-03 13:48:17 FSM 1000 の確認に 0.2秒 かかりました(経過 802→1000)
2026-09-03 13:48:17 FSM 1000(UserCtrl)を確認(0.2秒)
2026-09-03 13:48:17 所有を確認: 左肩ピッチ +0.060rad指令 → 実測0.063rad / トルク-1.5Nm  掴んだ姿勢からのずれ 0.197rad
2026-09-03 13:48:17 ★UserCtrl取得 → 待たずに方策を開始します(静的保持を挟まない)
2026-09-03 13:48:17 引き継ぎ計測: 傾き7.8度 角速度0.44rad/s 開始姿勢のずれ 最大0.28rad (right_ankle_pitch 0.28, right_hip_pitch 0.26, left_ankle_pitch 0.24)
2026-09-03 13:48:17 ヨー合わせ: 実測の向きが参照より+29.4度ずれていたので参照側の座標系へ揃えました(2026-08-27より。これをしないと方策は向きの修正を同時にやろうとして膝の左右差が開きます)
2026-09-03 13:48:17 補助: ★未記入 — 記録してください  ★立つモードで自立できていたかどうかが結果を決めている疑い
2026-09-03 13:48:17 ── run002 開始 (cockpit_20260903_134729)
2026-09-03 13:48:17 フェーズ開始: sit_up_ln23_r2(395コマ / 7.9秒)  温度 膝 L38/R38度  足首 L46/R47度  最大49度(j22)
2026-09-03 13:48:17 方策開始: 1コマ目の跳び 0.053rad (left_ankle_pitch / 2N·m)  ランプ 0.30秒 / 参照ブレンド 0.50秒  ※完走回の実測は0.459/0.556rad・転倒回は0.404〜0.718
2026-09-03 13:48:25 制御周期: 中央20.3ms 最大34.9ms (49Hz / 規定50Hz)  25ms超え13%  推論 中央9.2ms 最大19.8ms  ※正常時の実測は 中央20.0ms / 25ms超え24%
2026-09-03 13:48:25 開始直後(0.6秒)の脚腰の追従誤差 最大 0.910rad (left_ankle_pitch)  ※完走回の実測は最大0.949・転倒回は1.112(2026-08-26時点)
2026-09-03 13:48:25 フェーズ完走: sit_up_ln23_r2  温度 膝 L38/R38度  足首 L46/R47度  最大49度(j22)
2026-09-03 13:48:25 sit_up_ln23_r2 完了。全フェーズ終了 — 方策で姿勢維持中
2026-09-03 13:48:30 標準モード damp
2026-09-03 13:48:35 標準モード zero
2026-09-03 13:48:36 標準モード zero
2026-09-03 13:48:39 標準モード damp
2026-09-03 13:48:42 標準モード stand
2026-09-03 13:49:10 方策 sit_up_ln23_r2 を読み込みました。UserCtrl へ入ります
2026-09-03 13:49:10 UserCtrl進入: いまのFSM = 4
2026-09-03 13:49:10 ★FSM 802(走行)へ遷移します — 走行制御が動きます。リモコンE-STOPを握ってください
2026-09-03 13:49:11 FSM 802 に到達(0.4秒)
2026-09-03 13:49:12 802で静止待ち 1.0秒 (関節速度 最大0.063rad/s)
2026-09-03 13:49:12 SwitchToUserCtrl(7110) → code=0 (0.00秒)  ※このACKは成否を表さない
2026-09-03 13:49:12 FSM 1000(UserCtrl)を確認(0.0秒)
2026-09-03 13:49:12 所有を確認: 左肩ピッチ +0.060rad指令 → 実測0.049rad / トルク0.1Nm  掴んだ姿勢からのずれ 0.049rad
2026-09-03 13:49:12 ★UserCtrl取得 → 待たずに方策を開始します(静的保持を挟まない)
2026-09-03 13:49:12 引き継ぎ計測: 傾き0.8度 角速度0.03rad/s 開始姿勢のずれ 最大0.40rad (right_knee 0.40, left_knee 0.25, right_hip_pitch 0.21)
2026-09-03 13:49:12 ヨー合わせ: 実測の向きが参照より+25.4度ずれていたので参照側の座標系へ揃えました(2026-08-27より。これをしないと方策は向きの修正を同時にやろうとして膝の左右差が開きます)
2026-09-03 13:49:12 補助: ★未記入 — 記録してください  ★立つモードで自立できていたかどうかが結果を決めている疑い
2026-09-03 13:49:12 ── run003 開始 (cockpit_20260903_134729)
2026-09-03 13:49:12 フェーズ開始: sit_up_ln23_r2(395コマ / 7.9秒)  温度 膝 L38/R38度  足首 L46/R47度  最大49度(j22)
2026-09-03 13:49:12 方策開始: 1コマ目の跳び 0.045rad (left_ankle_pitch / 2N·m)  ランプ 0.30秒 / 参照ブレンド 0.50秒  ※完走回の実測は0.459/0.556rad・転倒回は0.404〜0.718
2026-09-03 13:49:20 制御周期: 中央20.1ms 最大32.3ms (50Hz / 規定50Hz)  25ms超え13%  推論 中央7.8ms 最大19.1ms  ※正常時の実測は 中央20.0ms / 25ms超え24%
2026-09-03 13:49:20 開始直後(0.6秒)の脚腰の追従誤差 最大 0.296rad (right_ankle_pitch)  ※完走回の実測は最大0.949・転倒回は1.112(2026-08-26時点)
2026-09-03 13:49:20 フェーズ完走: sit_up_ln23_r2  温度 膝 L38/R38度  足首 L46/R47度  最大49度(j22)
2026-09-03 13:49:20 sit_up_ln23_r2 完了。全フェーズ終了 — 方策で姿勢維持中
2026-09-03 13:49:35 ★DAMP: UIハートビート途絶
2026-09-03 13:50:38 E-STOPラッチを解除しました(標準モード zero)
2026-09-03 13:50:38 標準モード zero
2026-09-03 13:50:40 標準モード damp
2026-09-03 13:50:41 標準モード zero
2026-09-03 13:50:49 標準モード damp
2026-09-03 13:50:57 標準モード stand
2026-09-03 13:51:11 方策 sit_up_ln23_r2 を読み込みました。UserCtrl へ入ります
2026-09-03 13:51:11 UserCtrl進入: いまのFSM = 4
2026-09-03 13:51:11 ★FSM 802(走行)へ遷移します — 走行制御が動きます。リモコンE-STOPを握ってください
2026-09-03 13:51:12 FSM 802 に到達(0.4秒)
2026-09-03 13:51:12 802で静止待ち 0.3秒 (関節速度 最大0.145rad/s)
2026-09-03 13:51:12 SwitchToUserCtrl(7110) → code=0 (0.00秒)  ※このACKは成否を表さない
2026-09-03 13:51:12 FSM 1000 の確認に 0.2秒 かかりました(経過 802→1000)
2026-09-03 13:51:12 FSM 1000(UserCtrl)を確認(0.2秒)
2026-09-03 13:51:13 所有を確認: 左肩ピッチ +0.060rad指令 → 実測0.063rad / トルク-1.4Nm  掴んだ姿勢からのずれ 0.162rad
2026-09-03 13:51:13 ★UserCtrl取得 → 待たずに方策を開始します(静的保持を挟まない)
2026-09-03 13:51:13 引き継ぎ計測: 傾き8.0度 角速度0.48rad/s 開始姿勢のずれ 最大0.26rad (right_hip_pitch 0.26, left_hip_pitch 0.22, right_ankle_pitch 0.19)
2026-09-03 13:51:13 ヨー合わせ: 実測の向きが参照より+20.0度ずれていたので参照側の座標系へ揃えました(2026-08-27より。これをしないと方策は向きの修正を同時にやろうとして膝の左右差が開きます)
2026-09-03 13:51:13 補助: ★未記入 — 記録してください  ★立つモードで自立できていたかどうかが結果を決めている疑い
2026-09-03 13:51:13 ── run004 開始 (cockpit_20260903_134729)
2026-09-03 13:51:13 フェーズ開始: sit_up_ln23_r2(395コマ / 7.9秒)  温度 膝 L38/R38度  足首 L46/R47度  最大50度(j22)
2026-09-03 13:51:13 方策開始: 1コマ目の跳び 0.039rad (left_ankle_pitch / 2N·m)  ランプ 0.30秒 / 参照ブレンド 0.50秒  ※完走回の実測は0.459/0.556rad・転倒回は0.404〜0.718
2026-09-03 13:51:21 制御周期: 中央20.3ms 最大34.2ms (49Hz / 規定50Hz)  25ms超え13%  推論 中央8.8ms 最大17.7ms  ※正常時の実測は 中央20.0ms / 25ms超え24%
2026-09-03 13:51:21 開始直後(0.6秒)の脚腰の追従誤差 最大 0.520rad (right_ankle_pitch)  ※完走回の実測は最大0.949・転倒回は1.112(2026-08-26時点)
2026-09-03 13:51:21 フェーズ完走: sit_up_ln23_r2  温度 膝 L38/R38度  足首 L46/R47度  最大50度(j22)
2026-09-03 13:51:21 sit_up_ln23_r2 完了。全フェーズ終了 — 方策で姿勢維持中
2026-09-03 13:51:27 標準モード zero
2026-09-03 13:51:29 標準モード damp
2026-09-03 13:51:32 標準モード zero
2026-09-03 13:54:19 方策 sit_up_ln23_r2 を読み込みました。UserCtrl へ入ります
2026-09-03 13:54:19 UserCtrl進入: いまのFSM = 501
2026-09-03 13:54:19 ★FSM 802(走行)へ遷移します — 走行制御が動きます。リモコンE-STOPを握ってください
2026-09-03 13:54:19 FSM 802 に到達(0.4秒)
2026-09-03 13:54:19 802で静止待ち 0.4秒 (関節速度 最大0.143rad/s)
2026-09-03 13:54:20 SwitchToUserCtrl(7110) → code=0 (0.00秒)  ※このACKは成否を表さない
2026-09-03 13:54:20 FSM 1000 の確認に 0.2秒 かかりました(経過 802→1000)
2026-09-03 13:54:20 FSM 1000(UserCtrl)を確認(0.2秒)
2026-09-03 13:54:20 所有を確認: 左肩ピッチ +0.060rad指令 → 実測0.062rad / トルク-1.3Nm  掴んだ姿勢からのずれ 0.153rad
2026-09-03 13:54:20 ★UserCtrl取得 → 待たずに方策を開始します(静的保持を挟まない)
2026-09-03 13:54:20 引き継ぎ計測: 傾き4.4度 角速度0.27rad/s 開始姿勢のずれ 最大0.26rad (left_hip_pitch 0.26, right_hip_pitch 0.25, right_ankle_pitch 0.13)
2026-09-03 13:54:20 ヨー合わせ: 実測の向きが参照より+22.0度ずれていたので参照側の座標系へ揃えました(2026-08-27より。これをしないと方策は向きの修正を同時にやろうとして膝の左右差が開きます)
2026-09-03 13:54:20 補助: ★未記入 — 記録してください  ★立つモードで自立できていたかどうかが結果を決めている疑い
2026-09-03 13:54:20 ── run005 開始 (cockpit_20260903_134729)
2026-09-03 13:54:20 フェーズ開始: sit_up_ln23_r2(395コマ / 7.9秒)  温度 膝 L39/R39度  足首 L47/R48度  最大49度(j22)
2026-09-03 13:54:20 方策開始: 1コマ目の跳び 0.050rad (left_ankle_pitch / 2N·m)  ランプ 0.30秒 / 参照ブレンド 0.50秒  ※完走回の実測は0.459/0.556rad・転倒回は0.404〜0.718
2026-09-03 13:54:28 制御周期: 中央20.3ms 最大31.5ms (49Hz / 規定50Hz)  25ms超え11%  推論 中央9.2ms 最大18.2ms  ※正常時の実測は 中央20.0ms / 25ms超え24%
2026-09-03 13:54:28 開始直後(0.6秒)の脚腰の追従誤差 最大 0.860rad (left_ankle_pitch)  ※完走回の実測は最大0.949・転倒回は1.112(2026-08-26時点)
2026-09-03 13:54:28 フェーズ完走: sit_up_ln23_r2  温度 膝 L40/R39度  足首 L47/R48度  最大49度(j22)
2026-09-03 13:54:28 sit_up_ln23_r2 完了。全フェーズ終了 — 方策で姿勢維持中
2026-09-03 13:54:41 ★DAMP: UIハートビート途絶
