2026-08-27 13:14:58 引き継ぎ計測: 傾き7.4度 角速度0.54rad/s 開始姿勢のずれ 最大1.23rad (right_elbow 1.23, left_elbow 1.21, right_hip_yaw 0.36)
2026-08-27 13:14:58 ── run001 開始 (cockpit_20260827_131456)
2026-08-27 13:14:58 フェーズ開始: sit_up_dp4_r2(395コマ / 7.9秒)  温度 膝 L38/R37度  足首 L45/R45度  最大49度(j14)
2026-08-27 13:14:58 方策開始: 1コマ目の跳び 0.029rad (right_ankle_pitch / 1N·m)  ランプ 0.30秒 / 参照ブレンド 0.50秒  ※完走回の実測は0.459/0.556rad・転倒回は0.404〜0.718
2026-08-27 13:15:06 制御周期: 中央1.0ms 最大1.0ms (1000Hz / 規定50Hz)
2026-08-27 13:15:06 開始直後(0.6秒)の脚腰の追従誤差 最大 0.867rad (left_ankle_pitch)  ※完走回の実測は最大0.949・転倒回は1.112(2026-08-26時点)
2026-08-27 13:15:06 フェーズ完走: sit_up_dp4_r2  温度 膝 L38/R37度  足首 L45/R45度  最大49度(j14)
2026-08-27 13:15:06 sit_up_dp4_r2 完了。全フェーズ終了 — 方策で姿勢維持中
2026-08-27 13:15:47 標準モード damp
2026-08-27 13:15:56 標準モード zero
2026-08-27 13:15:58 標準モード damp
2026-08-27 13:16:03 標準モード stand
2026-08-27 13:16:35 方策 sit_up_dp4_r2 を読み込みました。UserCtrl へ入ります
2026-08-27 13:16:35 UserCtrl進入: いまのFSM = 4
2026-08-27 13:16:35 ★FSM 802(走行)へ遷移します — 走行制御が動きます。リモコンE-STOPを握ってください
2026-08-27 13:16:36 FSM 802 に到達(0.4秒)
2026-08-27 13:16:36 802で静止待ち 0.1秒 (関節速度 最大0.127rad/s)
2026-08-27 13:16:36 SwitchToUserCtrl(7110) → code=0 (0.00秒)  ※このACKは成否を表さない
2026-08-27 13:16:36 FSM 1000(UserCtrl)を確認(0.2秒)
2026-08-27 13:16:36 所有を確認: 左肩ピッチ +0.060rad指令 → 実測0.067rad / トルク-1.9Nm  掴んだ姿勢からのずれ 0.197rad
2026-08-27 13:16:36 ★UserCtrl取得 → 待たずに方策を開始します(静的保持を挟まない)
2026-08-27 13:16:36 引き継ぎ計測: 傾き7.2度 角速度0.47rad/s 開始姿勢のずれ 最大1.21rad (right_elbow 1.21, left_elbow 1.19, right_hip_yaw 0.35)
2026-08-27 13:16:36 ── run002 開始 (cockpit_20260827_131456)
2026-08-27 13:16:36 フェーズ開始: sit_up_dp4_r2(395コマ / 7.9秒)  温度 膝 L38/R37度  足首 L45/R45度  最大50度(j16)
2026-08-27 13:16:36 方策開始: 1コマ目の跳び 0.035rad (left_ankle_pitch / 1N·m)  ランプ 0.30秒 / 参照ブレンド 0.50秒  ※完走回の実測は0.459/0.556rad・転倒回は0.404〜0.718
2026-08-27 13:16:45 制御周期: 中央1.0ms 最大1.0ms (1000Hz / 規定50Hz)
2026-08-27 13:16:45 開始直後(0.6秒)の脚腰の追従誤差 最大 0.930rad (left_ankle_pitch)  ※完走回の実測は最大0.949・転倒回は1.112(2026-08-26時点)
2026-08-27 13:16:45 フェーズ完走: sit_up_dp4_r2  温度 膝 L38/R37度  足首 L45/R45度  最大50度(j16)
2026-08-27 13:16:45 sit_up_dp4_r2 完了。全フェーズ終了 — 方策で姿勢維持中
2026-08-27 13:16:46 ★DAMP: 操作者による緊急停止
2026-08-27 13:20:16 E-STOPラッチを解除しました(標準モード zero)
2026-08-27 13:20:16 標準モード zero
