2026-08-27 11:59:47 引き継ぎ計測: 傾き7.4度 角速度0.01rad/s 開始姿勢のずれ 最大1.00rad (left_elbow 1.00, right_elbow 1.00, right_hip_yaw 0.39)
2026-08-27 11:59:47 フェーズ開始: sit_up_dp4_r2(395コマ / 7.9秒)  温度 膝 L38/R38度  足首 L45/R45度  最大52度(j22)
2026-08-27 11:59:47 方策開始: 1コマ目の跳び 0.052rad (left_ankle_pitch / 2N·m)  ランプ 0.30秒 / 参照ブレンド 0.50秒  ※完走回の実測は0.459/0.556rad・転倒回は0.404〜0.718
2026-08-27 11:59:55 制御周期: 中央20.1ms 最大42.9ms (50Hz / 規定50Hz)
2026-08-27 11:59:55 開始直後(0.6秒)の脚腰の追従誤差 最大 0.554rad (left_ankle_pitch)  ※完走回の実測は最大0.949・転倒回は1.112(2026-08-26時点)
2026-08-27 11:59:55 フェーズ完走: sit_up_dp4_r2  温度 膝 L38/R38度  足首 L45/R45度  最大52度(j22)
2026-08-27 11:59:55 sit_up_dp4_r2 完了。全フェーズ終了 — 方策で姿勢維持中
2026-08-27 12:00:14 標準モード damp
2026-08-27 12:00:32 標準モード damp
2026-08-27 12:00:41 標準モード stand
2026-08-27 12:01:06 指令の到達を確認: OK(実測0.051rad / トルク0.0Nm)
2026-08-27 12:01:06 カスタム制御へ引き継ぎ(現姿勢を保持中 傾き4度)。★このPD保持ではバランスは取れません — 支えたまま、速やかに方策を開始するか[ダンプ]へ戻すこと
2026-08-27 12:01:57 ★標準モード damp を処理中です。少し待ってください
2026-08-27 12:01:57 ★標準モード damp を処理中です。少し待ってください
2026-08-27 12:01:59 ★標準モード damp を処理中です。少し待ってください
2026-08-27 12:02:00 標準モード damp
2026-08-27 12:02:00 ★標準モード zero を処理中です。少し待ってください
2026-08-27 12:02:00 ★標準モード zero を処理中です。少し待ってください
2026-08-27 12:02:02 標準モード zero
2026-08-27 12:02:07 標準モード damp
2026-08-27 12:02:21 標準モード stand
2026-08-27 12:03:11 指令の到達を確認: OK(実測0.053rad / トルク-0.4Nm)
2026-08-27 12:03:11 カスタム制御へ引き継ぎ(現姿勢を保持中 傾き3度)。★このPD保持ではバランスは取れません — 支えたまま、速やかに方策を開始するか[ダンプ]へ戻すこと
