2026-09-03 11:44:52 引き継ぎ計測: 傾き8.1度 角速度0.36rad/s 開始姿勢のずれ 最大1.25rad (right_elbow 1.25, left_elbow 1.23, right_hip_yaw 0.35)
2026-09-03 11:44:52 ヨー合わせ: 実測の向きが参照より+91.2度ずれていたので参照側の座標系へ揃えました(2026-08-27より。これをしないと方策は向きの修正を同時にやろうとして膝の左右差が開きます)
2026-09-03 11:44:52 補助: ★未記入 — 記録してください  ★立つモードで自立できていたかどうかが結果を決めている疑い
2026-09-03 11:44:52 ── run001 開始 (cockpit_20260903_114310)
2026-09-03 11:44:52 フェーズ開始: sit_up_rc_r2(395コマ / 7.9秒)  温度 膝 L35/R35度  足首 L42/R42度  最大44度(j19)
2026-09-03 11:44:52 方策開始: 1コマ目の跳び 0.053rad (left_ankle_pitch / 2N·m)  ランプ 0.30秒 / 参照ブレンド 0.50秒  ※完走回の実測は0.459/0.556rad・転倒回は0.404〜0.718
2026-09-03 11:45:00 制御周期: 中央19.7ms 最大45.7ms (51Hz / 規定50Hz)  25ms超え27%  推論 中央5.5ms 最大35.7ms  ※正常時の実測は 中央20.0ms / 25ms超え24%
2026-09-03 11:45:00 開始直後(0.6秒)の脚腰の追従誤差 最大 0.447rad (left_ankle_pitch)  ※完走回の実測は最大0.949・転倒回は1.112(2026-08-26時点)
2026-09-03 11:45:00 フェーズ完走: sit_up_rc_r2  温度 膝 L35/R35度  足首 L42/R42度  最大44度(j19)
2026-09-03 11:45:00 sit_up_rc_r2 完了。全フェーズ終了 — 方策で姿勢維持中
2026-09-03 11:45:04 腕の残差スケール: 0.80 — 腕は参照の20%%ぶん方策の補正を受けなくなります
2026-09-03 11:46:16 方策 sit_up_rc_r2 を読み込みました。UserCtrl へ入ります
2026-09-03 11:46:16 UserCtrl進入: いまのFSM = 802
2026-09-03 11:46:16 802で静止待ち 0.0秒 (関節速度 最大0.015rad/s)
2026-09-03 11:46:16 SwitchToUserCtrl(7110) → code=0 (0.00秒)  ※このACKは成否を表さない
2026-09-03 11:46:17 FSM 1000(UserCtrl)を確認(0.2秒)
2026-09-03 11:46:17 所有を確認: 左肩ピッチ +0.060rad指令 → 実測0.065rad / トルク-1.2Nm  掴んだ姿勢からのずれ 1.937rad
2026-09-03 11:46:17 ★UserCtrl取得 → 待たずに方策を開始します(静的保持を挟まない)
2026-09-03 11:46:17 引き継ぎ計測: 傾き18.2度 角速度2.14rad/s 開始姿勢のずれ 最大1.84rad (right_knee 1.84, left_knee 1.77, right_elbow 0.64)
2026-09-03 11:46:17 ヨー合わせ: 実測の向きが参照より+90.5度ずれていたので参照側の座標系へ揃えました(2026-08-27より。これをしないと方策は向きの修正を同時にやろうとして膝の左右差が開きます)
2026-09-03 11:46:17 補助: ★未記入 — 記録してください  ★立つモードで自立できていたかどうかが結果を決めている疑い
2026-09-03 11:46:17 ── run002 開始 (cockpit_20260903_114310)
2026-09-03 11:46:17 フェーズ開始: sit_up_rc_r2(395コマ / 7.9秒)  温度 膝 L35/R35度  足首 L42/R42度  最大45度(j23)
2026-09-03 11:46:17 方策開始: 1コマ目の跳び 0.072rad (right_knee / 11N·m)  ランプ 0.30秒 / 参照ブレンド 0.50秒  ※完走回の実測は0.459/0.556rad・転倒回は0.404〜0.718
2026-09-03 11:46:19 ★DAMP: 傾き40度
2026-09-03 11:49:18 E-STOPラッチを解除しました(標準モード damp)
2026-09-03 11:49:18 標準モード damp
2026-09-03 11:49:54 標準モード stand
2026-09-03 11:50:41 標準モード walk
2026-09-03 11:50:58 標準モード walk
2026-09-03 11:50:58 標準モード stand
2026-09-03 11:51:00 標準モード stand
2026-09-03 11:51:30 標準モード damp
2026-09-03 11:51:39 標準モード zero
2026-09-03 11:51:50 標準モード damp
2026-09-03 11:51:57 標準モード stand
2026-09-03 11:52:10 方策 sit_up_rc_r2 を読み込みました。UserCtrl へ入ります
2026-09-03 11:52:10 UserCtrl進入: いまのFSM = 4
2026-09-03 11:52:10 ★FSM 802(走行)へ遷移します — 走行制御が動きます。リモコンE-STOPを握ってください
2026-09-03 11:52:10 FSM 802 に到達(0.4秒)
2026-09-03 11:52:11 802で静止待ち 0.6秒 (関節速度 最大0.113rad/s)
2026-09-03 11:52:11 SwitchToUserCtrl(7110) → code=0 (0.00秒)  ※このACKは成否を表さない
2026-09-03 11:52:11 FSM 1000(UserCtrl)を確認(0.2秒)
2026-09-03 11:52:11 所有を確認: 左肩ピッチ +0.060rad指令 → 実測0.065rad / トルク-1.6Nm  掴んだ姿勢からのずれ 0.159rad
2026-09-03 11:52:11 ★UserCtrl取得 → 待たずに方策を開始します(静的保持を挟まない)
2026-09-03 11:52:11 引き継ぎ計測: 傾き7.3度 角速度0.44rad/s 開始姿勢のずれ 最大1.22rad (left_elbow 1.22, right_elbow 1.21, right_hip_yaw 0.35)
2026-09-03 11:52:11 ヨー合わせ: 実測の向きが参照より+62.2度ずれていたので参照側の座標系へ揃えました(2026-08-27より。これをしないと方策は向きの修正を同時にやろうとして膝の左右差が開きます)
2026-09-03 11:52:11 補助: ★未記入 — 記録してください  ★立つモードで自立できていたかどうかが結果を決めている疑い
2026-09-03 11:52:11 ── run003 開始 (cockpit_20260903_114310)
2026-09-03 11:52:11 フェーズ開始: sit_up_rc_r2(395コマ / 7.9秒)  温度 膝 L36/R35度  足首 L42/R43度  最大45度(j23)
2026-09-03 11:52:11 方策開始: 1コマ目の跳び 0.052rad (left_ankle_pitch / 2N·m)  ランプ 0.30秒 / 参照ブレンド 0.50秒  ※完走回の実測は0.459/0.556rad・転倒回は0.404〜0.718
2026-09-03 11:52:19 制御周期: 中央20.1ms 最大42.9ms (50Hz / 規定50Hz)  25ms超え29%  推論 中央4.7ms 最大27.7ms  ※正常時の実測は 中央20.0ms / 25ms超え24%
2026-09-03 11:52:19 開始直後(0.6秒)の脚腰の追従誤差 最大 0.369rad (left_ankle_pitch)  ※完走回の実測は最大0.949・転倒回は1.112(2026-08-26時点)
2026-09-03 11:52:19 フェーズ完走: sit_up_rc_r2  温度 膝 L36/R35度  足首 L42/R43度  最大45度(j23)
2026-09-03 11:52:19 sit_up_rc_r2 完了。全フェーズ終了 — 方策で姿勢維持中
2026-09-03 11:52:29 腕の残差スケール: 1.00(従来どおり)
2026-09-03 11:52:33 標準モード damp
2026-09-03 11:52:52 標準モード zero
2026-09-03 11:53:06 標準モード damp
2026-09-03 11:53:17 標準モード stand
2026-09-03 11:53:37 方策 sit_up_rc_r2 を読み込みました。UserCtrl へ入ります
2026-09-03 11:53:37 UserCtrl進入: いまのFSM = 4
2026-09-03 11:53:37 ★FSM 802(走行)へ遷移します — 走行制御が動きます。リモコンE-STOPを握ってください
2026-09-03 11:53:37 FSM 802 に到達(0.4秒)
2026-09-03 11:53:38 802で静止待ち 0.2秒 (関節速度 最大0.092rad/s)
2026-09-03 11:53:38 SwitchToUserCtrl(7110) → code=0 (0.00秒)  ※このACKは成否を表さない
2026-09-03 11:53:38 FSM 1000(UserCtrl)を確認(0.2秒)
2026-09-03 11:53:38 所有を確認: 左肩ピッチ +0.060rad指令 → 実測0.063rad / トルク-1.8Nm  掴んだ姿勢からのずれ 0.201rad
2026-09-03 11:53:38 ★UserCtrl取得 → 待たずに方策を開始します(静的保持を挟まない)
2026-09-03 11:53:38 引き継ぎ計測: 傾き8.1度 角速度0.54rad/s 開始姿勢のずれ 最大1.22rad (right_elbow 1.22, left_elbow 1.20, right_hip_yaw 0.38)
2026-09-03 11:53:38 ヨー合わせ: 実測の向きが参照より+64.4度ずれていたので参照側の座標系へ揃えました(2026-08-27より。これをしないと方策は向きの修正を同時にやろうとして膝の左右差が開きます)
2026-09-03 11:53:38 補助: ★未記入 — 記録してください  ★立つモードで自立できていたかどうかが結果を決めている疑い
2026-09-03 11:53:38 ── run004 開始 (cockpit_20260903_114310)
2026-09-03 11:53:38 フェーズ開始: sit_up_rc_r2(395コマ / 7.9秒)  温度 膝 L36/R36度  足首 L43/R43度  最大47度(j23)
2026-09-03 11:53:38 方策開始: 1コマ目の跳び 0.055rad (left_ankle_pitch / 2N·m)  ランプ 0.30秒 / 参照ブレンド 0.50秒  ※完走回の実測は0.459/0.556rad・転倒回は0.404〜0.718
2026-09-03 11:53:46 制御周期: 中央20.1ms 最大41.7ms (50Hz / 規定50Hz)  25ms超え22%  推論 中央3.2ms 最大26.7ms  ※正常時の実測は 中央20.0ms / 25ms超え24%
2026-09-03 11:53:46 開始直後(0.6秒)の脚腰の追従誤差 最大 0.633rad (left_ankle_pitch)  ※完走回の実測は最大0.949・転倒回は1.112(2026-08-26時点)
2026-09-03 11:53:46 フェーズ完走: sit_up_rc_r2  温度 膝 L36/R36度  足首 L43/R43度  最大47度(j23)
2026-09-03 11:53:46 sit_up_rc_r2 完了。全フェーズ終了 — 方策で姿勢維持中
2026-09-03 11:53:57 パターン選択: sit=sit_up_ln23_r2
2026-09-03 11:54:28 UserCtrl進入: いまのFSM = 1000
2026-09-03 11:54:28 ★FSM 802(走行)へ遷移します — 走行制御が動きます。リモコンE-STOPを握ってください
2026-09-03 11:54:28 FSM 802 に到達(0.4秒)
2026-09-03 11:54:29 802で静止待ち 1.5秒 (関節速度 最大0.209rad/s)
2026-09-03 11:54:30 SwitchToUserCtrl(7110) → code=0 (0.00秒)  ※このACKは成否を表さない
2026-09-03 11:54:30 FSM 1000(UserCtrl)を確認(0.2秒)
2026-09-03 11:54:30 所有を確認: 左肩ピッチ +0.060rad指令 → 実測0.041rad / トルク-3.1Nm  掴んだ姿勢からのずれ 1.684rad
2026-09-03 11:54:30 ★UserCtrl で制御権を取得(傾き4度)。脱力窓なし。そのまま [▶ 座る] を押せます
2026-09-03 11:54:31 標準モード damp
2026-09-03 11:54:45 標準モード zero
2026-09-03 11:55:10 標準モード damp
2026-09-03 11:55:20 標準モード stand
2026-09-03 11:55:37 方策 sit_up_ln23_r2 を読み込みました。UserCtrl へ入ります
2026-09-03 11:55:37 UserCtrl進入: いまのFSM = 4
2026-09-03 11:55:37 ★FSM 802(走行)へ遷移します — 走行制御が動きます。リモコンE-STOPを握ってください
2026-09-03 11:55:38 FSM 802 に到達(0.4秒)
2026-09-03 11:55:38 802で静止待ち 0.4秒 (関節速度 最大0.121rad/s)
2026-09-03 11:55:38 SwitchToUserCtrl(7110) → code=0 (0.00秒)  ※このACKは成否を表さない
2026-09-03 11:55:39 FSM 1000(UserCtrl)を確認(0.2秒)
2026-09-03 11:55:39 所有を確認: 左肩ピッチ +0.060rad指令 → 実測0.059rad / トルク-1.2Nm  掴んだ姿勢からのずれ 0.132rad
2026-09-03 11:55:39 ★UserCtrl取得 → 待たずに方策を開始します(静的保持を挟まない)
2026-09-03 11:55:39 引き継ぎ計測: 傾き6.3度 角速度0.35rad/s 開始姿勢のずれ 最大0.19rad (left_hip_pitch 0.19, right_hip_pitch 0.19, left_hip_yaw 0.11)
2026-09-03 11:55:39 ヨー合わせ: 実測の向きが参照より+56.4度ずれていたので参照側の座標系へ揃えました(2026-08-27より。これをしないと方策は向きの修正を同時にやろうとして膝の左右差が開きます)
2026-09-03 11:55:39 補助: ★未記入 — 記録してください  ★立つモードで自立できていたかどうかが結果を決めている疑い
2026-09-03 11:55:39 ── run005 開始 (cockpit_20260903_114310)
2026-09-03 11:55:39 フェーズ開始: sit_up_ln23_r2(395コマ / 7.9秒)  温度 膝 L36/R36度  足首 L43/R43度  最大52度(j23)
2026-09-03 11:55:39 方策開始: 1コマ目の跳び 0.032rad (left_ankle_pitch / 1N·m)  ランプ 0.30秒 / 参照ブレンド 0.50秒  ※完走回の実測は0.459/0.556rad・転倒回は0.404〜0.718
2026-09-03 11:55:47 制御周期: 中央20.2ms 最大45.7ms (50Hz / 規定50Hz)  25ms超え26%  推論 中央4.1ms 最大29.0ms  ※正常時の実測は 中央20.0ms / 25ms超え24%
2026-09-03 11:55:47 開始直後(0.6秒)の脚腰の追従誤差 最大 0.329rad (right_ankle_pitch)  ※完走回の実測は最大0.949・転倒回は1.112(2026-08-26時点)
2026-09-03 11:55:47 フェーズ完走: sit_up_ln23_r2  温度 膝 L36/R36度  足首 L43/R43度  最大52度(j23)
2026-09-03 11:55:47 sit_up_ln23_r2 完了。全フェーズ終了 — 方策で姿勢維持中
2026-09-03 11:55:48 標準モード damp
2026-09-03 11:56:00 標準モード zero
2026-09-03 11:56:16 標準モード damp
2026-09-03 11:56:24 標準モード stand
2026-09-03 11:56:40 方策 sit_up_ln23_r2 を読み込みました。UserCtrl へ入ります
2026-09-03 11:56:40 UserCtrl進入: いまのFSM = 802
2026-09-03 11:56:40 802で静止待ち 0.0秒 (関節速度 最大0.018rad/s)
2026-09-03 11:56:41 SwitchToUserCtrl(7110) → code=0 (0.00秒)  ※このACKは成否を表さない
2026-09-03 11:56:41 FSM 1000(UserCtrl)を確認(0.2秒)
2026-09-03 11:56:41 所有を確認: 左肩ピッチ +0.060rad指令 → 実測0.063rad / トルク-1.4Nm  掴んだ姿勢からのずれ 0.144rad
2026-09-03 11:56:41 ★UserCtrl取得 → 待たずに方策を開始します(静的保持を挟まない)
2026-09-03 11:56:41 引き継ぎ計測: 傾き5.4度 角速度0.29rad/s 開始姿勢のずれ 最大0.33rad (right_hip_pitch 0.33, left_hip_pitch 0.25, right_ankle_pitch 0.15)
2026-09-03 11:56:41 ヨー合わせ: 実測の向きが参照より+65.9度ずれていたので参照側の座標系へ揃えました(2026-08-27より。これをしないと方策は向きの修正を同時にやろうとして膝の左右差が開きます)
2026-09-03 11:56:41 補助: ★未記入 — 記録してください  ★立つモードで自立できていたかどうかが結果を決めている疑い
2026-09-03 11:56:41 ── run006 開始 (cockpit_20260903_114310)
2026-09-03 11:56:41 フェーズ開始: sit_up_ln23_r2(395コマ / 7.9秒)  温度 膝 L36/R36度  足首 L43/R43度  最大51度(j23)
2026-09-03 11:56:41 方策開始: 1コマ目の跳び 0.053rad (left_ankle_pitch / 2N·m)  ランプ 0.30秒 / 参照ブレンド 0.50秒  ※完走回の実測は0.459/0.556rad・転倒回は0.404〜0.718
2026-09-03 11:56:49 制御周期: 中央20.1ms 最大44.3ms (50Hz / 規定50Hz)  25ms超え25%  推論 中央2.6ms 最大28.8ms  ※正常時の実測は 中央20.0ms / 25ms超え24%
2026-09-03 11:56:49 開始直後(0.6秒)の脚腰の追従誤差 最大 0.529rad (right_ankle_pitch)  ※完走回の実測は最大0.949・転倒回は1.112(2026-08-26時点)
2026-09-03 11:56:49 フェーズ完走: sit_up_ln23_r2  温度 膝 L36/R36度  足首 L43/R43度  最大51度(j23)
2026-09-03 11:56:49 sit_up_ln23_r2 完了。全フェーズ終了 — 方策で姿勢維持中
2026-09-03 11:57:02 標準モード damp
2026-09-03 11:57:13 標準モード zero
2026-09-03 11:57:24 標準モード damp
2026-09-03 11:57:29 標準モード stand
2026-09-03 11:57:54 方策 sit_up_ln23_r2 を読み込みました。UserCtrl へ入ります
2026-09-03 11:57:54 UserCtrl進入: いまのFSM = 802
2026-09-03 11:57:54 802で静止待ち 0.0秒 (関節速度 最大0.027rad/s)
2026-09-03 11:57:54 SwitchToUserCtrl(7110) → code=0 (0.00秒)  ※このACKは成否を表さない
2026-09-03 11:57:54 FSM 1000(UserCtrl)を確認(0.2秒)
2026-09-03 11:57:54 所有を確認: 左肩ピッチ +0.060rad指令 → 実測0.072rad / トルク-2.1Nm  掴んだ姿勢からのずれ 0.175rad
2026-09-03 11:57:54 ★UserCtrl取得 → 待たずに方策を開始します(静的保持を挟まない)
2026-09-03 11:57:54 引き継ぎ計測: 傾き6.0度 角速度0.29rad/s 開始姿勢のずれ 最大0.36rad (right_hip_pitch 0.36, right_ankle_pitch 0.25, left_hip_pitch 0.24)
2026-09-03 11:57:54 ヨー合わせ: 実測の向きが参照より+72.1度ずれていたので参照側の座標系へ揃えました(2026-08-27より。これをしないと方策は向きの修正を同時にやろうとして膝の左右差が開きます)
2026-09-03 11:57:54 補助: ★未記入 — 記録してください  ★立つモードで自立できていたかどうかが結果を決めている疑い
2026-09-03 11:57:54 ── run007 開始 (cockpit_20260903_114310)
2026-09-03 11:57:54 フェーズ開始: sit_up_ln23_r2(395コマ / 7.9秒)  温度 膝 L36/R36度  足首 L43/R44度  最大51度(j23)
2026-09-03 11:57:54 方策開始: 1コマ目の跳び 0.057rad (left_ankle_pitch / 2N·m)  ランプ 0.30秒 / 参照ブレンド 0.50秒  ※完走回の実測は0.459/0.556rad・転倒回は0.404〜0.718
2026-09-03 11:58:02 制御周期: 中央20.1ms 最大45.3ms (50Hz / 規定50Hz)  25ms超え26%  推論 中央3.2ms 最大32.2ms  ※正常時の実測は 中央20.0ms / 25ms超え24%
2026-09-03 11:58:02 開始直後(0.6秒)の脚腰の追従誤差 最大 0.845rad (left_ankle_pitch)  ※完走回の実測は最大0.949・転倒回は1.112(2026-08-26時点)
2026-09-03 11:58:02 フェーズ完走: sit_up_ln23_r2  温度 膝 L36/R36度  足首 L43/R44度  最大51度(j23)
2026-09-03 11:58:02 sit_up_ln23_r2 完了。全フェーズ終了 — 方策で姿勢維持中
2026-09-03 11:58:11 標準モード damp
2026-09-03 11:58:20 標準モード zero
2026-09-03 11:58:28 標準モード damp
2026-09-03 11:58:36 標準モード stand
2026-09-03 11:59:43 方策 sit_up_ln23_r2 を読み込みました。UserCtrl へ入ります
2026-09-03 11:59:43 UserCtrl進入: いまのFSM = 802
2026-09-03 11:59:43 802で静止待ち 0.0秒 (関節速度 最大0.017rad/s)
2026-09-03 11:59:43 SwitchToUserCtrl(7110) → code=0 (0.00秒)  ※このACKは成否を表さない
2026-09-03 11:59:43 FSM 1000(UserCtrl)を確認(0.2秒)
2026-09-03 11:59:43 所有を確認: 左肩ピッチ +0.060rad指令 → 実測0.058rad / トルク-0.9Nm  掴んだ姿勢からのずれ 0.130rad
2026-09-03 11:59:43 ★UserCtrl取得 → 待たずに方策を開始します(静的保持を挟まない)
2026-09-03 11:59:43 引き継ぎ計測: 傾き5.3度 角速度0.35rad/s 開始姿勢のずれ 最大0.12rad (right_knee 0.12, right_hip_pitch 0.11, right_wrist_roll 0.10)
2026-09-03 11:59:43 ヨー合わせ: 実測の向きが参照より+66.5度ずれていたので参照側の座標系へ揃えました(2026-08-27より。これをしないと方策は向きの修正を同時にやろうとして膝の左右差が開きます)
2026-09-03 11:59:43 補助: ★未記入 — 記録してください  ★立つモードで自立できていたかどうかが結果を決めている疑い
2026-09-03 11:59:43 ── run008 開始 (cockpit_20260903_114310)
2026-09-03 11:59:43 フェーズ開始: sit_up_ln23_r2(395コマ / 7.9秒)  温度 膝 L37/R36度  足首 L44/R44度  最大50度(j22)
2026-09-03 11:59:43 方策開始: 1コマ目の跳び 0.029rad (left_ankle_pitch / 1N·m)  ランプ 0.30秒 / 参照ブレンド 0.50秒  ※完走回の実測は0.459/0.556rad・転倒回は0.404〜0.718
2026-09-03 11:59:51 制御周期: 中央20.0ms 最大45.0ms (50Hz / 規定50Hz)  25ms超え26%  推論 中央3.3ms 最大28.5ms  ※正常時の実測は 中央20.0ms / 25ms超え24%
2026-09-03 11:59:51 開始直後(0.6秒)の脚腰の追従誤差 最大 0.332rad (right_ankle_pitch)  ※完走回の実測は最大0.949・転倒回は1.112(2026-08-26時点)
2026-09-03 11:59:51 フェーズ完走: sit_up_ln23_r2  温度 膝 L37/R36度  足首 L44/R44度  最大50度(j22)
2026-09-03 11:59:51 sit_up_ln23_r2 完了。全フェーズ終了 — 方策で姿勢維持中
2026-09-03 12:00:24 標準モード zero
2026-09-03 12:00:56 標準モード damp
2026-09-03 12:01:04 標準モード stand
2026-09-03 12:03:03 方策 sit_up_ln23_r2 を読み込みました。UserCtrl へ入ります
2026-09-03 12:03:03 UserCtrl進入: いまのFSM = 802
2026-09-03 12:03:03 802で静止待ち 0.0秒 (関節速度 最大0.034rad/s)
2026-09-03 12:03:04 SwitchToUserCtrl(7110) → code=0 (0.00秒)  ※このACKは成否を表さない
2026-09-03 12:03:04 FSM 1000(UserCtrl)を確認(0.2秒)
2026-09-03 12:03:04 所有を確認: 左肩ピッチ +0.060rad指令 → 実測0.052rad / トルク-0.5Nm  掴んだ姿勢からのずれ 0.073rad
2026-09-03 12:03:04 ★UserCtrl取得 → 待たずに方策を開始します(静的保持を挟まない)
2026-09-03 12:03:04 引き継ぎ計測: 傾き3.6度 角速度0.23rad/s 開始姿勢のずれ 最大0.33rad (right_knee 0.33, right_hip_pitch 0.27, left_knee 0.23)
2026-09-03 12:03:04 ヨー合わせ: 実測の向きが参照より+67.4度ずれていたので参照側の座標系へ揃えました(2026-08-27より。これをしないと方策は向きの修正を同時にやろうとして膝の左右差が開きます)
2026-09-03 12:03:04 補助: ★未記入 — 記録してください  ★立つモードで自立できていたかどうかが結果を決めている疑い
2026-09-03 12:03:04 ── run009 開始 (cockpit_20260903_114310)
2026-09-03 12:03:04 フェーズ開始: sit_up_ln23_r2(395コマ / 7.9秒)  温度 膝 L37/R36度  足首 L45/R45度  最大50度(j22)
2026-09-03 12:03:04 方策開始: 1コマ目の跳び 0.041rad (left_ankle_pitch / 2N·m)  ランプ 0.30秒 / 参照ブレンド 0.50秒  ※完走回の実測は0.459/0.556rad・転倒回は0.404〜0.718
2026-09-03 12:03:12 制御周期: 中央20.1ms 最大40.8ms (50Hz / 規定50Hz)  25ms超え26%  推論 中央3.9ms 最大32.2ms  ※正常時の実測は 中央20.0ms / 25ms超え24%
2026-09-03 12:03:12 開始直後(0.6秒)の脚腰の追従誤差 最大 0.249rad (left_hip_pitch)  ※完走回の実測は最大0.949・転倒回は1.112(2026-08-26時点)
2026-09-03 12:03:12 フェーズ完走: sit_up_ln23_r2  温度 膝 L37/R36度  足首 L45/R45度  最大50度(j22)
2026-09-03 12:03:12 sit_up_ln23_r2 完了。全フェーズ終了 — 方策で姿勢維持中
2026-09-03 12:04:46 標準モード damp
2026-09-03 12:06:32 方策 sit_up_ln23_r2 を読み込みました。UserCtrl へ入ります
2026-09-03 12:06:32 UserCtrl進入: いまのFSM = 802
2026-09-03 12:06:32 802で静止待ち 0.0秒 (関節速度 最大0.048rad/s)
2026-09-03 12:06:32 SwitchToUserCtrl(7110) → code=0 (0.00秒)  ※このACKは成否を表さない
2026-09-03 12:06:32 FSM 1000(UserCtrl)を確認(0.2秒)
2026-09-03 12:06:32 所有を確認: 左肩ピッチ +0.060rad指令 → 実測0.057rad / トルク-0.9Nm  掴んだ姿勢からのずれ 0.058rad
2026-09-03 12:06:32 ★UserCtrl取得 → 待たずに方策を開始します(静的保持を挟まない)
2026-09-03 12:06:32 引き継ぎ計測: 傾き3.8度 角速度0.18rad/s 開始姿勢のずれ 最大0.31rad (right_knee 0.31, right_hip_pitch 0.29, left_knee 0.26)
2026-09-03 12:06:32 ヨー合わせ: 実測の向きが参照より+149.3度ずれていたので参照側の座標系へ揃えました(2026-08-27より。これをしないと方策は向きの修正を同時にやろうとして膝の左右差が開きます)
2026-09-03 12:06:32 補助: ★未記入 — 記録してください  ★立つモードで自立できていたかどうかが結果を決めている疑い
2026-09-03 12:06:32 ── run010 開始 (cockpit_20260903_114310)
2026-09-03 12:06:32 フェーズ開始: sit_up_ln23_r2(395コマ / 7.9秒)  温度 膝 L38/R36度  足首 L46/R45度  最大55度(j22)
2026-09-03 12:06:33 方策開始: 1コマ目の跳び 0.041rad (left_ankle_pitch / 2N·m)  ランプ 0.30秒 / 参照ブレンド 0.50秒  ※完走回の実測は0.459/0.556rad・転倒回は0.404〜0.718
2026-09-03 12:06:41 制御周期: 中央20.0ms 最大45.3ms (50Hz / 規定50Hz)  25ms超え27%  推論 中央3.3ms 最大28.4ms  ※正常時の実測は 中央20.0ms / 25ms超え24%
2026-09-03 12:06:41 開始直後(0.6秒)の脚腰の追従誤差 最大 0.336rad (left_ankle_pitch)  ※完走回の実測は最大0.949・転倒回は1.112(2026-08-26時点)
2026-09-03 12:06:41 フェーズ完走: sit_up_ln23_r2  温度 膝 L38/R37度  足首 L46/R46度  最大55度(j22)
2026-09-03 12:06:41 sit_up_ln23_r2 完了。全フェーズ終了 — 方策で姿勢維持中
2026-09-03 12:08:17 ★DAMP: 受信途絶(202ms)
2026-09-03 12:11:58 E-STOPラッチを解除しました(標準モード damp)
2026-09-03 12:11:58 標準モード damp
2026-09-03 12:14:51 方策 sit_up_ln23_r2 を読み込みました。UserCtrl へ入ります
2026-09-03 12:14:51 UserCtrl進入: いまのFSM = 802
2026-09-03 12:14:51 802で静止待ち 0.0秒 (関節速度 最大0.082rad/s)
2026-09-03 12:14:52 SwitchToUserCtrl(7110) → code=0 (0.00秒)  ※このACKは成否を表さない
2026-09-03 12:14:52 FSM 1000(UserCtrl)を確認(0.2秒)
2026-09-03 12:14:52 所有を確認: 左肩ピッチ +0.060rad指令 → 実測0.056rad / トルク-0.9Nm  掴んだ姿勢からのずれ 0.200rad
2026-09-03 12:14:52 ★UserCtrl取得 → 待たずに方策を開始します(静的保持を挟まない)
2026-09-03 12:14:52 引き継ぎ計測: 傾き7.6度 角速度0.54rad/s 開始姿勢のずれ 最大0.22rad (left_knee 0.22, right_ankle_roll 0.19, right_knee 0.18)
2026-09-03 12:14:52 ヨー合わせ: 実測の向きが参照より+69.3度ずれていたので参照側の座標系へ揃えました(2026-08-27より。これをしないと方策は向きの修正を同時にやろうとして膝の左右差が開きます)
2026-09-03 12:14:52 補助: ★未記入 — 記録してください  ★立つモードで自立できていたかどうかが結果を決めている疑い
2026-09-03 12:14:52 ── run011 開始 (cockpit_20260903_114310)
2026-09-03 12:14:52 フェーズ開始: sit_up_ln23_r2(395コマ / 7.9秒)  温度 膝 L40/R38度  足首 L47/R46度  最大53度(j22)
2026-09-03 12:14:52 方策開始: 1コマ目の跳び 0.023rad (left_ankle_roll / 1N·m)  ランプ 0.30秒 / 参照ブレンド 0.50秒  ※完走回の実測は0.459/0.556rad・転倒回は0.404〜0.718
2026-09-03 12:15:00 制御周期: 中央20.1ms 最大45.3ms (50Hz / 規定50Hz)  25ms超え26%  推論 中央4.7ms 最大33.4ms  ※正常時の実測は 中央20.0ms / 25ms超え24%
2026-09-03 12:15:00 開始直後(0.6秒)の脚腰の追従誤差 最大 0.857rad (left_ankle_pitch)  ※完走回の実測は最大0.949・転倒回は1.112(2026-08-26時点)
2026-09-03 12:15:00 フェーズ完走: sit_up_ln23_r2  温度 膝 L40/R38度  足首 L47/R46度  最大53度(j22)
2026-09-03 12:15:00 sit_up_ln23_r2 完了。全フェーズ終了 — 方策で姿勢維持中
2026-09-03 12:15:37 標準モード damp
