2026-08-27 12:24:29 引き継ぎ計測: 傾き7.4度 角速度0.02rad/s 開始姿勢のずれ 最大1.00rad (right_elbow 1.00, left_elbow 1.00, right_hip_yaw 0.38)
2026-08-27 12:24:29 ── run001 開始 (cockpit_20260827_122429)
2026-08-27 12:24:29 フェーズ開始: sit_up_dp4_r2(395コマ / 7.9秒)  温度 膝 L37/R37度  足首 L44/R44度  最大47度(j14)
2026-08-27 12:24:29 方策開始: 1コマ目の跳び 0.019rad (right_ankle_pitch / 1N·m)  ランプ 0.30秒 / 参照ブレンド 0.50秒  ※完走回の実測は0.459/0.556rad・転倒回は0.404〜0.718
2026-08-27 12:24:37 制御周期: 中央1.0ms 最大1.0ms (1000Hz / 規定50Hz)
2026-08-27 12:24:37 開始直後(0.6秒)の脚腰の追従誤差 最大 0.784rad (left_ankle_pitch)  ※完走回の実測は最大0.949・転倒回は1.112(2026-08-26時点)
2026-08-27 12:24:37 フェーズ完走: sit_up_dp4_r2  温度 膝 L37/R37度  足首 L44/R44度  最大47度(j14)
2026-08-27 12:24:37 sit_up_dp4_r2 完了。全フェーズ終了 — 方策で姿勢維持中
2026-08-27 12:24:55 標準モード damp
2026-08-27 12:25:47 標準モード damp
2026-08-27 12:25:47 標準モード damp
2026-08-27 12:26:16 標準モード stand
2026-08-27 12:26:48 指令の到達を確認: OK(実測0.050rad / トルク-0.1Nm)
2026-08-27 12:26:48 カスタム制御へ引き継ぎ(現姿勢を保持中 傾き1度)。★このPD保持ではバランスは取れません — 支えたまま、速やかに方策を開始するか[ダンプ]へ戻すこと
2026-08-27 12:27:25 引き継ぎ計測: 傾き6.9度 角速度0.01rad/s 開始姿勢のずれ 最大1.00rad (right_elbow 1.00, left_elbow 1.00, right_hip_yaw 0.33)
2026-08-27 12:27:25 ── run002 開始 (cockpit_20260827_122429)
2026-08-27 12:27:25 フェーズ開始: sit_up_dp4_r2(395コマ / 7.9秒)  温度 膝 L37/R37度  足首 L44/R44度  最大47度(j14)
2026-08-27 12:27:25 方策開始: 1コマ目の跳び 0.018rad (right_ankle_pitch / 1N·m)  ランプ 0.30秒 / 参照ブレンド 0.50秒  ※完走回の実測は0.459/0.556rad・転倒回は0.404〜0.718
2026-08-27 12:27:25 ★DAMP: 傾き40度
2026-08-27 12:27:38 E-STOPラッチを解除しました(標準モード damp)
2026-08-27 12:27:44 標準モード damp
2026-08-27 12:37:46 指令の到達を確認: OK(実測0.052rad / トルク-0.4Nm)
2026-08-27 12:37:46 カスタム制御へ引き継ぎ(現姿勢を保持中 傾き3度)。★このPD保持ではバランスは取れません — 支えたまま、速やかに方策を開始するか[ダンプ]へ戻すこと
2026-08-27 12:38:00 引き継ぎ計測: 傾き5.5度 角速度0.01rad/s 開始姿勢のずれ 最大1.00rad (right_elbow 1.00, left_elbow 0.99, right_hip_yaw 0.39)
2026-08-27 12:38:00 ── run003 開始 (cockpit_20260827_122429)
2026-08-27 12:38:00 フェーズ開始: sit_up_dp4_r2(395コマ / 7.9秒)  温度 膝 L37/R37度  足首 L44/R45度  最大47度(j14)
2026-08-27 12:38:00 方策開始: 1コマ目の跳び 0.021rad (left_ankle_pitch / 1N·m)  ランプ 0.30秒 / 参照ブレンド 0.50秒  ※完走回の実測は0.459/0.556rad・転倒回は0.404〜0.718
2026-08-27 12:38:08 制御周期: 中央1.0ms 最大1.0ms (1000Hz / 規定50Hz)
2026-08-27 12:38:08 開始直後(0.6秒)の脚腰の追従誤差 最大 0.875rad (left_ankle_pitch)  ※完走回の実測は最大0.949・転倒回は1.112(2026-08-26時点)
2026-08-27 12:38:08 フェーズ完走: sit_up_dp4_r2  温度 膝 L37/R37度  足首 L44/R45度  最大48度(j27)
2026-08-27 12:38:08 sit_up_dp4_r2 完了。全フェーズ終了 — 方策で姿勢維持中
2026-08-27 12:39:11 標準モード damp
2026-08-27 12:44:53 内蔵制御から引き継ぎます(姿勢を保持したまま解放) 角速度0.00rad/s
2026-08-27 12:44:53 指令の到達を確認: OK — 左肩ピッチを+0.060rad指令 → 実測0.051rad / トルク-0.3Nm(他の関節は保持したまま)
2026-08-27 12:44:53 解放から方策開始まで 0.53秒(傾き2度)
2026-08-27 12:44:53 引き継ぎ計測: 傾き1.9度 角速度0.39rad/s 開始姿勢のずれ 最大1.00rad (left_elbow 1.00, right_elbow 0.99, right_hip_yaw 0.38)
2026-08-27 12:44:53 ── run004 開始 (cockpit_20260827_122429)
2026-08-27 12:44:53 フェーズ開始: sit_up_dp4_r2(395コマ / 7.9秒)  温度 膝 L37/R37度  足首 L45/R45度  最大48度(j14)
2026-08-27 12:44:53 方策開始: 1コマ目の跳び 0.029rad (left_ankle_pitch / 1N·m)  ランプ 0.30秒 / 参照ブレンド 0.50秒  ※完走回の実測は0.459/0.556rad・転倒回は0.404〜0.718
2026-08-27 12:45:02 制御周期: 中央1.0ms 最大1.0ms (1000Hz / 規定50Hz)
2026-08-27 12:45:02 開始直後(0.6秒)の脚腰の追従誤差 最大 0.680rad (left_ankle_pitch)  ※完走回の実測は最大0.949・転倒回は1.112(2026-08-26時点)
2026-08-27 12:45:02 フェーズ完走: sit_up_dp4_r2  温度 膝 L37/R37度  足首 L45/R45度  最大48度(j14)
2026-08-27 12:45:02 sit_up_dp4_r2 完了。全フェーズ終了 — 方策で姿勢維持中
2026-08-27 12:45:30 標準モード damp
2026-08-27 12:45:51 標準モード damp
2026-08-27 12:46:09 標準モード damp
2026-08-27 12:46:22 標準モード zero
2026-08-27 12:46:29 標準モード damp
2026-08-27 12:46:39 標準モード stand
2026-08-27 12:46:55 指令の到達を確認: OK(実測0.049rad / トルク0.2Nm)
2026-08-27 12:46:55 カスタム制御へ引き継ぎ(現姿勢を保持中 傾き1度)。★このPD保持ではバランスは取れません — 支えたまま、速やかに方策を開始するか[ダンプ]へ戻すこと
2026-08-27 12:47:24 引き継ぎ計測: 傾き7.8度 角速度0.01rad/s 開始姿勢のずれ 最大1.00rad (right_elbow 1.00, left_elbow 1.00, right_hip_yaw 0.34)
2026-08-27 12:47:24 ── run005 開始 (cockpit_20260827_122429)
2026-08-27 12:47:24 フェーズ開始: sit_up_dp4_r2(395コマ / 7.9秒)  温度 膝 L37/R37度  足首 L45/R45度  最大48度(j14)
2026-08-27 12:47:24 方策開始: 1コマ目の跳び 0.018rad (right_ankle_pitch / 1N·m)  ランプ 0.30秒 / 参照ブレンド 0.50秒  ※完走回の実測は0.459/0.556rad・転倒回は0.404〜0.718
2026-08-27 12:47:25 ★DAMP: 傾き40度
