2026-09-04 13:07:49 (sim)開始位置に両足立位で配置しました
2026-09-04 13:07:51 内蔵制御から引き継ぎます(姿勢を保持したまま解放) 角速度0.00rad/s
2026-09-04 13:07:51 指令の到達を確認: OK — 左肩ピッチを+0.060rad指令 → 実測0.060rad / トルク0.0Nm(他の関節は保持したまま)
2026-09-04 13:07:51 解放から方策開始まで 0.30秒(傾き9度)
2026-09-04 13:07:51 引き継ぎ計測: 傾き9.2度 角速度0.00rad/s 開始姿勢のずれ 最大0.45rad (right_knee 0.45, right_hip_pitch 0.30, left_elbow 0.28)
2026-09-04 13:07:51 ヨー合わせ: 実測の向きが参照より-164.7度ずれていたので参照側の座標系へ揃えました(2026-08-27より。これをしないと方策は向きの修正を同時にやろうとして膝の左右差が開きます)
2026-09-04 13:07:51 補助: ★未記入 — 記録してください  ★立つモードで自立できていたかどうかが結果を決めている疑い
2026-09-04 13:07:51 ── run001 開始 (cockpit_20260904_130748)
2026-09-04 13:07:51 フェーズ開始: sit_up_ln23_r2(395コマ / 7.9秒)  温度 膝 L0/R0度  足首 L0/R0度  最大0度(j0)
2026-09-04 13:07:51 方策開始: 1コマ目の跳び 0.026rad (left_ankle_pitch / 1N·m)  ランプ 0.30秒 / 参照ブレンド 0.50秒  ※完走回の実測は0.459/0.556rad・転倒回は0.404〜0.718
2026-09-04 13:07:52 ★DAMP: 傾き42度
2026-09-04 13:07:54 ★UI(通信)途絶 8秒: 内蔵制御のまま(何もしない)
2026-09-04 13:08:27 E-STOPラッチを解除しました(標準モード stand)
2026-09-04 13:08:27 標準モード stand
2026-09-04 13:08:27 (sim) sit_up_ln23_r2 の参照開始位置に立位で配置しました
2026-09-04 13:08:30 着座前の確認: OK(操作者の確認へ) / △まだ制御権が無い(押せば自動で引き継ぎます) / △接地チェック未実施 / ○傾き 0.0度(10度未満) / ○静止(関節速度RMS 0.000、0.10未満) / ○内蔵FSM 4(立位/歩行/UserCtrlのどれか) / △参照との向きのずれ 0.0度(開始時に自動で合わせる。椅子が真後ろかは目視) / △LiDAR未使用 — 椅子の位置は目視で確認 / △しゃがみ深さ 48度(65度未満なら成功率61%)
2026-09-04 13:08:33 着座を開始します(確認済み)
2026-09-04 13:08:33 内蔵制御から引き継ぎます(姿勢を保持したまま解放) 角速度0.00rad/s
2026-09-04 13:08:33 指令の到達を確認: OK — 左肩ピッチを+0.060rad指令 → 実測0.060rad / トルク0.0Nm(他の関節は保持したまま)
2026-09-04 13:08:33 解放から方策開始まで 0.30秒(傾き0度)
2026-09-04 13:08:33 引き継ぎ計測: 傾き0.0度 角速度0.00rad/s 開始姿勢のずれ 最大0.00rad (left_hip_pitch 0.00, left_hip_roll 0.00, left_hip_yaw 0.00)
2026-09-04 13:08:33 補助: ★未記入 — 記録してください  ★立つモードで自立できていたかどうかが結果を決めている疑い
2026-09-04 13:08:33 ── run002 開始 (cockpit_20260904_130748)
2026-09-04 13:08:33 フェーズ開始: sit_up_ln23_r2(395コマ / 7.9秒)  温度 膝 L0/R0度  足首 L0/R0度  最大0度(j0)
2026-09-04 13:08:33 方策開始: 1コマ目の跳び 0.023rad (left_ankle_pitch / 1N·m)  ランプ 0.30秒 / 参照ブレンド 0.50秒  ※完走回の実測は0.459/0.556rad・転倒回は0.404〜0.718
2026-09-04 13:08:41 着座の形: 座面接触 1.44秒(参照1.9) / 骨盤の後退 接触時+18→終端+23cm(参照+32) / 膝の前方 終端+12cm(参照+4) / 膝角 参照より+14度 / ヨー 接触時-8.1度→終端-3度(うち足の滑り-4度)
2026-09-04 13:08:41 制御周期: 中央20.2ms 最大57.8ms (49Hz / 規定50Hz)  25ms超え13%  推論 中央12.0ms 最大30.3ms  ※正常時の実測は 中央20.0ms / 25ms超え24%
2026-09-04 13:08:41 開始直後(0.6秒)の脚腰の追従誤差 最大 0.210rad (left_ankle_pitch)  ※完走回の実測は最大0.949・転倒回は1.112(2026-08-26時点)
2026-09-04 13:08:41 フェーズ完走: sit_up_ln23_r2  温度 膝 L0/R0度  足首 L0/R0度  最大0度(j0)
2026-09-04 13:08:41 sit_up_ln23_r2 完了。全フェーズ終了 — 方策で姿勢維持中
2026-09-04 13:08:41 完了後の自動移行: ダンプ へ渡します
2026-09-04 13:08:41 UI途絶のまま方策で姿勢維持中(47秒) 温度 最大0度
2026-09-04 13:08:42 UI(通信)途絶中のため、完了後の自動移行は行いません — 方策で姿勢を保持し続けます(UIが戻ったら手動で)
2026-09-04 13:09:12 UI途絶のまま方策で姿勢維持中(77秒) 温度 最大0度
2026-09-04 13:09:42 UI途絶のまま方策で姿勢維持中(107秒) 温度 最大0度
