2026-08-28 11:56:57 引き継ぎ計測: 傾き7.3度 角速度0.32rad/s 開始姿勢のずれ 最大0.36rad (right_hip_yaw 0.36, left_hip_yaw 0.27, left_hip_pitch 0.23)
2026-08-28 11:56:57 ヨー合わせ: 実測の向きが参照より+61.0度ずれていたので参照側の座標系へ揃えました(2026-08-27より。これをしないと方策は向きの修正を同時にやろうとして膝の左右差が開きます)
2026-08-28 11:56:57 補助: ★未記入 — 記録してください  ★立つモードで自立できていたかどうかが結果を決めている疑い
2026-08-28 11:56:57 ── run001 開始 (cockpit_20260828_115655)
2026-08-28 11:56:57 フェーズ開始: sit_up_ar1_r2(395コマ / 7.9秒)  温度 膝 L38/R38度  足首 L46/R46度  最大49度(j22)
2026-08-28 11:56:57 方策開始: 1コマ目の跳び 0.056rad (left_ankle_pitch / 2N·m)  ランプ 0.30秒 / 参照ブレンド 0.50秒  ※完走回の実測は0.459/0.556rad・転倒回は0.404〜0.718
2026-08-28 11:57:02 打ち切り 245コマ(4.90秒)。以降はこのコマの姿勢で保持します(最終コマではなく★打ち切ったコマ。2026-08-28修正)
2026-08-28 11:57:02 制御周期: 中央20.1ms 最大45.3ms (50Hz / 規定50Hz)  25ms超え25%  推論 中央3.2ms 最大28.3ms  ※正常時の実測は 中央20.0ms / 25ms超え24%
2026-08-28 11:57:02 開始直後(0.6秒)の脚腰の追従誤差 最大 0.934rad (left_ankle_pitch)  ※完走回の実測は最大0.949・転倒回は1.112(2026-08-26時点)
2026-08-28 11:57:02 フェーズ完走: sit_up_ar1_r2  温度 膝 L38/R38度  足首 L46/R46度  最大50度(j16)
2026-08-28 11:57:02 sit_up_ar1_r2 完了。全フェーズ終了 — 方策で姿勢維持中
2026-08-28 11:57:13 標準モード damp
2026-08-28 11:57:22 標準モード zero
2026-08-28 11:58:04 標準モード damp
2026-08-28 11:58:12 標準モード stand
2026-08-28 11:58:32 方策 sit_up_ar1_r2 を読み込みました。UserCtrl へ入ります
2026-08-28 11:58:32 UserCtrl進入: いまのFSM = 4
2026-08-28 11:58:32 ★FSM 802(走行)へ遷移します — 走行制御が動きます。リモコンE-STOPを握ってください
2026-08-28 11:58:33 FSM 802 に到達(0.4秒)
2026-08-28 11:58:33 802で静止待ち 0.4秒 (関節速度 最大0.080rad/s)
2026-08-28 11:58:33 SwitchToUserCtrl(7110) → code=0 (0.00秒)  ※このACKは成否を表さない
2026-08-28 11:58:34 FSM 1000(UserCtrl)を確認(0.2秒)
2026-08-28 11:58:34 所有を確認: 左肩ピッチ +0.060rad指令 → 実測0.071rad / トルク-2.2Nm  掴んだ姿勢からのずれ 0.181rad
2026-08-28 11:58:34 ★UserCtrl取得 → 待たずに方策を開始します(静的保持を挟まない)
2026-08-28 11:58:34 引き継ぎ計測: 傾き8.9度 角速度0.39rad/s 開始姿勢のずれ 最大0.38rad (right_hip_yaw 0.38, right_hip_pitch 0.25, left_hip_yaw 0.24)
2026-08-28 11:58:34 ヨー合わせ: 実測の向きが参照より+66.4度ずれていたので参照側の座標系へ揃えました(2026-08-27より。これをしないと方策は向きの修正を同時にやろうとして膝の左右差が開きます)
2026-08-28 11:58:34 補助: ★未記入 — 記録してください  ★立つモードで自立できていたかどうかが結果を決めている疑い
2026-08-28 11:58:34 ── run002 開始 (cockpit_20260828_115655)
2026-08-28 11:58:34 フェーズ開始: sit_up_ar1_r2(395コマ / 7.9秒)  温度 膝 L38/R38度  足首 L46/R46度  最大51度(j22)
2026-08-28 11:58:34 方策開始: 1コマ目の跳び 0.059rad (left_ankle_pitch / 2N·m)  ランプ 0.30秒 / 参照ブレンド 0.50秒  ※完走回の実測は0.459/0.556rad・転倒回は0.404〜0.718
2026-08-28 11:58:39 打ち切り 245コマ(4.90秒)。以降はこのコマの姿勢で保持します(最終コマではなく★打ち切ったコマ。2026-08-28修正)
2026-08-28 11:58:39 制御周期: 中央20.1ms 最大47.1ms (50Hz / 規定50Hz)  25ms超え24%  推論 中央2.7ms 最大29.3ms  ※正常時の実測は 中央20.0ms / 25ms超え24%
2026-08-28 11:58:39 開始直後(0.6秒)の脚腰の追従誤差 最大 0.955rad (left_ankle_pitch)  ※完走回の実測は最大0.949・転倒回は1.112(2026-08-26時点)
2026-08-28 11:58:39 フェーズ完走: sit_up_ar1_r2  温度 膝 L38/R38度  足首 L46/R46度  最大51度(j22)
2026-08-28 11:58:39 sit_up_ar1_r2 完了。全フェーズ終了 — 方策で姿勢維持中
2026-08-28 11:58:43 標準モード damp
