2026-08-27 14:30:19 引き継ぎ計測: 傾き8.9度 角速度0.38rad/s 開始姿勢のずれ 最大1.21rad (left_elbow 1.21, right_elbow 1.21, right_hip_yaw 0.36)
2026-08-27 14:30:19 ヨー合わせ: 実測の向きが参照より+89.1度ずれていたので参照側の座標系へ揃えました(2026-08-27より。これをしないと方策は向きの修正を同時にやろうとして膝の左右差が開きます)
2026-08-27 14:30:19 ── run001 開始 (cockpit_20260827_143018)
2026-08-27 14:30:19 フェーズ開始: sit_up_dp4_r2(395コマ / 7.9秒)  温度 膝 L39/R38度  足首 L44/R44度  最大47度(j14)
2026-08-27 14:30:19 方策開始: 1コマ目の跳び 0.045rad (left_ankle_pitch / 2N·m)  ランプ 0.30秒 / 参照ブレンド 0.50秒  ※完走回の実測は0.459/0.556rad・転倒回は0.404〜0.718
2026-08-27 14:30:27 制御周期: 中央1.0ms 最大1.0ms (1000Hz / 規定50Hz)
2026-08-27 14:30:27 開始直後(0.6秒)の脚腰の追従誤差 最大 0.898rad (left_ankle_pitch)  ※完走回の実測は最大0.949・転倒回は1.112(2026-08-26時点)
2026-08-27 14:30:27 フェーズ完走: sit_up_dp4_r2  温度 膝 L39/R38度  足首 L44/R44度  最大47度(j14)
2026-08-27 14:30:27 sit_up_dp4_r2 完了。全フェーズ終了 — 方策で姿勢維持中
2026-08-27 14:30:31 標準モード zero
2026-08-27 14:30:35 標準モード damp
2026-08-27 14:30:41 標準モード zero
2026-08-27 14:30:58 標準モード damp
2026-08-27 14:31:04 標準モード stand
2026-08-27 14:31:16 ★指令が届いていません — 指令が届いていない(mode_pr / 二重publish / 制御権を疑う)(実測-0.000rad / トルク0.4Nm) — 取り直します
2026-08-27 14:31:16 ★指令が届いていません — 指令が届いていない(mode_pr / 二重publish / 制御権を疑う)(実測0.000rad / トルク0.3Nm) — 取り直します
2026-08-27 14:31:17 ★制御権を取れませんでした(指令が届いていない(mode_pr / 二重publish / 制御権を疑う) / 実測-0.006rad)。膝から崩れるのでダンプへ逃がします — 機体を支えてください。純正standからやり直すこと
2026-08-27 14:31:24 ★標準モード damp を処理中です。少し待ってください
2026-08-27 14:31:29 標準モード damp
2026-08-27 14:31:36 標準モード damp
2026-08-27 14:31:38 標準モード zero
2026-08-27 14:31:53 標準モード damp
2026-08-27 14:31:59 標準モード stand
2026-08-27 14:32:15 指令の到達を確認: OK(実測0.000rad / トルク0.7Nm)
2026-08-27 14:32:15 カスタム制御へ引き継ぎ(現姿勢を保持中 傾き2度)。★このPD保持ではバランスは取れません — 支えたまま、速やかに方策を開始するか[ダンプ]へ戻すこと
2026-08-27 14:32:32 ★標準モード zero を処理中です。少し待ってください
2026-08-27 14:32:34 標準モード zero
2026-08-27 14:32:45 標準モード damp
2026-08-27 14:32:54 標準モード stand
2026-08-27 14:33:15 ★指令が届いていません — 指令が届いていない(mode_pr / 二重publish / 制御権を疑う)(実測-0.000rad / トルク0.1Nm) — 取り直します
2026-08-27 14:33:15 ★指令が届いていません — 指令が届いていない(mode_pr / 二重publish / 制御権を疑う)(実測0.000rad / トルク0.2Nm) — 取り直します
2026-08-27 14:33:15 ★制御権を取れませんでした(指令が届いていない(mode_pr / 二重publish / 制御権を疑う) / 実測-0.005rad)。膝から崩れるのでダンプへ逃がします — 機体を支えてください。純正standからやり直すこと
2026-08-27 14:33:36 標準モード zero
2026-08-27 14:33:45 標準モード damp
2026-08-27 14:33:53 標準モード stand
2026-08-27 14:34:09 ★指令が届いていません — 指令が届いていない(mode_pr / 二重publish / 制御権を疑う)(実測0.000rad / トルク0.2Nm) — 取り直します
2026-08-27 14:34:09 ★指令が届いていません — 指令が届いていない(mode_pr / 二重publish / 制御権を疑う)(実測0.000rad / トルク0.2Nm) — 取り直します
2026-08-27 14:34:10 ★制御権を取れませんでした(指令が届いていない(mode_pr / 二重publish / 制御権を疑う) / 実測-0.007rad)。膝から崩れるのでダンプへ逃がします — 機体を支えてください。純正standからやり直すこと
2026-08-27 14:34:36 標準モード zero
2026-08-27 14:34:55 標準モード damp
2026-08-27 14:35:02 標準モード stand
2026-08-27 14:35:29 方策 sit_up_dp4_r2 を読み込みました。UserCtrl へ入ります
2026-08-27 14:35:29 UserCtrl進入: いまのFSM = 4
2026-08-27 14:35:29 ★FSM 802(走行)へ遷移します — 走行制御が動きます。リモコンE-STOPを握ってください
2026-08-27 14:35:29 FSM 802 に到達(0.4秒)
2026-08-27 14:35:30 802で静止待ち 0.4秒 (関節速度 最大0.112rad/s)
2026-08-27 14:35:30 SwitchToUserCtrl(7110) → code=0 (0.00秒)  ※このACKは成否を表さない
2026-08-27 14:35:30 FSM 1000(UserCtrl)を確認(0.2秒)
2026-08-27 14:35:30 所有を確認: 左肩ピッチ +0.060rad指令 → 実測0.071rad / トルク-2.1Nm  掴んだ姿勢からのずれ 0.167rad
2026-08-27 14:35:30 ★UserCtrl取得 → 待たずに方策を開始します(静的保持を挟まない)
2026-08-27 14:35:30 引き継ぎ計測: 傾き8.7度 角速度0.43rad/s 開始姿勢のずれ 最大1.23rad (right_elbow 1.23, left_elbow 1.21, right_hip_yaw 0.35)
2026-08-27 14:35:31 ヨー合わせ: 実測の向きが参照より+95.8度ずれていたので参照側の座標系へ揃えました(2026-08-27より。これをしないと方策は向きの修正を同時にやろうとして膝の左右差が開きます)
2026-08-27 14:35:31 ── run002 開始 (cockpit_20260827_143018)
2026-08-27 14:35:31 フェーズ開始: sit_up_dp4_r2(395コマ / 7.9秒)  温度 膝 L39/R38度  足首 L44/R44度  最大47度(j14)
2026-08-27 14:35:31 方策開始: 1コマ目の跳び 0.044rad (left_ankle_pitch / 2N·m)  ランプ 0.30秒 / 参照ブレンド 0.50秒  ※完走回の実測は0.459/0.556rad・転倒回は0.404〜0.718
2026-08-27 14:35:40 制御周期: 中央1.0ms 最大1.0ms (1000Hz / 規定50Hz)
2026-08-27 14:35:40 開始直後(0.6秒)の脚腰の追従誤差 最大 0.833rad (left_ankle_pitch)  ※完走回の実測は最大0.949・転倒回は1.112(2026-08-26時点)
2026-08-27 14:35:40 フェーズ完走: sit_up_dp4_r2  温度 膝 L39/R38度  足首 L44/R44度  最大48度(j16)
2026-08-27 14:35:40 sit_up_dp4_r2 完了。全フェーズ終了 — 方策で姿勢維持中
2026-08-27 14:35:41 標準モード zero
2026-08-27 14:35:42 標準モード zero
2026-08-27 14:35:52 標準モード zero
2026-08-27 14:35:57 標準モード damp
2026-08-27 14:35:59 標準モード zero
2026-08-27 14:36:22 標準モード damp
2026-08-27 14:36:47 標準モード stand
2026-08-27 14:37:14 方策 sit_up_dp4_r2 を読み込みました。UserCtrl へ入ります
2026-08-27 14:37:14 UserCtrl進入: いまのFSM = 4
2026-08-27 14:37:14 ★FSM 802(走行)へ遷移します — 走行制御が動きます。リモコンE-STOPを握ってください
2026-08-27 14:37:14 FSM 802 に到達(0.4秒)
2026-08-27 14:37:15 802で静止待ち 0.4秒 (関節速度 最大0.101rad/s)
2026-08-27 14:37:15 SwitchToUserCtrl(7110) → code=0 (0.00秒)  ※このACKは成否を表さない
2026-08-27 14:37:15 FSM 1000(UserCtrl)を確認(0.2秒)
2026-08-27 14:37:15 所有を確認: 左肩ピッチ +0.060rad指令 → 実測0.076rad / トルク-2.6Nm  掴んだ姿勢からのずれ 0.203rad
2026-08-27 14:37:15 ★UserCtrl取得 → 待たずに方策を開始します(静的保持を挟まない)
2026-08-27 14:37:16 引き継ぎ計測: 傾き10.0度 角速度0.37rad/s 開始姿勢のずれ 最大1.21rad (right_elbow 1.21, left_elbow 1.17, right_hip_yaw 0.32)
2026-08-27 14:37:16 ヨー合わせ: 実測の向きが参照より+88.0度ずれていたので参照側の座標系へ揃えました(2026-08-27より。これをしないと方策は向きの修正を同時にやろうとして膝の左右差が開きます)
2026-08-27 14:37:16 ── run003 開始 (cockpit_20260827_143018)
2026-08-27 14:37:16 フェーズ開始: sit_up_dp4_r2(395コマ / 7.9秒)  温度 膝 L39/R39度  足首 L45/R45度  最大48度(j14)
2026-08-27 14:37:16 方策開始: 1コマ目の跳び 0.042rad (left_ankle_pitch / 2N·m)  ランプ 0.30秒 / 参照ブレンド 0.50秒  ※完走回の実測は0.459/0.556rad・転倒回は0.404〜0.718
2026-08-27 14:37:24 制御周期: 中央1.0ms 最大1.0ms (1000Hz / 規定50Hz)
2026-08-27 14:37:24 開始直後(0.6秒)の脚腰の追従誤差 最大 0.863rad (right_ankle_pitch)  ※完走回の実測は最大0.949・転倒回は1.112(2026-08-26時点)
2026-08-27 14:37:24 フェーズ完走: sit_up_dp4_r2  温度 膝 L39/R39度  足首 L45/R45度  最大49度(j16)
2026-08-27 14:37:24 sit_up_dp4_r2 完了。全フェーズ終了 — 方策で姿勢維持中
2026-08-27 14:37:25 標準モード damp
2026-08-27 14:37:31 標準モード zero
